interactions:
- request:
    body: '{"template_id": 184, "criteria": {"time_frame": {"end": 1549573947, "start":
      1549570347}, "traffic_expression": "host 10/8", "query": {"centricity": "hos",
      "columns": [5, 33, 34], "sort_column": 33, "group_by": "hos", "realm": "traffic_summary"}}}'
    headers:
      Accept: [application/json]
      Accept-Encoding: ['gzip, deflate']
      Connection: [keep-alive]
      Content-Length: ['247']
      Content-Type: [application/json]
      Cookie: [SESSID=0a3de32137447a1fc81dc65fa51a8ab2388a36da05dfc50f2523106ea6297e1c]
      User-Agent: [python-requests/2.21.0 SteelScript/2.0a1]
    method: POST
    uri: https://10.38.131.150/api/profiler/1.0/reporting/reports
  response:
    body: {string: "{\n\t\"status\": \"running\",\n\t\"user_id\": 1,\n\t\"name\":\
        \ \"\",\n\t\"percent\": 0,\n\t\"id\": 70974,\n\t\"remaining_seconds\": 0,\n\
        \t\"run_time\": 1549573946,\n\t\"saved\": false,\n\t\"template_id\": 184,\n\
        \t\"error_text\": \"\",\n\t\"size\": 0\n}"}
    headers:
      Cache-Control: ['no-store, no-cache, must-revalidate, max-age=0']
      Connection: [Keep-Alive]
      Content-Length: ['200']
      Content-Security-Policy: ['default-src https: data: ''unsafe-inline'' ''unsafe-eval'';
          frame-ancestors ''self''']
      Content-Type: [application/json]
      Date: ['Thu, 07 Feb 2019 21:12:26 GMT']
      Expires: ['0']
      Keep-Alive: [timeout=90]
      Location: [/api/profiler/1.0/reporting/reports/70974]
      Server: [Apache]
      Strict-Transport-Security: [max-age=31536000; includeSubDomains]
      X-Content-Type-Options: [nosniff]
      X-Frame-Options: [SAMEORIGIN]
      X-XSS-Protection: [1; mode=block]
    status: {code: 201, message: Created}
- request:
    body: null
    headers:
      Accept: [application/json]
      Accept-Encoding: ['gzip, deflate']
      Connection: [keep-alive]
      Content-Type: [application/json]
      Cookie: [SESSID=0a3de32137447a1fc81dc65fa51a8ab2388a36da05dfc50f2523106ea6297e1c]
      User-Agent: [python-requests/2.21.0 SteelScript/2.0a1]
    method: GET
    uri: https://10.38.131.150/api/profiler/1.0/reporting/reports/70974.json
  response:
    body: {string: "{\n\t\"status\": \"running\",\n\t\"user_id\": 1,\n\t\"name\":\
        \ \"\",\n\t\"percent\": 0,\n\t\"id\": 70974,\n\t\"remaining_seconds\": 0,\n\
        \t\"run_time\": 1549573946,\n\t\"saved\": false,\n\t\"template_id\": 184,\n\
        \t\"error_text\": \"\",\n\t\"size\": 0\n}"}
    headers:
      Cache-Control: ['no-store, no-cache, must-revalidate, max-age=0']
      Connection: [Keep-Alive]
      Content-Length: ['200']
      Content-Security-Policy: ['default-src https: data: ''unsafe-inline'' ''unsafe-eval'';
          frame-ancestors ''self''']
      Content-Type: [application/json]
      Date: ['Thu, 07 Feb 2019 21:12:27 GMT']
      Expires: ['0']
      Keep-Alive: [timeout=90]
      Server: [Apache]
      Strict-Transport-Security: [max-age=31536000; includeSubDomains]
      X-Content-Type-Options: [nosniff]
      X-Frame-Options: [SAMEORIGIN]
      X-XSS-Protection: [1; mode=block]
    status: {code: 200, message: OK}
- request:
    body: null
    headers:
      Accept: [application/json]
      Accept-Encoding: ['gzip, deflate']
      Connection: [keep-alive]
      Content-Type: [application/json]
      Cookie: [SESSID=0a3de32137447a1fc81dc65fa51a8ab2388a36da05dfc50f2523106ea6297e1c]
      User-Agent: [python-requests/2.21.0 SteelScript/2.0a1]
    method: GET
    uri: https://10.38.131.150/api/profiler/1.0/reporting/reports/70974.json
  response:
    body: {string: "{\n\t\"status\": \"completed\",\n\t\"user_id\": 1,\n\t\"name\"\
        : \"\",\n\t\"percent\": 100,\n\t\"id\": 70974,\n\t\"remaining_seconds\": 0,\n\
        \t\"run_time\": 1549573946,\n\t\"saved\": false,\n\t\"template_id\": 184,\n\
        \t\"error_text\": \"\",\n\t\"size\": 92\n}"}
    headers:
      Cache-Control: ['no-store, no-cache, must-revalidate, max-age=0']
      Connection: [Keep-Alive]
      Content-Length: ['205']
      Content-Security-Policy: ['default-src https: data: ''unsafe-inline'' ''unsafe-eval'';
          frame-ancestors ''self''']
      Content-Type: [application/json]
      Date: ['Thu, 07 Feb 2019 21:12:28 GMT']
      Expires: ['0']
      Keep-Alive: [timeout=90]
      Server: [Apache]
      Strict-Transport-Security: [max-age=31536000; includeSubDomains]
      X-Content-Type-Options: [nosniff]
      X-Frame-Options: [SAMEORIGIN]
      X-XSS-Protection: [1; mode=block]
    status: {code: 200, message: OK}
- request:
    body: null
    headers:
      Accept: [application/json]
      Accept-Encoding: ['gzip, deflate']
      Connection: [keep-alive]
      Content-Type: [application/json]
      Cookie: [SESSID=0a3de32137447a1fc81dc65fa51a8ab2388a36da05dfc50f2523106ea6297e1c]
      User-Agent: [python-requests/2.21.0 SteelScript/2.0a1]
    method: GET
    uri: https://10.38.131.150/api/profiler/1.0/reporting/reports/70974/queries.json
  response:
    body: {string: "[\n\t{\n\t\t\"direction\": \"none\",\n\t\t\"actual_log\": \"host-pair-appd/5min\"\
        ,\n\t\t\"actual_t0\": 1549570200,\n\t\t\"sort_desc\": true,\n\t\t\"area\"\
        : \"none\",\n\t\t\"metric\": \"none\",\n\t\t\"sort_col\": 33,\n\t\t\"parent_id\"\
        : \"\",\n\t\t\"rate\": \"none\",\n\t\t\"group_by\": \"hos\",\n\t\t\"role\"\
        : \"none\",\n\t\t\"columns\": [\n\t\t\t{\n\t\t\t\t\"strid\": \"ID_HOST_IP\"\
        ,\n\t\t\t\t\"metric\": \"none\",\n\t\t\t\t\"rate\": \"none\",\n\t\t\t\t\"\
        statistic\": \"none\",\n\t\t\t\t\"id\": 5,\n\t\t\t\t\"unit\": \"none\",\n\t\
        \t\t\t\"category\": \"info\",\n\t\t\t\t\"severity\": \"none\",\n\t\t\t\t\"\
        area\": \"none\",\n\t\t\t\t\"internal\": false,\n\t\t\t\t\"role\": \"none\"\
        ,\n\t\t\t\t\"cli_srv\": \"none\",\n\t\t\t\t\"type\": \"ipaddr\",\n\t\t\t\t\
        \"available\": true,\n\t\t\t\t\"direction\": \"none\",\n\t\t\t\t\"comparison\"\
        : \"none\",\n\t\t\t\t\"sortable\": false,\n\t\t\t\t\"name\": \"Host IP\",\n\
        \t\t\t\t\"comparison_parameter\": \"\",\n\t\t\t\t\"has_others\": false,\n\t\
        \t\t\t\"context\": false,\n\t\t\t\t\"name_type\": \"string\"\n\t\t\t},\n\t\
        \t\t{\n\t\t\t\t\"strid\": \"ID_HOST_MAC\",\n\t\t\t\t\"metric\": \"none\",\n\
        \t\t\t\t\"rate\": \"none\",\n\t\t\t\t\"statistic\": \"none\",\n\t\t\t\t\"\
        id\": 7,\n\t\t\t\t\"unit\": \"none\",\n\t\t\t\t\"category\": \"info\",\n\t\
        \t\t\t\"severity\": \"none\",\n\t\t\t\t\"area\": \"none\",\n\t\t\t\t\"internal\"\
        : false,\n\t\t\t\t\"role\": \"none\",\n\t\t\t\t\"cli_srv\": \"none\",\n\t\t\
        \t\t\"type\": \"mac\",\n\t\t\t\t\"available\": true,\n\t\t\t\t\"direction\"\
        : \"none\",\n\t\t\t\t\"comparison\": \"none\",\n\t\t\t\t\"sortable\": false,\n\
        \t\t\t\t\"name\": \"MAC\",\n\t\t\t\t\"comparison_parameter\": \"\",\n\t\t\t\
        \t\"has_others\": false,\n\t\t\t\t\"context\": false,\n\t\t\t\t\"name_type\"\
        : \"string\"\n\t\t\t},\n\t\t\t{\n\t\t\t\t\"strid\": \"ID_HOST_SWITCH\",\n\t\
        \t\t\t\"metric\": \"none\",\n\t\t\t\t\"rate\": \"none\",\n\t\t\t\t\"statistic\"\
        : \"none\",\n\t\t\t\t\"id\": 8,\n\t\t\t\t\"unit\": \"none\",\n\t\t\t\t\"category\"\
        : \"info\",\n\t\t\t\t\"severity\": \"none\",\n\t\t\t\t\"area\": \"none\",\n\
        \t\t\t\t\"internal\": false,\n\t\t\t\t\"role\": \"none\",\n\t\t\t\t\"cli_srv\"\
        : \"none\",\n\t\t\t\t\"type\": \"switch_port\",\n\t\t\t\t\"available\": true,\n\
        \t\t\t\t\"direction\": \"none\",\n\t\t\t\t\"comparison\": \"none\",\n\t\t\t\
        \t\"sortable\": false,\n\t\t\t\t\"name\": \"Host Switch IP Info\",\n\t\t\t\
        \t\"comparison_parameter\": \"\",\n\t\t\t\t\"has_others\": false,\n\t\t\t\t\
        \"context\": false,\n\t\t\t\t\"name_type\": \"string\"\n\t\t\t},\n\t\t\t{\n\
        \t\t\t\t\"strid\": \"ID_HOST_DNS\",\n\t\t\t\t\"metric\": \"none\",\n\t\t\t\
        \t\"rate\": \"none\",\n\t\t\t\t\"statistic\": \"none\",\n\t\t\t\t\"id\": 6,\n\
        \t\t\t\t\"unit\": \"none\",\n\t\t\t\t\"category\": \"key\",\n\t\t\t\t\"severity\"\
        : \"none\",\n\t\t\t\t\"area\": \"none\",\n\t\t\t\t\"internal\": false,\n\t\
        \t\t\t\"role\": \"none\",\n\t\t\t\t\"cli_srv\": \"none\",\n\t\t\t\t\"type\"\
        : \"host_parts\",\n\t\t\t\t\"available\": true,\n\t\t\t\t\"direction\": \"\
        none\",\n\t\t\t\t\"comparison\": \"none\",\n\t\t\t\t\"sortable\": false,\n\
        \t\t\t\t\"name\": \"Host\",\n\t\t\t\t\"comparison_parameter\": \"\",\n\t\t\
        \t\t\"has_others\": false,\n\t\t\t\t\"context\": false,\n\t\t\t\t\"name_type\"\
        : \"string\"\n\t\t\t},\n\t\t\t{\n\t\t\t\t\"strid\": \"ID_GROUP_NAME\",\n\t\
        \t\t\t\"metric\": \"none\",\n\t\t\t\t\"rate\": \"none\",\n\t\t\t\t\"statistic\"\
        : \"none\",\n\t\t\t\t\"id\": 23,\n\t\t\t\t\"unit\": \"none\",\n\t\t\t\t\"\
        category\": \"info\",\n\t\t\t\t\"severity\": \"none\",\n\t\t\t\t\"area\":\
        \ \"none\",\n\t\t\t\t\"internal\": false,\n\t\t\t\t\"role\": \"none\",\n\t\
        \t\t\t\"cli_srv\": \"none\",\n\t\t\t\t\"type\": \"group_parts\",\n\t\t\t\t\
        \"available\": true,\n\t\t\t\t\"direction\": \"none\",\n\t\t\t\t\"comparison\"\
        : \"none\",\n\t\t\t\t\"sortable\": false,\n\t\t\t\t\"name\": \"Group\",\n\t\
        \t\t\t\"comparison_parameter\": \"\",\n\t\t\t\t\"has_others\": false,\n\t\t\
        \t\t\"context\": false,\n\t\t\t\t\"name_type\": \"string\"\n\t\t\t},\n\t\t\
        \t{\n\t\t\t\t\"strid\": \"ID_TOTAL_BYTES\",\n\t\t\t\t\"metric\": \"net_bw\"\
        ,\n\t\t\t\t\"rate\": \"count\",\n\t\t\t\t\"statistic\": \"total\",\n\t\t\t\
        \t\"id\": 30,\n\t\t\t\t\"unit\": \"bytes\",\n\t\t\t\t\"category\": \"data\"\
        ,\n\t\t\t\t\"severity\": \"none\",\n\t\t\t\t\"area\": \"none\",\n\t\t\t\t\"\
        internal\": false,\n\t\t\t\t\"role\": \"none\",\n\t\t\t\t\"cli_srv\": \"none\"\
        ,\n\t\t\t\t\"type\": \"int\",\n\t\t\t\t\"available\": true,\n\t\t\t\t\"direction\"\
        : \"none\",\n\t\t\t\t\"comparison\": \"none\",\n\t\t\t\t\"sortable\": true,\n\
        \t\t\t\t\"name\": \"Total Bytes\",\n\t\t\t\t\"comparison_parameter\": \"\"\
        ,\n\t\t\t\t\"has_others\": false,\n\t\t\t\t\"context\": false,\n\t\t\t\t\"\
        name_type\": \"colname_parts\"\n\t\t\t},\n\t\t\t{\n\t\t\t\t\"strid\": \"ID_TOTAL_BYTES_RTX\"\
        ,\n\t\t\t\t\"metric\": \"rtx\",\n\t\t\t\t\"rate\": \"count\",\n\t\t\t\t\"\
        statistic\": \"total\",\n\t\t\t\t\"id\": 395,\n\t\t\t\t\"unit\": \"bytes\"\
        ,\n\t\t\t\t\"category\": \"data\",\n\t\t\t\t\"severity\": \"none\",\n\t\t\t\
        \t\"area\": \"none\",\n\t\t\t\t\"internal\": false,\n\t\t\t\t\"role\": \"\
        none\",\n\t\t\t\t\"cli_srv\": \"none\",\n\t\t\t\t\"type\": \"int\",\n\t\t\t\
        \t\"available\": false,\n\t\t\t\t\"direction\": \"none\",\n\t\t\t\t\"comparison\"\
        : \"none\",\n\t\t\t\t\"sortable\": true,\n\t\t\t\t\"name\": \"Total Retrans\
        \ Bytes\",\n\t\t\t\t\"comparison_parameter\": \"\",\n\t\t\t\t\"has_others\"\
        : false,\n\t\t\t\t\"context\": false,\n\t\t\t\t\"name_type\": \"colname_parts\"\
        \n\t\t\t},\n\t\t\t{\n\t\t\t\t\"strid\": \"ID_TOTAL_BYTES_APP\",\n\t\t\t\t\"\
        metric\": \"app\",\n\t\t\t\t\"rate\": \"count\",\n\t\t\t\t\"statistic\": \"\
        total\",\n\t\t\t\t\"id\": 493,\n\t\t\t\t\"unit\": \"bytes\",\n\t\t\t\t\"category\"\
        : \"data\",\n\t\t\t\t\"severity\": \"none\",\n\t\t\t\t\"area\": \"none\",\n\
        \t\t\t\t\"internal\": false,\n\t\t\t\t\"role\": \"none\",\n\t\t\t\t\"cli_srv\"\
        : \"none\",\n\t\t\t\t\"type\": \"int\",\n\t\t\t\t\"available\": false,\n\t\
        \t\t\t\"direction\": \"none\",\n\t\t\t\t\"comparison\": \"none\",\n\t\t\t\t\
        \"sortable\": true,\n\t\t\t\t\"name\": \"Total App Bytes\",\n\t\t\t\t\"comparison_parameter\"\
        : \"\",\n\t\t\t\t\"has_others\": false,\n\t\t\t\t\"context\": false,\n\t\t\
        \t\t\"name_type\": \"colname_parts\"\n\t\t\t},\n\t\t\t{\n\t\t\t\t\"strid\"\
        : \"ID_TOTAL_PKTS\",\n\t\t\t\t\"metric\": \"net_bw\",\n\t\t\t\t\"rate\": \"\
        count\",\n\t\t\t\t\"statistic\": \"total\",\n\t\t\t\t\"id\": 31,\n\t\t\t\t\
        \"unit\": \"pkts\",\n\t\t\t\t\"category\": \"data\",\n\t\t\t\t\"severity\"\
        : \"none\",\n\t\t\t\t\"area\": \"none\",\n\t\t\t\t\"internal\": false,\n\t\
        \t\t\t\"role\": \"none\",\n\t\t\t\t\"cli_srv\": \"none\",\n\t\t\t\t\"type\"\
        : \"int\",\n\t\t\t\t\"available\": true,\n\t\t\t\t\"direction\": \"none\"\
        ,\n\t\t\t\t\"comparison\": \"none\",\n\t\t\t\t\"sortable\": true,\n\t\t\t\t\
        \"name\": \"Total Packets\",\n\t\t\t\t\"comparison_parameter\": \"\",\n\t\t\
        \t\t\"has_others\": false,\n\t\t\t\t\"context\": false,\n\t\t\t\t\"name_type\"\
        : \"colname_parts\"\n\t\t\t},\n\t\t\t{\n\t\t\t\t\"strid\": \"ID_TOTAL_PKTS_RTX\"\
        ,\n\t\t\t\t\"metric\": \"rtx\",\n\t\t\t\t\"rate\": \"count\",\n\t\t\t\t\"\
        statistic\": \"total\",\n\t\t\t\t\"id\": 396,\n\t\t\t\t\"unit\": \"pkts\"\
        ,\n\t\t\t\t\"category\": \"data\",\n\t\t\t\t\"severity\": \"none\",\n\t\t\t\
        \t\"area\": \"none\",\n\t\t\t\t\"internal\": false,\n\t\t\t\t\"role\": \"\
        none\",\n\t\t\t\t\"cli_srv\": \"none\",\n\t\t\t\t\"type\": \"int\",\n\t\t\t\
        \t\"available\": false,\n\t\t\t\t\"direction\": \"none\",\n\t\t\t\t\"comparison\"\
        : \"none\",\n\t\t\t\t\"sortable\": true,\n\t\t\t\t\"name\": \"Total Retrans\
        \ Packets\",\n\t\t\t\t\"comparison_parameter\": \"\",\n\t\t\t\t\"has_others\"\
        : false,\n\t\t\t\t\"context\": false,\n\t\t\t\t\"name_type\": \"colname_parts\"\
        \n\t\t\t},\n\t\t\t{\n\t\t\t\t\"strid\": \"ID_TOTAL_CONNS_NEW\",\n\t\t\t\t\"\
        metric\": \"new\",\n\t\t\t\t\"rate\": \"count\",\n\t\t\t\t\"statistic\": \"\
        total\",\n\t\t\t\t\"id\": 32,\n\t\t\t\t\"unit\": \"conns\",\n\t\t\t\t\"category\"\
        : \"data\",\n\t\t\t\t\"severity\": \"none\",\n\t\t\t\t\"area\": \"none\",\n\
        \t\t\t\t\"internal\": false,\n\t\t\t\t\"role\": \"none\",\n\t\t\t\t\"cli_srv\"\
        : \"none\",\n\t\t\t\t\"type\": \"int\",\n\t\t\t\t\"available\": false,\n\t\
        \t\t\t\"direction\": \"none\",\n\t\t\t\t\"comparison\": \"none\",\n\t\t\t\t\
        \"sortable\": true,\n\t\t\t\t\"name\": \"Total New Connections\",\n\t\t\t\t\
        \"comparison_parameter\": \"\",\n\t\t\t\t\"has_others\": false,\n\t\t\t\t\"\
        context\": false,\n\t\t\t\t\"name_type\": \"colname_parts\"\n\t\t\t},\n\t\t\
        \t{\n\t\t\t\t\"strid\": \"ID_TOTAL_CONNS_ACTIVE\",\n\t\t\t\t\"metric\": \"\
        active\",\n\t\t\t\t\"rate\": \"count\",\n\t\t\t\t\"statistic\": \"total\"\
        ,\n\t\t\t\t\"id\": 526,\n\t\t\t\t\"unit\": \"conns\",\n\t\t\t\t\"category\"\
        : \"data\",\n\t\t\t\t\"severity\": \"none\",\n\t\t\t\t\"area\": \"none\",\n\
        \t\t\t\t\"internal\": false,\n\t\t\t\t\"role\": \"none\",\n\t\t\t\t\"cli_srv\"\
        : \"none\",\n\t\t\t\t\"type\": \"int\",\n\t\t\t\t\"available\": false,\n\t\
        \t\t\t\"direction\": \"none\",\n\t\t\t\t\"comparison\": \"none\",\n\t\t\t\t\
        \"sortable\": true,\n\t\t\t\t\"name\": \"Total Active Connections\",\n\t\t\
        \t\t\"comparison_parameter\": \"\",\n\t\t\t\t\"has_others\": false,\n\t\t\t\
        \t\"context\": false,\n\t\t\t\t\"name_type\": \"colname_parts\"\n\t\t\t},\n\
        \t\t\t{\n\t\t\t\t\"strid\": \"ID_TOTAL_CONNS_RSTS\",\n\t\t\t\t\"metric\":\
        \ \"resets\",\n\t\t\t\t\"rate\": \"count\",\n\t\t\t\t\"statistic\": \"total\"\
        ,\n\t\t\t\t\"id\": 294,\n\t\t\t\t\"unit\": \"conns\",\n\t\t\t\t\"category\"\
        : \"data\",\n\t\t\t\t\"severity\": \"none\",\n\t\t\t\t\"area\": \"none\",\n\
        \t\t\t\t\"internal\": false,\n\t\t\t\t\"role\": \"none\",\n\t\t\t\t\"cli_srv\"\
        : \"none\",\n\t\t\t\t\"type\": \"int\",\n\t\t\t\t\"available\": false,\n\t\
        \t\t\t\"direction\": \"none\",\n\t\t\t\t\"comparison\": \"none\",\n\t\t\t\t\
        \"sortable\": true,\n\t\t\t\t\"name\": \"Total Resets\",\n\t\t\t\t\"comparison_parameter\"\
        : \"\",\n\t\t\t\t\"has_others\": false,\n\t\t\t\t\"context\": false,\n\t\t\
        \t\t\"name_type\": \"colname_parts\"\n\t\t\t},\n\t\t\t{\n\t\t\t\t\"strid\"\
        : \"ID_AVG_BYTES\",\n\t\t\t\t\"metric\": \"net_bw\",\n\t\t\t\t\"rate\": \"\
        persec\",\n\t\t\t\t\"statistic\": \"avg\",\n\t\t\t\t\"id\": 33,\n\t\t\t\t\"\
        unit\": \"bytes\",\n\t\t\t\t\"category\": \"data\",\n\t\t\t\t\"severity\"\
        : \"none\",\n\t\t\t\t\"area\": \"none\",\n\t\t\t\t\"internal\": false,\n\t\
        \t\t\t\"role\": \"none\",\n\t\t\t\t\"cli_srv\": \"none\",\n\t\t\t\t\"type\"\
        : \"float\",\n\t\t\t\t\"available\": true,\n\t\t\t\t\"direction\": \"none\"\
        ,\n\t\t\t\t\"comparison\": \"none\",\n\t\t\t\t\"sortable\": true,\n\t\t\t\t\
        \"name\": \"Avg Bytes/s\",\n\t\t\t\t\"comparison_parameter\": \"\",\n\t\t\t\
        \t\"has_others\": false,\n\t\t\t\t\"context\": false,\n\t\t\t\t\"name_type\"\
        : \"colname_parts\"\n\t\t\t},\n\t\t\t{\n\t\t\t\t\"strid\": \"ID_AVG_BYTES_RTX\"\
        ,\n\t\t\t\t\"metric\": \"rtx\",\n\t\t\t\t\"rate\": \"persec\",\n\t\t\t\t\"\
        statistic\": \"avg\",\n\t\t\t\t\"id\": 391,\n\t\t\t\t\"unit\": \"bytes\",\n\
        \t\t\t\t\"category\": \"data\",\n\t\t\t\t\"severity\": \"none\",\n\t\t\t\t\
        \"area\": \"none\",\n\t\t\t\t\"internal\": false,\n\t\t\t\t\"role\": \"none\"\
        ,\n\t\t\t\t\"cli_srv\": \"none\",\n\t\t\t\t\"type\": \"float\",\n\t\t\t\t\"\
        available\": false,\n\t\t\t\t\"direction\": \"none\",\n\t\t\t\t\"comparison\"\
        : \"none\",\n\t\t\t\t\"sortable\": true,\n\t\t\t\t\"name\": \"Avg Retrans\
        \ Bytes/s\",\n\t\t\t\t\"comparison_parameter\": \"\",\n\t\t\t\t\"has_others\"\
        : false,\n\t\t\t\t\"context\": false,\n\t\t\t\t\"name_type\": \"colname_parts\"\
        \n\t\t\t},\n\t\t\t{\n\t\t\t\t\"strid\": \"ID_AVG_BYTES_APP\",\n\t\t\t\t\"\
        metric\": \"app\",\n\t\t\t\t\"rate\": \"persec\",\n\t\t\t\t\"statistic\":\
        \ \"avg\",\n\t\t\t\t\"id\": 504,\n\t\t\t\t\"unit\": \"bytes\",\n\t\t\t\t\"\
        category\": \"data\",\n\t\t\t\t\"severity\": \"none\",\n\t\t\t\t\"area\":\
        \ \"none\",\n\t\t\t\t\"internal\": false,\n\t\t\t\t\"role\": \"none\",\n\t\
        \t\t\t\"cli_srv\": \"none\",\n\t\t\t\t\"type\": \"float\",\n\t\t\t\t\"available\"\
        : false,\n\t\t\t\t\"direction\": \"none\",\n\t\t\t\t\"comparison\": \"none\"\
        ,\n\t\t\t\t\"sortable\": true,\n\t\t\t\t\"name\": \"Avg App Bytes/s\",\n\t\
        \t\t\t\"comparison_parameter\": \"\",\n\t\t\t\t\"has_others\": false,\n\t\t\
        \t\t\"context\": false,\n\t\t\t\t\"name_type\": \"colname_parts\"\n\t\t\t\
        },\n\t\t\t{\n\t\t\t\t\"strid\": \"ID_AVG_BYTES_PERSECCONN\",\n\t\t\t\t\"metric\"\
        : \"net_bw\",\n\t\t\t\t\"rate\": \"persecconn\",\n\t\t\t\t\"statistic\": \"\
        avg\",\n\t\t\t\t\"id\": 556,\n\t\t\t\t\"unit\": \"bytes\",\n\t\t\t\t\"category\"\
        : \"data\",\n\t\t\t\t\"severity\": \"none\",\n\t\t\t\t\"area\": \"none\",\n\
        \t\t\t\t\"internal\": false,\n\t\t\t\t\"role\": \"none\",\n\t\t\t\t\"cli_srv\"\
        : \"none\",\n\t\t\t\t\"type\": \"float\",\n\t\t\t\t\"available\": false,\n\
        \t\t\t\t\"direction\": \"none\",\n\t\t\t\t\"comparison\": \"none\",\n\t\t\t\
        \t\"sortable\": true,\n\t\t\t\t\"name\": \"Avg Bytes/s per Conn\",\n\t\t\t\
        \t\"comparison_parameter\": \"\",\n\t\t\t\t\"has_others\": false,\n\t\t\t\t\
        \"context\": false,\n\t\t\t\t\"name_type\": \"colname_parts\"\n\t\t\t},\n\t\
        \t\t{\n\t\t\t\t\"strid\": \"ID_AVG_BYTES_APP_PERSECCONN\",\n\t\t\t\t\"metric\"\
        : \"app\",\n\t\t\t\t\"rate\": \"persecconn\",\n\t\t\t\t\"statistic\": \"avg\"\
        ,\n\t\t\t\t\"id\": 578,\n\t\t\t\t\"unit\": \"bytes\",\n\t\t\t\t\"category\"\
        : \"data\",\n\t\t\t\t\"severity\": \"none\",\n\t\t\t\t\"area\": \"none\",\n\
        \t\t\t\t\"internal\": false,\n\t\t\t\t\"role\": \"none\",\n\t\t\t\t\"cli_srv\"\
        : \"none\",\n\t\t\t\t\"type\": \"float\",\n\t\t\t\t\"available\": false,\n\
        \t\t\t\t\"direction\": \"none\",\n\t\t\t\t\"comparison\": \"none\",\n\t\t\t\
        \t\"sortable\": true,\n\t\t\t\t\"name\": \"Avg App Bytes/s per Conn\",\n\t\
        \t\t\t\"comparison_parameter\": \"\",\n\t\t\t\t\"has_others\": false,\n\t\t\
        \t\t\"context\": false,\n\t\t\t\t\"name_type\": \"colname_parts\"\n\t\t\t\
        },\n\t\t\t{\n\t\t\t\t\"strid\": \"ID_AVG_PKTS\",\n\t\t\t\t\"metric\": \"net_bw\"\
        ,\n\t\t\t\t\"rate\": \"persec\",\n\t\t\t\t\"statistic\": \"avg\",\n\t\t\t\t\
        \"id\": 34,\n\t\t\t\t\"unit\": \"pkts\",\n\t\t\t\t\"category\": \"data\",\n\
        \t\t\t\t\"severity\": \"none\",\n\t\t\t\t\"area\": \"none\",\n\t\t\t\t\"internal\"\
        : false,\n\t\t\t\t\"role\": \"none\",\n\t\t\t\t\"cli_srv\": \"none\",\n\t\t\
        \t\t\"type\": \"float\",\n\t\t\t\t\"available\": true,\n\t\t\t\t\"direction\"\
        : \"none\",\n\t\t\t\t\"comparison\": \"none\",\n\t\t\t\t\"sortable\": true,\n\
        \t\t\t\t\"name\": \"Avg Packets/s\",\n\t\t\t\t\"comparison_parameter\": \"\
        \",\n\t\t\t\t\"has_others\": false,\n\t\t\t\t\"context\": false,\n\t\t\t\t\
        \"name_type\": \"colname_parts\"\n\t\t\t},\n\t\t\t{\n\t\t\t\t\"strid\": \"\
        ID_AVG_PKTS_RTX\",\n\t\t\t\t\"metric\": \"rtx\",\n\t\t\t\t\"rate\": \"persec\"\
        ,\n\t\t\t\t\"statistic\": \"avg\",\n\t\t\t\t\"id\": 392,\n\t\t\t\t\"unit\"\
        : \"pkts\",\n\t\t\t\t\"category\": \"data\",\n\t\t\t\t\"severity\": \"none\"\
        ,\n\t\t\t\t\"area\": \"none\",\n\t\t\t\t\"internal\": false,\n\t\t\t\t\"role\"\
        : \"none\",\n\t\t\t\t\"cli_srv\": \"none\",\n\t\t\t\t\"type\": \"float\",\n\
        \t\t\t\t\"available\": false,\n\t\t\t\t\"direction\": \"none\",\n\t\t\t\t\"\
        comparison\": \"none\",\n\t\t\t\t\"sortable\": true,\n\t\t\t\t\"name\": \"\
        Avg Retrans Packets/s\",\n\t\t\t\t\"comparison_parameter\": \"\",\n\t\t\t\t\
        \"has_others\": false,\n\t\t\t\t\"context\": false,\n\t\t\t\t\"name_type\"\
        : \"colname_parts\"\n\t\t\t},\n\t\t\t{\n\t\t\t\t\"strid\": \"ID_AVG_CONNS_NEW\"\
        ,\n\t\t\t\t\"metric\": \"new\",\n\t\t\t\t\"rate\": \"persec\",\n\t\t\t\t\"\
        statistic\": \"avg\",\n\t\t\t\t\"id\": 35,\n\t\t\t\t\"unit\": \"conns\",\n\
        \t\t\t\t\"category\": \"data\",\n\t\t\t\t\"severity\": \"none\",\n\t\t\t\t\
        \"area\": \"none\",\n\t\t\t\t\"internal\": false,\n\t\t\t\t\"role\": \"none\"\
        ,\n\t\t\t\t\"cli_srv\": \"none\",\n\t\t\t\t\"type\": \"float\",\n\t\t\t\t\"\
        available\": false,\n\t\t\t\t\"direction\": \"none\",\n\t\t\t\t\"comparison\"\
        : \"none\",\n\t\t\t\t\"sortable\": true,\n\t\t\t\t\"name\": \"Avg New Connections/s\"\
        ,\n\t\t\t\t\"comparison_parameter\": \"\",\n\t\t\t\t\"has_others\": false,\n\
        \t\t\t\t\"context\": false,\n\t\t\t\t\"name_type\": \"colname_parts\"\n\t\t\
        \t},\n\t\t\t{\n\t\t\t\t\"strid\": \"ID_AVG_CONNS_ACTIVE\",\n\t\t\t\t\"metric\"\
        : \"active\",\n\t\t\t\t\"rate\": \"persec\",\n\t\t\t\t\"statistic\": \"avg\"\
        ,\n\t\t\t\t\"id\": 532,\n\t\t\t\t\"unit\": \"conns\",\n\t\t\t\t\"category\"\
        : \"data\",\n\t\t\t\t\"severity\": \"none\",\n\t\t\t\t\"area\": \"none\",\n\
        \t\t\t\t\"internal\": false,\n\t\t\t\t\"role\": \"none\",\n\t\t\t\t\"cli_srv\"\
        : \"none\",\n\t\t\t\t\"type\": \"float\",\n\t\t\t\t\"available\": false,\n\
        \t\t\t\t\"direction\": \"none\",\n\t\t\t\t\"comparison\": \"none\",\n\t\t\t\
        \t\"sortable\": true,\n\t\t\t\t\"name\": \"Avg Active Connections/s\",\n\t\
        \t\t\t\"comparison_parameter\": \"\",\n\t\t\t\t\"has_others\": false,\n\t\t\
        \t\t\"context\": false,\n\t\t\t\t\"name_type\": \"colname_parts\"\n\t\t\t\
        },\n\t\t\t{\n\t\t\t\t\"strid\": \"ID_AVG_CONNS_RSTS\",\n\t\t\t\t\"metric\"\
        : \"resets\",\n\t\t\t\t\"rate\": \"persec\",\n\t\t\t\t\"statistic\": \"avg\"\
        ,\n\t\t\t\t\"id\": 421,\n\t\t\t\t\"unit\": \"conns\",\n\t\t\t\t\"category\"\
        : \"data\",\n\t\t\t\t\"severity\": \"none\",\n\t\t\t\t\"area\": \"none\",\n\
        \t\t\t\t\"internal\": false,\n\t\t\t\t\"role\": \"none\",\n\t\t\t\t\"cli_srv\"\
        : \"none\",\n\t\t\t\t\"type\": \"float\",\n\t\t\t\t\"available\": false,\n\
        \t\t\t\t\"direction\": \"none\",\n\t\t\t\t\"comparison\": \"none\",\n\t\t\t\
        \t\"sortable\": true,\n\t\t\t\t\"name\": \"Avg Resets/s\",\n\t\t\t\t\"comparison_parameter\"\
        : \"\",\n\t\t\t\t\"has_others\": false,\n\t\t\t\t\"context\": false,\n\t\t\
        \t\t\"name_type\": \"colname_parts\"\n\t\t\t},\n\t\t\t{\n\t\t\t\t\"strid\"\
        : \"ID_PEAK_BYTES\",\n\t\t\t\t\"metric\": \"net_bw\",\n\t\t\t\t\"rate\": \"\
        persec\",\n\t\t\t\t\"statistic\": \"peak\",\n\t\t\t\t\"id\": 36,\n\t\t\t\t\
        \"unit\": \"bytes\",\n\t\t\t\t\"category\": \"data\",\n\t\t\t\t\"severity\"\
        : \"none\",\n\t\t\t\t\"area\": \"none\",\n\t\t\t\t\"internal\": false,\n\t\
        \t\t\t\"role\": \"none\",\n\t\t\t\t\"cli_srv\": \"none\",\n\t\t\t\t\"type\"\
        : \"float\",\n\t\t\t\t\"available\": false,\n\t\t\t\t\"direction\": \"none\"\
        ,\n\t\t\t\t\"comparison\": \"none\",\n\t\t\t\t\"sortable\": true,\n\t\t\t\t\
        \"name\": \"Peak Bytes/s\",\n\t\t\t\t\"comparison_parameter\": \"\",\n\t\t\
        \t\t\"has_others\": false,\n\t\t\t\t\"context\": false,\n\t\t\t\t\"name_type\"\
        : \"colname_parts\"\n\t\t\t},\n\t\t\t{\n\t\t\t\t\"strid\": \"ID_PEAK_BYTES_RTX\"\
        ,\n\t\t\t\t\"metric\": \"rtx\",\n\t\t\t\t\"rate\": \"persec\",\n\t\t\t\t\"\
        statistic\": \"peak\",\n\t\t\t\t\"id\": 393,\n\t\t\t\t\"unit\": \"bytes\"\
        ,\n\t\t\t\t\"category\": \"data\",\n\t\t\t\t\"severity\": \"none\",\n\t\t\t\
        \t\"area\": \"none\",\n\t\t\t\t\"internal\": false,\n\t\t\t\t\"role\": \"\
        none\",\n\t\t\t\t\"cli_srv\": \"none\",\n\t\t\t\t\"type\": \"float\",\n\t\t\
        \t\t\"available\": false,\n\t\t\t\t\"direction\": \"none\",\n\t\t\t\t\"comparison\"\
        : \"none\",\n\t\t\t\t\"sortable\": true,\n\t\t\t\t\"name\": \"Peak Retrans\
        \ Bytes/s\",\n\t\t\t\t\"comparison_parameter\": \"\",\n\t\t\t\t\"has_others\"\
        : false,\n\t\t\t\t\"context\": false,\n\t\t\t\t\"name_type\": \"colname_parts\"\
        \n\t\t\t},\n\t\t\t{\n\t\t\t\t\"strid\": \"ID_PEAK_BYTES_APP\",\n\t\t\t\t\"\
        metric\": \"app\",\n\t\t\t\t\"rate\": \"persec\",\n\t\t\t\t\"statistic\":\
        \ \"peak\",\n\t\t\t\t\"id\": 515,\n\t\t\t\t\"unit\": \"bytes\",\n\t\t\t\t\"\
        category\": \"data\",\n\t\t\t\t\"severity\": \"none\",\n\t\t\t\t\"area\":\
        \ \"none\",\n\t\t\t\t\"internal\": false,\n\t\t\t\t\"role\": \"none\",\n\t\
        \t\t\t\"cli_srv\": \"none\",\n\t\t\t\t\"type\": \"float\",\n\t\t\t\t\"available\"\
        : false,\n\t\t\t\t\"direction\": \"none\",\n\t\t\t\t\"comparison\": \"none\"\
        ,\n\t\t\t\t\"sortable\": true,\n\t\t\t\t\"name\": \"Peak App Bytes/s\",\n\t\
        \t\t\t\"comparison_parameter\": \"\",\n\t\t\t\t\"has_others\": false,\n\t\t\
        \t\t\"context\": false,\n\t\t\t\t\"name_type\": \"colname_parts\"\n\t\t\t\
        },\n\t\t\t{\n\t\t\t\t\"strid\": \"ID_PEAK_BYTES_PERSECCONN\",\n\t\t\t\t\"\
        metric\": \"net_bw\",\n\t\t\t\t\"rate\": \"persecconn\",\n\t\t\t\t\"statistic\"\
        : \"peak\",\n\t\t\t\t\"id\": 567,\n\t\t\t\t\"unit\": \"bytes\",\n\t\t\t\t\"\
        category\": \"data\",\n\t\t\t\t\"severity\": \"none\",\n\t\t\t\t\"area\":\
        \ \"none\",\n\t\t\t\t\"internal\": false,\n\t\t\t\t\"role\": \"none\",\n\t\
        \t\t\t\"cli_srv\": \"none\",\n\t\t\t\t\"type\": \"float\",\n\t\t\t\t\"available\"\
        : false,\n\t\t\t\t\"direction\": \"none\",\n\t\t\t\t\"comparison\": \"none\"\
        ,\n\t\t\t\t\"sortable\": true,\n\t\t\t\t\"name\": \"Peak Bytes/s per Conn\"\
        ,\n\t\t\t\t\"comparison_parameter\": \"\",\n\t\t\t\t\"has_others\": false,\n\
        \t\t\t\t\"context\": false,\n\t\t\t\t\"name_type\": \"colname_parts\"\n\t\t\
        \t},\n\t\t\t{\n\t\t\t\t\"strid\": \"ID_PEAK_BYTES_APP_PERSECCONN\",\n\t\t\t\
        \t\"metric\": \"app\",\n\t\t\t\t\"rate\": \"persecconn\",\n\t\t\t\t\"statistic\"\
        : \"peak\",\n\t\t\t\t\"id\": 594,\n\t\t\t\t\"unit\": \"bytes\",\n\t\t\t\t\"\
        category\": \"data\",\n\t\t\t\t\"severity\": \"none\",\n\t\t\t\t\"area\":\
        \ \"none\",\n\t\t\t\t\"internal\": false,\n\t\t\t\t\"role\": \"none\",\n\t\
        \t\t\t\"cli_srv\": \"none\",\n\t\t\t\t\"type\": \"float\",\n\t\t\t\t\"available\"\
        : false,\n\t\t\t\t\"direction\": \"none\",\n\t\t\t\t\"comparison\": \"none\"\
        ,\n\t\t\t\t\"sortable\": true,\n\t\t\t\t\"name\": \"Peak App Bytes/s per Conn\"\
        ,\n\t\t\t\t\"comparison_parameter\": \"\",\n\t\t\t\t\"has_others\": false,\n\
        \t\t\t\t\"context\": false,\n\t\t\t\t\"name_type\": \"colname_parts\"\n\t\t\
        \t},\n\t\t\t{\n\t\t\t\t\"strid\": \"ID_PEAK_PKTS\",\n\t\t\t\t\"metric\": \"\
        net_bw\",\n\t\t\t\t\"rate\": \"persec\",\n\t\t\t\t\"statistic\": \"peak\"\
        ,\n\t\t\t\t\"id\": 37,\n\t\t\t\t\"unit\": \"pkts\",\n\t\t\t\t\"category\"\
        : \"data\",\n\t\t\t\t\"severity\": \"none\",\n\t\t\t\t\"area\": \"none\",\n\
        \t\t\t\t\"internal\": false,\n\t\t\t\t\"role\": \"none\",\n\t\t\t\t\"cli_srv\"\
        : \"none\",\n\t\t\t\t\"type\": \"float\",\n\t\t\t\t\"available\": false,\n\
        \t\t\t\t\"direction\": \"none\",\n\t\t\t\t\"comparison\": \"none\",\n\t\t\t\
        \t\"sortable\": true,\n\t\t\t\t\"name\": \"Peak Packets/s\",\n\t\t\t\t\"comparison_parameter\"\
        : \"\",\n\t\t\t\t\"has_others\": false,\n\t\t\t\t\"context\": false,\n\t\t\
        \t\t\"name_type\": \"colname_parts\"\n\t\t\t},\n\t\t\t{\n\t\t\t\t\"strid\"\
        : \"ID_PEAK_PKTS_RTX\",\n\t\t\t\t\"metric\": \"rtx\",\n\t\t\t\t\"rate\": \"\
        persec\",\n\t\t\t\t\"statistic\": \"peak\",\n\t\t\t\t\"id\": 394,\n\t\t\t\t\
        \"unit\": \"pkts\",\n\t\t\t\t\"category\": \"data\",\n\t\t\t\t\"severity\"\
        : \"none\",\n\t\t\t\t\"area\": \"none\",\n\t\t\t\t\"internal\": false,\n\t\
        \t\t\t\"role\": \"none\",\n\t\t\t\t\"cli_srv\": \"none\",\n\t\t\t\t\"type\"\
        : \"float\",\n\t\t\t\t\"available\": false,\n\t\t\t\t\"direction\": \"none\"\
        ,\n\t\t\t\t\"comparison\": \"none\",\n\t\t\t\t\"sortable\": true,\n\t\t\t\t\
        \"name\": \"Peak Retrans Packets/s\",\n\t\t\t\t\"comparison_parameter\": \"\
        \",\n\t\t\t\t\"has_others\": false,\n\t\t\t\t\"context\": false,\n\t\t\t\t\
        \"name_type\": \"colname_parts\"\n\t\t\t},\n\t\t\t{\n\t\t\t\t\"strid\": \"\
        ID_PEAK_CONNS_NEW\",\n\t\t\t\t\"metric\": \"new\",\n\t\t\t\t\"rate\": \"persec\"\
        ,\n\t\t\t\t\"statistic\": \"peak\",\n\t\t\t\t\"id\": 38,\n\t\t\t\t\"unit\"\
        : \"conns\",\n\t\t\t\t\"category\": \"data\",\n\t\t\t\t\"severity\": \"none\"\
        ,\n\t\t\t\t\"area\": \"none\",\n\t\t\t\t\"internal\": false,\n\t\t\t\t\"role\"\
        : \"none\",\n\t\t\t\t\"cli_srv\": \"none\",\n\t\t\t\t\"type\": \"float\",\n\
        \t\t\t\t\"available\": false,\n\t\t\t\t\"direction\": \"none\",\n\t\t\t\t\"\
        comparison\": \"none\",\n\t\t\t\t\"sortable\": true,\n\t\t\t\t\"name\": \"\
        Peak New Connections/s\",\n\t\t\t\t\"comparison_parameter\": \"\",\n\t\t\t\
        \t\"has_others\": false,\n\t\t\t\t\"context\": false,\n\t\t\t\t\"name_type\"\
        : \"colname_parts\"\n\t\t\t},\n\t\t\t{\n\t\t\t\t\"strid\": \"ID_PEAK_CONNS_ACTIVE\"\
        ,\n\t\t\t\t\"metric\": \"active\",\n\t\t\t\t\"rate\": \"persec\",\n\t\t\t\t\
        \"statistic\": \"peak\",\n\t\t\t\t\"id\": 538,\n\t\t\t\t\"unit\": \"conns\"\
        ,\n\t\t\t\t\"category\": \"data\",\n\t\t\t\t\"severity\": \"none\",\n\t\t\t\
        \t\"area\": \"none\",\n\t\t\t\t\"internal\": false,\n\t\t\t\t\"role\": \"\
        none\",\n\t\t\t\t\"cli_srv\": \"none\",\n\t\t\t\t\"type\": \"float\",\n\t\t\
        \t\t\"available\": false,\n\t\t\t\t\"direction\": \"none\",\n\t\t\t\t\"comparison\"\
        : \"none\",\n\t\t\t\t\"sortable\": true,\n\t\t\t\t\"name\": \"Peak Active\
        \ Connections/s\",\n\t\t\t\t\"comparison_parameter\": \"\",\n\t\t\t\t\"has_others\"\
        : false,\n\t\t\t\t\"context\": false,\n\t\t\t\t\"name_type\": \"colname_parts\"\
        \n\t\t\t},\n\t\t\t{\n\t\t\t\t\"strid\": \"ID_PEAK_CONNS_RSTS\",\n\t\t\t\t\"\
        metric\": \"resets\",\n\t\t\t\t\"rate\": \"persec\",\n\t\t\t\t\"statistic\"\
        : \"peak\",\n\t\t\t\t\"id\": 422,\n\t\t\t\t\"unit\": \"conns\",\n\t\t\t\t\"\
        category\": \"data\",\n\t\t\t\t\"severity\": \"none\",\n\t\t\t\t\"area\":\
        \ \"none\",\n\t\t\t\t\"internal\": false,\n\t\t\t\t\"role\": \"none\",\n\t\
        \t\t\t\"cli_srv\": \"none\",\n\t\t\t\t\"type\": \"float\",\n\t\t\t\t\"available\"\
        : false,\n\t\t\t\t\"direction\": \"none\",\n\t\t\t\t\"comparison\": \"none\"\
        ,\n\t\t\t\t\"sortable\": true,\n\t\t\t\t\"name\": \"Peak Resets/s\",\n\t\t\
        \t\t\"comparison_parameter\": \"\",\n\t\t\t\t\"has_others\": false,\n\t\t\t\
        \t\"context\": false,\n\t\t\t\t\"name_type\": \"colname_parts\"\n\t\t\t},\n\
        \t\t\t{\n\t\t\t\t\"strid\": \"ID_TOTAL_BYTES_RTX_PCT\",\n\t\t\t\t\"metric\"\
        : \"rtx\",\n\t\t\t\t\"rate\": \"pct\",\n\t\t\t\t\"statistic\": \"total\",\n\
        \t\t\t\t\"id\": 450,\n\t\t\t\t\"unit\": \"bytes\",\n\t\t\t\t\"category\":\
        \ \"data\",\n\t\t\t\t\"severity\": \"none\",\n\t\t\t\t\"area\": \"none\",\n\
        \t\t\t\t\"internal\": false,\n\t\t\t\t\"role\": \"none\",\n\t\t\t\t\"cli_srv\"\
        : \"none\",\n\t\t\t\t\"type\": \"float\",\n\t\t\t\t\"available\": false,\n\
        \t\t\t\t\"direction\": \"none\",\n\t\t\t\t\"comparison\": \"none\",\n\t\t\t\
        \t\"sortable\": true,\n\t\t\t\t\"name\": \"% Retrans Bytes\",\n\t\t\t\t\"\
        comparison_parameter\": \"\",\n\t\t\t\t\"has_others\": false,\n\t\t\t\t\"\
        context\": false,\n\t\t\t\t\"name_type\": \"colname_parts\"\n\t\t\t},\n\t\t\
        \t{\n\t\t\t\t\"strid\": \"ID_TOTAL_PKTS_RTX_PCT\",\n\t\t\t\t\"metric\": \"\
        rtx\",\n\t\t\t\t\"rate\": \"pct\",\n\t\t\t\t\"statistic\": \"total\",\n\t\t\
        \t\t\"id\": 455,\n\t\t\t\t\"unit\": \"pkts\",\n\t\t\t\t\"category\": \"data\"\
        ,\n\t\t\t\t\"severity\": \"none\",\n\t\t\t\t\"area\": \"none\",\n\t\t\t\t\"\
        internal\": false,\n\t\t\t\t\"role\": \"none\",\n\t\t\t\t\"cli_srv\": \"none\"\
        ,\n\t\t\t\t\"type\": \"float\",\n\t\t\t\t\"available\": false,\n\t\t\t\t\"\
        direction\": \"none\",\n\t\t\t\t\"comparison\": \"none\",\n\t\t\t\t\"sortable\"\
        : true,\n\t\t\t\t\"name\": \"% Retrans Packets\",\n\t\t\t\t\"comparison_parameter\"\
        : \"\",\n\t\t\t\t\"has_others\": false,\n\t\t\t\t\"context\": false,\n\t\t\
        \t\t\"name_type\": \"colname_parts\"\n\t\t\t},\n\t\t\t{\n\t\t\t\t\"strid\"\
        : \"ID_TOTAL_CONNS_RSTS_PCT\",\n\t\t\t\t\"metric\": \"resets\",\n\t\t\t\t\"\
        rate\": \"pct\",\n\t\t\t\t\"statistic\": \"total\",\n\t\t\t\t\"id\": 460,\n\
        \t\t\t\t\"unit\": \"conns\",\n\t\t\t\t\"category\": \"data\",\n\t\t\t\t\"\
        severity\": \"none\",\n\t\t\t\t\"area\": \"none\",\n\t\t\t\t\"internal\":\
        \ false,\n\t\t\t\t\"role\": \"none\",\n\t\t\t\t\"cli_srv\": \"none\",\n\t\t\
        \t\t\"type\": \"float\",\n\t\t\t\t\"available\": false,\n\t\t\t\t\"direction\"\
        : \"none\",\n\t\t\t\t\"comparison\": \"none\",\n\t\t\t\t\"sortable\": false,\n\
        \t\t\t\t\"name\": \"% Resets\",\n\t\t\t\t\"comparison_parameter\": \"\",\n\
        \t\t\t\t\"has_others\": true,\n\t\t\t\t\"context\": false,\n\t\t\t\t\"name_type\"\
        : \"colname_parts\"\n\t\t\t},\n\t\t\t{\n\t\t\t\t\"strid\": \"ID_NETWORK_RTT\"\
        ,\n\t\t\t\t\"metric\": \"net_rtt\",\n\t\t\t\t\"rate\": \"count\",\n\t\t\t\t\
        \"statistic\": \"avg\",\n\t\t\t\t\"id\": 280,\n\t\t\t\t\"unit\": \"rsec\"\
        ,\n\t\t\t\t\"category\": \"data\",\n\t\t\t\t\"severity\": \"none\",\n\t\t\t\
        \t\"area\": \"none\",\n\t\t\t\t\"internal\": false,\n\t\t\t\t\"role\": \"\
        none\",\n\t\t\t\t\"cli_srv\": \"none\",\n\t\t\t\t\"type\": \"reltime\",\n\t\
        \t\t\t\"available\": false,\n\t\t\t\t\"direction\": \"none\",\n\t\t\t\t\"\
        comparison\": \"none\",\n\t\t\t\t\"sortable\": true,\n\t\t\t\t\"name\": \"\
        Avg Net RTT (ms)\",\n\t\t\t\t\"comparison_parameter\": \"\",\n\t\t\t\t\"has_others\"\
        : false,\n\t\t\t\t\"context\": false,\n\t\t\t\t\"name_type\": \"colname_parts\"\
        \n\t\t\t},\n\t\t\t{\n\t\t\t\t\"strid\": \"ID_RESPONSE_TIME\",\n\t\t\t\t\"\
        metric\": \"resp_tm\",\n\t\t\t\t\"rate\": \"count\",\n\t\t\t\t\"statistic\"\
        : \"avg\",\n\t\t\t\t\"id\": 281,\n\t\t\t\t\"unit\": \"rsec\",\n\t\t\t\t\"\
        category\": \"data\",\n\t\t\t\t\"severity\": \"none\",\n\t\t\t\t\"area\":\
        \ \"none\",\n\t\t\t\t\"internal\": false,\n\t\t\t\t\"role\": \"none\",\n\t\
        \t\t\t\"cli_srv\": \"none\",\n\t\t\t\t\"type\": \"reltime\",\n\t\t\t\t\"available\"\
        : false,\n\t\t\t\t\"direction\": \"none\",\n\t\t\t\t\"comparison\": \"none\"\
        ,\n\t\t\t\t\"sortable\": true,\n\t\t\t\t\"name\": \"Avg Resp Time (ms)\",\n\
        \t\t\t\t\"comparison_parameter\": \"\",\n\t\t\t\t\"has_others\": false,\n\t\
        \t\t\t\"context\": false,\n\t\t\t\t\"name_type\": \"colname_parts\"\n\t\t\t\
        },\n\t\t\t{\n\t\t\t\t\"strid\": \"ID_SERVER_DELAY\",\n\t\t\t\t\"metric\":\
        \ \"srv_delay\",\n\t\t\t\t\"rate\": \"count\",\n\t\t\t\t\"statistic\": \"\
        avg\",\n\t\t\t\t\"id\": 282,\n\t\t\t\t\"unit\": \"rsec\",\n\t\t\t\t\"category\"\
        : \"data\",\n\t\t\t\t\"severity\": \"none\",\n\t\t\t\t\"area\": \"none\",\n\
        \t\t\t\t\"internal\": false,\n\t\t\t\t\"role\": \"none\",\n\t\t\t\t\"cli_srv\"\
        : \"none\",\n\t\t\t\t\"type\": \"reltime\",\n\t\t\t\t\"available\": false,\n\
        \t\t\t\t\"direction\": \"none\",\n\t\t\t\t\"comparison\": \"none\",\n\t\t\t\
        \t\"sortable\": true,\n\t\t\t\t\"name\": \"Avg Server Delay (ms)\",\n\t\t\t\
        \t\"comparison_parameter\": \"\",\n\t\t\t\t\"has_others\": false,\n\t\t\t\t\
        \"context\": false,\n\t\t\t\t\"name_type\": \"colname_parts\"\n\t\t\t},\n\t\
        \t\t{\n\t\t\t\t\"strid\": \"ID_PEAK_RSEC_NETWORK_RTT\",\n\t\t\t\t\"metric\"\
        : \"net_rtt\",\n\t\t\t\t\"rate\": \"count\",\n\t\t\t\t\"statistic\": \"peak\"\
        ,\n\t\t\t\t\"id\": 466,\n\t\t\t\t\"unit\": \"rsec\",\n\t\t\t\t\"category\"\
        : \"data\",\n\t\t\t\t\"severity\": \"none\",\n\t\t\t\t\"area\": \"none\",\n\
        \t\t\t\t\"internal\": false,\n\t\t\t\t\"role\": \"none\",\n\t\t\t\t\"cli_srv\"\
        : \"none\",\n\t\t\t\t\"type\": \"reltime\",\n\t\t\t\t\"available\": false,\n\
        \t\t\t\t\"direction\": \"none\",\n\t\t\t\t\"comparison\": \"none\",\n\t\t\t\
        \t\"sortable\": true,\n\t\t\t\t\"name\": \"Peak Net RTT (ms)\",\n\t\t\t\t\"\
        comparison_parameter\": \"\",\n\t\t\t\t\"has_others\": false,\n\t\t\t\t\"\
        context\": false,\n\t\t\t\t\"name_type\": \"colname_parts\"\n\t\t\t},\n\t\t\
        \t{\n\t\t\t\t\"strid\": \"ID_PEAK_RSEC_RESPONSE_TIME\",\n\t\t\t\t\"metric\"\
        : \"resp_tm\",\n\t\t\t\t\"rate\": \"count\",\n\t\t\t\t\"statistic\": \"peak\"\
        ,\n\t\t\t\t\"id\": 467,\n\t\t\t\t\"unit\": \"rsec\",\n\t\t\t\t\"category\"\
        : \"data\",\n\t\t\t\t\"severity\": \"none\",\n\t\t\t\t\"area\": \"none\",\n\
        \t\t\t\t\"internal\": false,\n\t\t\t\t\"role\": \"none\",\n\t\t\t\t\"cli_srv\"\
        : \"none\",\n\t\t\t\t\"type\": \"reltime\",\n\t\t\t\t\"available\": false,\n\
        \t\t\t\t\"direction\": \"none\",\n\t\t\t\t\"comparison\": \"none\",\n\t\t\t\
        \t\"sortable\": true,\n\t\t\t\t\"name\": \"Peak Resp Time (ms)\",\n\t\t\t\t\
        \"comparison_parameter\": \"\",\n\t\t\t\t\"has_others\": false,\n\t\t\t\t\"\
        context\": false,\n\t\t\t\t\"name_type\": \"colname_parts\"\n\t\t\t},\n\t\t\
        \t{\n\t\t\t\t\"strid\": \"ID_PEAK_RSEC_SERVER_DELAY\",\n\t\t\t\t\"metric\"\
        : \"srv_delay\",\n\t\t\t\t\"rate\": \"count\",\n\t\t\t\t\"statistic\": \"\
        peak\",\n\t\t\t\t\"id\": 468,\n\t\t\t\t\"unit\": \"rsec\",\n\t\t\t\t\"category\"\
        : \"data\",\n\t\t\t\t\"severity\": \"none\",\n\t\t\t\t\"area\": \"none\",\n\
        \t\t\t\t\"internal\": false,\n\t\t\t\t\"role\": \"none\",\n\t\t\t\t\"cli_srv\"\
        : \"none\",\n\t\t\t\t\"type\": \"reltime\",\n\t\t\t\t\"available\": false,\n\
        \t\t\t\t\"direction\": \"none\",\n\t\t\t\t\"comparison\": \"none\",\n\t\t\t\
        \t\"sortable\": true,\n\t\t\t\t\"name\": \"Peak Server Delay (ms)\",\n\t\t\
        \t\t\"comparison_parameter\": \"\",\n\t\t\t\t\"has_others\": false,\n\t\t\t\
        \t\"context\": false,\n\t\t\t\t\"name_type\": \"colname_parts\"\n\t\t\t},\n\
        \t\t\t{\n\t\t\t\t\"strid\": \"ID_AVG_RSEC_PERCONN\",\n\t\t\t\t\"metric\":\
        \ \"net_bw\",\n\t\t\t\t\"rate\": \"perconn\",\n\t\t\t\t\"statistic\": \"avg\"\
        ,\n\t\t\t\t\"id\": 548,\n\t\t\t\t\"unit\": \"rsec\",\n\t\t\t\t\"category\"\
        : \"data\",\n\t\t\t\t\"severity\": \"none\",\n\t\t\t\t\"area\": \"none\",\n\
        \t\t\t\t\"internal\": false,\n\t\t\t\t\"role\": \"none\",\n\t\t\t\t\"cli_srv\"\
        : \"none\",\n\t\t\t\t\"type\": \"reltime\",\n\t\t\t\t\"available\": false,\n\
        \t\t\t\t\"direction\": \"none\",\n\t\t\t\t\"comparison\": \"none\",\n\t\t\t\
        \t\"sortable\": true,\n\t\t\t\t\"name\": \"Avg Conn Duration\",\n\t\t\t\t\"\
        comparison_parameter\": \"\",\n\t\t\t\t\"has_others\": false,\n\t\t\t\t\"\
        context\": false,\n\t\t\t\t\"name_type\": \"colname_parts\"\n\t\t\t},\n\t\t\
        \t{\n\t\t\t\t\"strid\": \"ID_PEAK_RSEC_PERCONN\",\n\t\t\t\t\"metric\": \"\
        net_bw\",\n\t\t\t\t\"rate\": \"perconn\",\n\t\t\t\t\"statistic\": \"peak\"\
        ,\n\t\t\t\t\"id\": 554,\n\t\t\t\t\"unit\": \"rsec\",\n\t\t\t\t\"category\"\
        : \"data\",\n\t\t\t\t\"severity\": \"none\",\n\t\t\t\t\"area\": \"none\",\n\
        \t\t\t\t\"internal\": false,\n\t\t\t\t\"role\": \"none\",\n\t\t\t\t\"cli_srv\"\
        : \"none\",\n\t\t\t\t\"type\": \"reltime\",\n\t\t\t\t\"available\": false,\n\
        \t\t\t\t\"direction\": \"none\",\n\t\t\t\t\"comparison\": \"none\",\n\t\t\t\
        \t\"sortable\": true,\n\t\t\t\t\"name\": \"Peak Conn Duration\",\n\t\t\t\t\
        \"comparison_parameter\": \"\",\n\t\t\t\t\"has_others\": false,\n\t\t\t\t\"\
        context\": false,\n\t\t\t\t\"name_type\": \"colname_parts\"\n\t\t\t},\n\t\t\
        \t{\n\t\t\t\t\"strid\": \"ID_CLIENT_DELAY\",\n\t\t\t\t\"metric\": \"cli_delay\"\
        ,\n\t\t\t\t\"rate\": \"count\",\n\t\t\t\t\"statistic\": \"avg\",\n\t\t\t\t\
        \"id\": 612,\n\t\t\t\t\"unit\": \"rsec\",\n\t\t\t\t\"category\": \"data\"\
        ,\n\t\t\t\t\"severity\": \"none\",\n\t\t\t\t\"area\": \"none\",\n\t\t\t\t\"\
        internal\": false,\n\t\t\t\t\"role\": \"none\",\n\t\t\t\t\"cli_srv\": \"none\"\
        ,\n\t\t\t\t\"type\": \"reltime\",\n\t\t\t\t\"available\": false,\n\t\t\t\t\
        \"direction\": \"none\",\n\t\t\t\t\"comparison\": \"none\",\n\t\t\t\t\"sortable\"\
        : true,\n\t\t\t\t\"name\": \"Avg Client Delay (ms)\",\n\t\t\t\t\"comparison_parameter\"\
        : \"\",\n\t\t\t\t\"has_others\": false,\n\t\t\t\t\"context\": false,\n\t\t\
        \t\t\"name_type\": \"colname_parts\"\n\t\t\t},\n\t\t\t{\n\t\t\t\t\"strid\"\
        : \"ID_PEAK_RSEC_CLIENT_DELAY\",\n\t\t\t\t\"metric\": \"cli_delay\",\n\t\t\
        \t\t\"rate\": \"count\",\n\t\t\t\t\"statistic\": \"peak\",\n\t\t\t\t\"id\"\
        : 613,\n\t\t\t\t\"unit\": \"rsec\",\n\t\t\t\t\"category\": \"data\",\n\t\t\
        \t\t\"severity\": \"none\",\n\t\t\t\t\"area\": \"none\",\n\t\t\t\t\"internal\"\
        : false,\n\t\t\t\t\"role\": \"none\",\n\t\t\t\t\"cli_srv\": \"none\",\n\t\t\
        \t\t\"type\": \"reltime\",\n\t\t\t\t\"available\": false,\n\t\t\t\t\"direction\"\
        : \"none\",\n\t\t\t\t\"comparison\": \"none\",\n\t\t\t\t\"sortable\": true,\n\
        \t\t\t\t\"name\": \"Peak Client Delay (ms)\",\n\t\t\t\t\"comparison_parameter\"\
        : \"\",\n\t\t\t\t\"has_others\": false,\n\t\t\t\t\"context\": false,\n\t\t\
        \t\t\"name_type\": \"colname_parts\"\n\t\t\t},\n\t\t\t{\n\t\t\t\t\"strid\"\
        : \"ID_AVG_REQUEST_NETWORK_TIME\",\n\t\t\t\t\"metric\": \"req_net_tm\",\n\t\
        \t\t\t\"rate\": \"count\",\n\t\t\t\t\"statistic\": \"avg\",\n\t\t\t\t\"id\"\
        : 934,\n\t\t\t\t\"unit\": \"rsec\",\n\t\t\t\t\"category\": \"data\",\n\t\t\
        \t\t\"severity\": \"none\",\n\t\t\t\t\"area\": \"none\",\n\t\t\t\t\"internal\"\
        : false,\n\t\t\t\t\"role\": \"none\",\n\t\t\t\t\"cli_srv\": \"none\",\n\t\t\
        \t\t\"type\": \"reltime\",\n\t\t\t\t\"available\": false,\n\t\t\t\t\"direction\"\
        : \"none\",\n\t\t\t\t\"comparison\": \"none\",\n\t\t\t\t\"sortable\": true,\n\
        \t\t\t\t\"name\": \"Avg Req Network Time (ms)\",\n\t\t\t\t\"comparison_parameter\"\
        : \"\",\n\t\t\t\t\"has_others\": false,\n\t\t\t\t\"context\": false,\n\t\t\
        \t\t\"name_type\": \"colname_parts\"\n\t\t\t},\n\t\t\t{\n\t\t\t\t\"strid\"\
        : \"ID_PEAK_REQUEST_NETWORK_TIME\",\n\t\t\t\t\"metric\": \"req_net_tm\",\n\
        \t\t\t\t\"rate\": \"count\",\n\t\t\t\t\"statistic\": \"peak\",\n\t\t\t\t\"\
        id\": 935,\n\t\t\t\t\"unit\": \"rsec\",\n\t\t\t\t\"category\": \"data\",\n\
        \t\t\t\t\"severity\": \"none\",\n\t\t\t\t\"area\": \"none\",\n\t\t\t\t\"internal\"\
        : false,\n\t\t\t\t\"role\": \"none\",\n\t\t\t\t\"cli_srv\": \"none\",\n\t\t\
        \t\t\"type\": \"reltime\",\n\t\t\t\t\"available\": false,\n\t\t\t\t\"direction\"\
        : \"none\",\n\t\t\t\t\"comparison\": \"none\",\n\t\t\t\t\"sortable\": true,\n\
        \t\t\t\t\"name\": \"Peak Req Network Time (ms)\",\n\t\t\t\t\"comparison_parameter\"\
        : \"\",\n\t\t\t\t\"has_others\": false,\n\t\t\t\t\"context\": false,\n\t\t\
        \t\t\"name_type\": \"colname_parts\"\n\t\t\t},\n\t\t\t{\n\t\t\t\t\"strid\"\
        : \"ID_AVG_RESPONSE_NETWORK_TIME\",\n\t\t\t\t\"metric\": \"rsp_net_tm\",\n\
        \t\t\t\t\"rate\": \"count\",\n\t\t\t\t\"statistic\": \"avg\",\n\t\t\t\t\"\
        id\": 936,\n\t\t\t\t\"unit\": \"rsec\",\n\t\t\t\t\"category\": \"data\",\n\
        \t\t\t\t\"severity\": \"none\",\n\t\t\t\t\"area\": \"none\",\n\t\t\t\t\"internal\"\
        : false,\n\t\t\t\t\"role\": \"none\",\n\t\t\t\t\"cli_srv\": \"none\",\n\t\t\
        \t\t\"type\": \"reltime\",\n\t\t\t\t\"available\": false,\n\t\t\t\t\"direction\"\
        : \"none\",\n\t\t\t\t\"comparison\": \"none\",\n\t\t\t\t\"sortable\": true,\n\
        \t\t\t\t\"name\": \"Avg Resp Network Time (ms)\",\n\t\t\t\t\"comparison_parameter\"\
        : \"\",\n\t\t\t\t\"has_others\": false,\n\t\t\t\t\"context\": false,\n\t\t\
        \t\t\"name_type\": \"colname_parts\"\n\t\t\t},\n\t\t\t{\n\t\t\t\t\"strid\"\
        : \"ID_PEAK_RESPONSE_NETWORK_TIME\",\n\t\t\t\t\"metric\": \"rsp_net_tm\",\n\
        \t\t\t\t\"rate\": \"count\",\n\t\t\t\t\"statistic\": \"peak\",\n\t\t\t\t\"\
        id\": 937,\n\t\t\t\t\"unit\": \"rsec\",\n\t\t\t\t\"category\": \"data\",\n\
        \t\t\t\t\"severity\": \"none\",\n\t\t\t\t\"area\": \"none\",\n\t\t\t\t\"internal\"\
        : false,\n\t\t\t\t\"role\": \"none\",\n\t\t\t\t\"cli_srv\": \"none\",\n\t\t\
        \t\t\"type\": \"reltime\",\n\t\t\t\t\"available\": false,\n\t\t\t\t\"direction\"\
        : \"none\",\n\t\t\t\t\"comparison\": \"none\",\n\t\t\t\t\"sortable\": true,\n\
        \t\t\t\t\"name\": \"Peak Resp Network Time (ms)\",\n\t\t\t\t\"comparison_parameter\"\
        : \"\",\n\t\t\t\t\"has_others\": false,\n\t\t\t\t\"context\": false,\n\t\t\
        \t\t\"name_type\": \"colname_parts\"\n\t\t\t},\n\t\t\t{\n\t\t\t\t\"strid\"\
        : \"ID_AVG_TOTAL_TRANSACTION_TIME\",\n\t\t\t\t\"metric\": \"trans_tm\",\n\t\
        \t\t\t\"rate\": \"count\",\n\t\t\t\t\"statistic\": \"avg\",\n\t\t\t\t\"id\"\
        : 939,\n\t\t\t\t\"unit\": \"rsec\",\n\t\t\t\t\"category\": \"data\",\n\t\t\
        \t\t\"severity\": \"none\",\n\t\t\t\t\"area\": \"none\",\n\t\t\t\t\"internal\"\
        : false,\n\t\t\t\t\"role\": \"none\",\n\t\t\t\t\"cli_srv\": \"none\",\n\t\t\
        \t\t\"type\": \"reltime\",\n\t\t\t\t\"available\": false,\n\t\t\t\t\"direction\"\
        : \"none\",\n\t\t\t\t\"comparison\": \"none\",\n\t\t\t\t\"sortable\": true,\n\
        \t\t\t\t\"name\": \"Avg Total Transaction Time (ms)\",\n\t\t\t\t\"comparison_parameter\"\
        : \"\",\n\t\t\t\t\"has_others\": false,\n\t\t\t\t\"context\": false,\n\t\t\
        \t\t\"name_type\": \"colname_parts\"\n\t\t\t},\n\t\t\t{\n\t\t\t\t\"strid\"\
        : \"ID_PEAK_TOTAL_TRANSACTION_TIME\",\n\t\t\t\t\"metric\": \"trans_tm\",\n\
        \t\t\t\t\"rate\": \"count\",\n\t\t\t\t\"statistic\": \"peak\",\n\t\t\t\t\"\
        id\": 940,\n\t\t\t\t\"unit\": \"rsec\",\n\t\t\t\t\"category\": \"data\",\n\
        \t\t\t\t\"severity\": \"none\",\n\t\t\t\t\"area\": \"none\",\n\t\t\t\t\"internal\"\
        : false,\n\t\t\t\t\"role\": \"none\",\n\t\t\t\t\"cli_srv\": \"none\",\n\t\t\
        \t\t\"type\": \"reltime\",\n\t\t\t\t\"available\": false,\n\t\t\t\t\"direction\"\
        : \"none\",\n\t\t\t\t\"comparison\": \"none\",\n\t\t\t\t\"sortable\": true,\n\
        \t\t\t\t\"name\": \"Peak Total Transaction Time (ms)\",\n\t\t\t\t\"comparison_parameter\"\
        : \"\",\n\t\t\t\t\"has_others\": false,\n\t\t\t\t\"context\": false,\n\t\t\
        \t\t\"name_type\": \"colname_parts\"\n\t\t\t},\n\t\t\t{\n\t\t\t\t\"strid\"\
        : \"ID_AVG_REQUEST_RETRANSMISSION_TIME\",\n\t\t\t\t\"metric\": \"req_tm\"\
        ,\n\t\t\t\t\"rate\": \"count\",\n\t\t\t\t\"statistic\": \"avg\",\n\t\t\t\t\
        \"id\": 941,\n\t\t\t\t\"unit\": \"rsec\",\n\t\t\t\t\"category\": \"data\"\
        ,\n\t\t\t\t\"severity\": \"none\",\n\t\t\t\t\"area\": \"none\",\n\t\t\t\t\"\
        internal\": false,\n\t\t\t\t\"role\": \"none\",\n\t\t\t\t\"cli_srv\": \"none\"\
        ,\n\t\t\t\t\"type\": \"reltime\",\n\t\t\t\t\"available\": false,\n\t\t\t\t\
        \"direction\": \"none\",\n\t\t\t\t\"comparison\": \"none\",\n\t\t\t\t\"sortable\"\
        : true,\n\t\t\t\t\"name\": \"Avg Req Retrans Time (ms)\",\n\t\t\t\t\"comparison_parameter\"\
        : \"\",\n\t\t\t\t\"has_others\": false,\n\t\t\t\t\"context\": false,\n\t\t\
        \t\t\"name_type\": \"colname_parts\"\n\t\t\t},\n\t\t\t{\n\t\t\t\t\"strid\"\
        : \"ID_PEAK_REQUEST_RETRANSMISSION_TIME\",\n\t\t\t\t\"metric\": \"req_tm\"\
        ,\n\t\t\t\t\"rate\": \"count\",\n\t\t\t\t\"statistic\": \"peak\",\n\t\t\t\t\
        \"id\": 942,\n\t\t\t\t\"unit\": \"rsec\",\n\t\t\t\t\"category\": \"data\"\
        ,\n\t\t\t\t\"severity\": \"none\",\n\t\t\t\t\"area\": \"none\",\n\t\t\t\t\"\
        internal\": false,\n\t\t\t\t\"role\": \"none\",\n\t\t\t\t\"cli_srv\": \"none\"\
        ,\n\t\t\t\t\"type\": \"reltime\",\n\t\t\t\t\"available\": false,\n\t\t\t\t\
        \"direction\": \"none\",\n\t\t\t\t\"comparison\": \"none\",\n\t\t\t\t\"sortable\"\
        : true,\n\t\t\t\t\"name\": \"Peak Req Retrans Time (ms)\",\n\t\t\t\t\"comparison_parameter\"\
        : \"\",\n\t\t\t\t\"has_others\": false,\n\t\t\t\t\"context\": false,\n\t\t\
        \t\t\"name_type\": \"colname_parts\"\n\t\t\t},\n\t\t\t{\n\t\t\t\t\"strid\"\
        : \"ID_AVG_RESPONSE_RETRANSMISSION_TIME\",\n\t\t\t\t\"metric\": \"rsp_tm\"\
        ,\n\t\t\t\t\"rate\": \"count\",\n\t\t\t\t\"statistic\": \"avg\",\n\t\t\t\t\
        \"id\": 943,\n\t\t\t\t\"unit\": \"rsec\",\n\t\t\t\t\"category\": \"data\"\
        ,\n\t\t\t\t\"severity\": \"none\",\n\t\t\t\t\"area\": \"none\",\n\t\t\t\t\"\
        internal\": false,\n\t\t\t\t\"role\": \"none\",\n\t\t\t\t\"cli_srv\": \"none\"\
        ,\n\t\t\t\t\"type\": \"reltime\",\n\t\t\t\t\"available\": false,\n\t\t\t\t\
        \"direction\": \"none\",\n\t\t\t\t\"comparison\": \"none\",\n\t\t\t\t\"sortable\"\
        : true,\n\t\t\t\t\"name\": \"Avg Resp Retrans Time (ms)\",\n\t\t\t\t\"comparison_parameter\"\
        : \"\",\n\t\t\t\t\"has_others\": false,\n\t\t\t\t\"context\": false,\n\t\t\
        \t\t\"name_type\": \"colname_parts\"\n\t\t\t},\n\t\t\t{\n\t\t\t\t\"strid\"\
        : \"ID_PEAK_RESPONSE_RETRANSMISSION_TIME\",\n\t\t\t\t\"metric\": \"rsp_tm\"\
        ,\n\t\t\t\t\"rate\": \"count\",\n\t\t\t\t\"statistic\": \"peak\",\n\t\t\t\t\
        \"id\": 944,\n\t\t\t\t\"unit\": \"rsec\",\n\t\t\t\t\"category\": \"data\"\
        ,\n\t\t\t\t\"severity\": \"none\",\n\t\t\t\t\"area\": \"none\",\n\t\t\t\t\"\
        internal\": false,\n\t\t\t\t\"role\": \"none\",\n\t\t\t\t\"cli_srv\": \"none\"\
        ,\n\t\t\t\t\"type\": \"reltime\",\n\t\t\t\t\"available\": false,\n\t\t\t\t\
        \"direction\": \"none\",\n\t\t\t\t\"comparison\": \"none\",\n\t\t\t\t\"sortable\"\
        : true,\n\t\t\t\t\"name\": \"Peak Resp Retrans Time (ms)\",\n\t\t\t\t\"comparison_parameter\"\
        : \"\",\n\t\t\t\t\"has_others\": false,\n\t\t\t\t\"context\": false,\n\t\t\
        \t\t\"name_type\": \"colname_parts\"\n\t\t\t},\n\t\t\t{\n\t\t\t\t\"strid\"\
        : \"ID_DSCP_LIST\",\n\t\t\t\t\"metric\": \"dscp_list\",\n\t\t\t\t\"rate\"\
        : \"none\",\n\t\t\t\t\"statistic\": \"none\",\n\t\t\t\t\"id\": 982,\n\t\t\t\
        \t\"unit\": \"none\",\n\t\t\t\t\"category\": \"info_data\",\n\t\t\t\t\"severity\"\
        : \"none\",\n\t\t\t\t\"area\": \"none\",\n\t\t\t\t\"internal\": false,\n\t\
        \t\t\t\"role\": \"none\",\n\t\t\t\t\"cli_srv\": \"none\",\n\t\t\t\t\"type\"\
        : \"dscp_list\",\n\t\t\t\t\"available\": false,\n\t\t\t\t\"direction\": \"\
        none\",\n\t\t\t\t\"comparison\": \"none\",\n\t\t\t\t\"sortable\": false,\n\
        \t\t\t\t\"name\": \"DSCP List\",\n\t\t\t\t\"comparison_parameter\": \"\",\n\
        \t\t\t\t\"has_others\": false,\n\t\t\t\t\"context\": false,\n\t\t\t\t\"name_type\"\
        : \"string\"\n\t\t\t},\n\t\t\t{\n\t\t\t\t\"strid\": \"ID_EXP_LIST\",\n\t\t\
        \t\t\"metric\": \"exp_list\",\n\t\t\t\t\"rate\": \"none\",\n\t\t\t\t\"statistic\"\
        : \"none\",\n\t\t\t\t\"id\": 1001,\n\t\t\t\t\"unit\": \"none\",\n\t\t\t\t\"\
        category\": \"info_data\",\n\t\t\t\t\"severity\": \"none\",\n\t\t\t\t\"area\"\
        : \"none\",\n\t\t\t\t\"internal\": false,\n\t\t\t\t\"role\": \"none\",\n\t\
        \t\t\t\"cli_srv\": \"none\",\n\t\t\t\t\"type\": \"exp_list\",\n\t\t\t\t\"\
        available\": false,\n\t\t\t\t\"direction\": \"none\",\n\t\t\t\t\"comparison\"\
        : \"none\",\n\t\t\t\t\"sortable\": false,\n\t\t\t\t\"name\": \"EXP List\"\
        ,\n\t\t\t\t\"comparison_parameter\": \"\",\n\t\t\t\t\"has_others\": false,\n\
        \t\t\t\t\"context\": false,\n\t\t\t\t\"name_type\": \"string\"\n\t\t\t},\n\
        \t\t\t{\n\t\t\t\t\"strid\": \"ID_IN_TOTAL_BYTES\",\n\t\t\t\t\"metric\": \"\
        net_bw\",\n\t\t\t\t\"rate\": \"count\",\n\t\t\t\t\"statistic\": \"total\"\
        ,\n\t\t\t\t\"id\": 76,\n\t\t\t\t\"unit\": \"bytes\",\n\t\t\t\t\"category\"\
        : \"data\",\n\t\t\t\t\"severity\": \"none\",\n\t\t\t\t\"area\": \"none\",\n\
        \t\t\t\t\"internal\": false,\n\t\t\t\t\"role\": \"none\",\n\t\t\t\t\"cli_srv\"\
        : \"none\",\n\t\t\t\t\"type\": \"int\",\n\t\t\t\t\"available\": false,\n\t\
        \t\t\t\"direction\": \"in\",\n\t\t\t\t\"comparison\": \"none\",\n\t\t\t\t\"\
        sortable\": true,\n\t\t\t\t\"name\": \"Total Bytes (Rx)\",\n\t\t\t\t\"comparison_parameter\"\
        : \"\",\n\t\t\t\t\"has_others\": false,\n\t\t\t\t\"context\": false,\n\t\t\
        \t\t\"name_type\": \"colname_parts\"\n\t\t\t},\n\t\t\t{\n\t\t\t\t\"strid\"\
        : \"ID_IN_TOTAL_BYTES_RTX\",\n\t\t\t\t\"metric\": \"rtx\",\n\t\t\t\t\"rate\"\
        : \"count\",\n\t\t\t\t\"statistic\": \"total\",\n\t\t\t\t\"id\": 401,\n\t\t\
        \t\t\"unit\": \"bytes\",\n\t\t\t\t\"category\": \"data\",\n\t\t\t\t\"severity\"\
        : \"none\",\n\t\t\t\t\"area\": \"none\",\n\t\t\t\t\"internal\": false,\n\t\
        \t\t\t\"role\": \"none\",\n\t\t\t\t\"cli_srv\": \"none\",\n\t\t\t\t\"type\"\
        : \"int\",\n\t\t\t\t\"available\": false,\n\t\t\t\t\"direction\": \"in\",\n\
        \t\t\t\t\"comparison\": \"none\",\n\t\t\t\t\"sortable\": true,\n\t\t\t\t\"\
        name\": \"Total Retrans Bytes (Rx)\",\n\t\t\t\t\"comparison_parameter\": \"\
        \",\n\t\t\t\t\"has_others\": false,\n\t\t\t\t\"context\": false,\n\t\t\t\t\
        \"name_type\": \"colname_parts\"\n\t\t\t},\n\t\t\t{\n\t\t\t\t\"strid\": \"\
        ID_IN_TOTAL_BYTES_APP\",\n\t\t\t\t\"metric\": \"app\",\n\t\t\t\t\"rate\":\
        \ \"count\",\n\t\t\t\t\"statistic\": \"total\",\n\t\t\t\t\"id\": 496,\n\t\t\
        \t\t\"unit\": \"bytes\",\n\t\t\t\t\"category\": \"data\",\n\t\t\t\t\"severity\"\
        : \"none\",\n\t\t\t\t\"area\": \"none\",\n\t\t\t\t\"internal\": false,\n\t\
        \t\t\t\"role\": \"none\",\n\t\t\t\t\"cli_srv\": \"none\",\n\t\t\t\t\"type\"\
        : \"int\",\n\t\t\t\t\"available\": false,\n\t\t\t\t\"direction\": \"in\",\n\
        \t\t\t\t\"comparison\": \"none\",\n\t\t\t\t\"sortable\": true,\n\t\t\t\t\"\
        name\": \"Total App Bytes (Rx)\",\n\t\t\t\t\"comparison_parameter\": \"\"\
        ,\n\t\t\t\t\"has_others\": false,\n\t\t\t\t\"context\": false,\n\t\t\t\t\"\
        name_type\": \"colname_parts\"\n\t\t\t},\n\t\t\t{\n\t\t\t\t\"strid\": \"ID_IN_TOTAL_PKTS\"\
        ,\n\t\t\t\t\"metric\": \"net_bw\",\n\t\t\t\t\"rate\": \"count\",\n\t\t\t\t\
        \"statistic\": \"total\",\n\t\t\t\t\"id\": 77,\n\t\t\t\t\"unit\": \"pkts\"\
        ,\n\t\t\t\t\"category\": \"data\",\n\t\t\t\t\"severity\": \"none\",\n\t\t\t\
        \t\"area\": \"none\",\n\t\t\t\t\"internal\": false,\n\t\t\t\t\"role\": \"\
        none\",\n\t\t\t\t\"cli_srv\": \"none\",\n\t\t\t\t\"type\": \"int\",\n\t\t\t\
        \t\"available\": false,\n\t\t\t\t\"direction\": \"in\",\n\t\t\t\t\"comparison\"\
        : \"none\",\n\t\t\t\t\"sortable\": true,\n\t\t\t\t\"name\": \"Total Packets\
        \ (Rx)\",\n\t\t\t\t\"comparison_parameter\": \"\",\n\t\t\t\t\"has_others\"\
        : false,\n\t\t\t\t\"context\": false,\n\t\t\t\t\"name_type\": \"colname_parts\"\
        \n\t\t\t},\n\t\t\t{\n\t\t\t\t\"strid\": \"ID_IN_TOTAL_PKTS_RTX\",\n\t\t\t\t\
        \"metric\": \"rtx\",\n\t\t\t\t\"rate\": \"count\",\n\t\t\t\t\"statistic\"\
        : \"total\",\n\t\t\t\t\"id\": 402,\n\t\t\t\t\"unit\": \"pkts\",\n\t\t\t\t\"\
        category\": \"data\",\n\t\t\t\t\"severity\": \"none\",\n\t\t\t\t\"area\":\
        \ \"none\",\n\t\t\t\t\"internal\": false,\n\t\t\t\t\"role\": \"none\",\n\t\
        \t\t\t\"cli_srv\": \"none\",\n\t\t\t\t\"type\": \"int\",\n\t\t\t\t\"available\"\
        : false,\n\t\t\t\t\"direction\": \"in\",\n\t\t\t\t\"comparison\": \"none\"\
        ,\n\t\t\t\t\"sortable\": true,\n\t\t\t\t\"name\": \"Total Retrans Packets\
        \ (Rx)\",\n\t\t\t\t\"comparison_parameter\": \"\",\n\t\t\t\t\"has_others\"\
        : false,\n\t\t\t\t\"context\": false,\n\t\t\t\t\"name_type\": \"colname_parts\"\
        \n\t\t\t},\n\t\t\t{\n\t\t\t\t\"strid\": \"ID_IN_TOTAL_CONNS_RSTS\",\n\t\t\t\
        \t\"metric\": \"resets\",\n\t\t\t\t\"rate\": \"count\",\n\t\t\t\t\"statistic\"\
        : \"total\",\n\t\t\t\t\"id\": 423,\n\t\t\t\t\"unit\": \"conns\",\n\t\t\t\t\
        \"category\": \"data\",\n\t\t\t\t\"severity\": \"none\",\n\t\t\t\t\"area\"\
        : \"none\",\n\t\t\t\t\"internal\": false,\n\t\t\t\t\"role\": \"none\",\n\t\
        \t\t\t\"cli_srv\": \"none\",\n\t\t\t\t\"type\": \"int\",\n\t\t\t\t\"available\"\
        : false,\n\t\t\t\t\"direction\": \"in\",\n\t\t\t\t\"comparison\": \"none\"\
        ,\n\t\t\t\t\"sortable\": true,\n\t\t\t\t\"name\": \"Total Resets (Rx)\",\n\
        \t\t\t\t\"comparison_parameter\": \"\",\n\t\t\t\t\"has_others\": false,\n\t\
        \t\t\t\"context\": false,\n\t\t\t\t\"name_type\": \"colname_parts\"\n\t\t\t\
        },\n\t\t\t{\n\t\t\t\t\"strid\": \"ID_IN_AVG_BYTES\",\n\t\t\t\t\"metric\":\
        \ \"net_bw\",\n\t\t\t\t\"rate\": \"persec\",\n\t\t\t\t\"statistic\": \"avg\"\
        ,\n\t\t\t\t\"id\": 79,\n\t\t\t\t\"unit\": \"bytes\",\n\t\t\t\t\"category\"\
        : \"data\",\n\t\t\t\t\"severity\": \"none\",\n\t\t\t\t\"area\": \"none\",\n\
        \t\t\t\t\"internal\": false,\n\t\t\t\t\"role\": \"none\",\n\t\t\t\t\"cli_srv\"\
        : \"none\",\n\t\t\t\t\"type\": \"float\",\n\t\t\t\t\"available\": false,\n\
        \t\t\t\t\"direction\": \"in\",\n\t\t\t\t\"comparison\": \"none\",\n\t\t\t\t\
        \"sortable\": true,\n\t\t\t\t\"name\": \"Avg Bytes/s (Rx)\",\n\t\t\t\t\"comparison_parameter\"\
        : \"\",\n\t\t\t\t\"has_others\": false,\n\t\t\t\t\"context\": false,\n\t\t\
        \t\t\"name_type\": \"colname_parts\"\n\t\t\t},\n\t\t\t{\n\t\t\t\t\"strid\"\
        : \"ID_IN_AVG_BYTES_RTX\",\n\t\t\t\t\"metric\": \"rtx\",\n\t\t\t\t\"rate\"\
        : \"persec\",\n\t\t\t\t\"statistic\": \"avg\",\n\t\t\t\t\"id\": 397,\n\t\t\
        \t\t\"unit\": \"bytes\",\n\t\t\t\t\"category\": \"data\",\n\t\t\t\t\"severity\"\
        : \"none\",\n\t\t\t\t\"area\": \"none\",\n\t\t\t\t\"internal\": false,\n\t\
        \t\t\t\"role\": \"none\",\n\t\t\t\t\"cli_srv\": \"none\",\n\t\t\t\t\"type\"\
        : \"float\",\n\t\t\t\t\"available\": false,\n\t\t\t\t\"direction\": \"in\"\
        ,\n\t\t\t\t\"comparison\": \"none\",\n\t\t\t\t\"sortable\": true,\n\t\t\t\t\
        \"name\": \"Avg Retrans Bytes/s (Rx)\",\n\t\t\t\t\"comparison_parameter\"\
        : \"\",\n\t\t\t\t\"has_others\": false,\n\t\t\t\t\"context\": false,\n\t\t\
        \t\t\"name_type\": \"colname_parts\"\n\t\t\t},\n\t\t\t{\n\t\t\t\t\"strid\"\
        : \"ID_IN_AVG_BYTES_APP\",\n\t\t\t\t\"metric\": \"app\",\n\t\t\t\t\"rate\"\
        : \"persec\",\n\t\t\t\t\"statistic\": \"avg\",\n\t\t\t\t\"id\": 507,\n\t\t\
        \t\t\"unit\": \"bytes\",\n\t\t\t\t\"category\": \"data\",\n\t\t\t\t\"severity\"\
        : \"none\",\n\t\t\t\t\"area\": \"none\",\n\t\t\t\t\"internal\": false,\n\t\
        \t\t\t\"role\": \"none\",\n\t\t\t\t\"cli_srv\": \"none\",\n\t\t\t\t\"type\"\
        : \"float\",\n\t\t\t\t\"available\": false,\n\t\t\t\t\"direction\": \"in\"\
        ,\n\t\t\t\t\"comparison\": \"none\",\n\t\t\t\t\"sortable\": true,\n\t\t\t\t\
        \"name\": \"Avg App Bytes/s (Rx)\",\n\t\t\t\t\"comparison_parameter\": \"\"\
        ,\n\t\t\t\t\"has_others\": false,\n\t\t\t\t\"context\": false,\n\t\t\t\t\"\
        name_type\": \"colname_parts\"\n\t\t\t},\n\t\t\t{\n\t\t\t\t\"strid\": \"ID_IN_AVG_BYTES_PERSECCONN\"\
        ,\n\t\t\t\t\"metric\": \"net_bw\",\n\t\t\t\t\"rate\": \"persecconn\",\n\t\t\
        \t\t\"statistic\": \"avg\",\n\t\t\t\t\"id\": 559,\n\t\t\t\t\"unit\": \"bytes\"\
        ,\n\t\t\t\t\"category\": \"data\",\n\t\t\t\t\"severity\": \"none\",\n\t\t\t\
        \t\"area\": \"none\",\n\t\t\t\t\"internal\": false,\n\t\t\t\t\"role\": \"\
        none\",\n\t\t\t\t\"cli_srv\": \"none\",\n\t\t\t\t\"type\": \"float\",\n\t\t\
        \t\t\"available\": false,\n\t\t\t\t\"direction\": \"in\",\n\t\t\t\t\"comparison\"\
        : \"none\",\n\t\t\t\t\"sortable\": true,\n\t\t\t\t\"name\": \"Avg Bytes/s\
        \ per Conn (Rx)\",\n\t\t\t\t\"comparison_parameter\": \"\",\n\t\t\t\t\"has_others\"\
        : false,\n\t\t\t\t\"context\": false,\n\t\t\t\t\"name_type\": \"colname_parts\"\
        \n\t\t\t},\n\t\t\t{\n\t\t\t\t\"strid\": \"ID_IN_AVG_BYTES_APP_PERSECCONN\"\
        ,\n\t\t\t\t\"metric\": \"app\",\n\t\t\t\t\"rate\": \"persecconn\",\n\t\t\t\
        \t\"statistic\": \"avg\",\n\t\t\t\t\"id\": 586,\n\t\t\t\t\"unit\": \"bytes\"\
        ,\n\t\t\t\t\"category\": \"data\",\n\t\t\t\t\"severity\": \"none\",\n\t\t\t\
        \t\"area\": \"none\",\n\t\t\t\t\"internal\": false,\n\t\t\t\t\"role\": \"\
        none\",\n\t\t\t\t\"cli_srv\": \"none\",\n\t\t\t\t\"type\": \"float\",\n\t\t\
        \t\t\"available\": false,\n\t\t\t\t\"direction\": \"in\",\n\t\t\t\t\"comparison\"\
        : \"none\",\n\t\t\t\t\"sortable\": true,\n\t\t\t\t\"name\": \"Avg App Bytes/s\
        \ per Conn (Rx)\",\n\t\t\t\t\"comparison_parameter\": \"\",\n\t\t\t\t\"has_others\"\
        : false,\n\t\t\t\t\"context\": false,\n\t\t\t\t\"name_type\": \"colname_parts\"\
        \n\t\t\t},\n\t\t\t{\n\t\t\t\t\"strid\": \"ID_IN_AVG_PKTS\",\n\t\t\t\t\"metric\"\
        : \"net_bw\",\n\t\t\t\t\"rate\": \"persec\",\n\t\t\t\t\"statistic\": \"avg\"\
        ,\n\t\t\t\t\"id\": 80,\n\t\t\t\t\"unit\": \"pkts\",\n\t\t\t\t\"category\"\
        : \"data\",\n\t\t\t\t\"severity\": \"none\",\n\t\t\t\t\"area\": \"none\",\n\
        \t\t\t\t\"internal\": false,\n\t\t\t\t\"role\": \"none\",\n\t\t\t\t\"cli_srv\"\
        : \"none\",\n\t\t\t\t\"type\": \"float\",\n\t\t\t\t\"available\": false,\n\
        \t\t\t\t\"direction\": \"in\",\n\t\t\t\t\"comparison\": \"none\",\n\t\t\t\t\
        \"sortable\": true,\n\t\t\t\t\"name\": \"Avg Packets/s (Rx)\",\n\t\t\t\t\"\
        comparison_parameter\": \"\",\n\t\t\t\t\"has_others\": false,\n\t\t\t\t\"\
        context\": false,\n\t\t\t\t\"name_type\": \"colname_parts\"\n\t\t\t},\n\t\t\
        \t{\n\t\t\t\t\"strid\": \"ID_IN_AVG_PKTS_RTX\",\n\t\t\t\t\"metric\": \"rtx\"\
        ,\n\t\t\t\t\"rate\": \"persec\",\n\t\t\t\t\"statistic\": \"avg\",\n\t\t\t\t\
        \"id\": 398,\n\t\t\t\t\"unit\": \"pkts\",\n\t\t\t\t\"category\": \"data\"\
        ,\n\t\t\t\t\"severity\": \"none\",\n\t\t\t\t\"area\": \"none\",\n\t\t\t\t\"\
        internal\": false,\n\t\t\t\t\"role\": \"none\",\n\t\t\t\t\"cli_srv\": \"none\"\
        ,\n\t\t\t\t\"type\": \"float\",\n\t\t\t\t\"available\": false,\n\t\t\t\t\"\
        direction\": \"in\",\n\t\t\t\t\"comparison\": \"none\",\n\t\t\t\t\"sortable\"\
        : true,\n\t\t\t\t\"name\": \"Avg Retrans Packets/s (Rx)\",\n\t\t\t\t\"comparison_parameter\"\
        : \"\",\n\t\t\t\t\"has_others\": false,\n\t\t\t\t\"context\": false,\n\t\t\
        \t\t\"name_type\": \"colname_parts\"\n\t\t\t},\n\t\t\t{\n\t\t\t\t\"strid\"\
        : \"ID_IN_AVG_CONNS_RSTS\",\n\t\t\t\t\"metric\": \"resets\",\n\t\t\t\t\"rate\"\
        : \"persec\",\n\t\t\t\t\"statistic\": \"avg\",\n\t\t\t\t\"id\": 427,\n\t\t\
        \t\t\"unit\": \"conns\",\n\t\t\t\t\"category\": \"data\",\n\t\t\t\t\"severity\"\
        : \"none\",\n\t\t\t\t\"area\": \"none\",\n\t\t\t\t\"internal\": false,\n\t\
        \t\t\t\"role\": \"none\",\n\t\t\t\t\"cli_srv\": \"none\",\n\t\t\t\t\"type\"\
        : \"float\",\n\t\t\t\t\"available\": false,\n\t\t\t\t\"direction\": \"in\"\
        ,\n\t\t\t\t\"comparison\": \"none\",\n\t\t\t\t\"sortable\": true,\n\t\t\t\t\
        \"name\": \"Avg Resets/s (Rx)\",\n\t\t\t\t\"comparison_parameter\": \"\",\n\
        \t\t\t\t\"has_others\": false,\n\t\t\t\t\"context\": false,\n\t\t\t\t\"name_type\"\
        : \"colname_parts\"\n\t\t\t},\n\t\t\t{\n\t\t\t\t\"strid\": \"ID_IN_PEAK_BYTES\"\
        ,\n\t\t\t\t\"metric\": \"net_bw\",\n\t\t\t\t\"rate\": \"persec\",\n\t\t\t\t\
        \"statistic\": \"peak\",\n\t\t\t\t\"id\": 82,\n\t\t\t\t\"unit\": \"bytes\"\
        ,\n\t\t\t\t\"category\": \"data\",\n\t\t\t\t\"severity\": \"none\",\n\t\t\t\
        \t\"area\": \"none\",\n\t\t\t\t\"internal\": false,\n\t\t\t\t\"role\": \"\
        none\",\n\t\t\t\t\"cli_srv\": \"none\",\n\t\t\t\t\"type\": \"float\",\n\t\t\
        \t\t\"available\": false,\n\t\t\t\t\"direction\": \"in\",\n\t\t\t\t\"comparison\"\
        : \"none\",\n\t\t\t\t\"sortable\": true,\n\t\t\t\t\"name\": \"Peak Bytes/s\
        \ (Rx)\",\n\t\t\t\t\"comparison_parameter\": \"\",\n\t\t\t\t\"has_others\"\
        : false,\n\t\t\t\t\"context\": false,\n\t\t\t\t\"name_type\": \"colname_parts\"\
        \n\t\t\t},\n\t\t\t{\n\t\t\t\t\"strid\": \"ID_IN_PEAK_BYTES_RTX\",\n\t\t\t\t\
        \"metric\": \"rtx\",\n\t\t\t\t\"rate\": \"persec\",\n\t\t\t\t\"statistic\"\
        : \"peak\",\n\t\t\t\t\"id\": 399,\n\t\t\t\t\"unit\": \"bytes\",\n\t\t\t\t\"\
        category\": \"data\",\n\t\t\t\t\"severity\": \"none\",\n\t\t\t\t\"area\":\
        \ \"none\",\n\t\t\t\t\"internal\": false,\n\t\t\t\t\"role\": \"none\",\n\t\
        \t\t\t\"cli_srv\": \"none\",\n\t\t\t\t\"type\": \"float\",\n\t\t\t\t\"available\"\
        : false,\n\t\t\t\t\"direction\": \"in\",\n\t\t\t\t\"comparison\": \"none\"\
        ,\n\t\t\t\t\"sortable\": true,\n\t\t\t\t\"name\": \"Peak Retrans Bytes/s (Rx)\"\
        ,\n\t\t\t\t\"comparison_parameter\": \"\",\n\t\t\t\t\"has_others\": false,\n\
        \t\t\t\t\"context\": false,\n\t\t\t\t\"name_type\": \"colname_parts\"\n\t\t\
        \t},\n\t\t\t{\n\t\t\t\t\"strid\": \"ID_IN_PEAK_BYTES_APP\",\n\t\t\t\t\"metric\"\
        : \"app\",\n\t\t\t\t\"rate\": \"persec\",\n\t\t\t\t\"statistic\": \"peak\"\
        ,\n\t\t\t\t\"id\": 518,\n\t\t\t\t\"unit\": \"bytes\",\n\t\t\t\t\"category\"\
        : \"data\",\n\t\t\t\t\"severity\": \"none\",\n\t\t\t\t\"area\": \"none\",\n\
        \t\t\t\t\"internal\": false,\n\t\t\t\t\"role\": \"none\",\n\t\t\t\t\"cli_srv\"\
        : \"none\",\n\t\t\t\t\"type\": \"float\",\n\t\t\t\t\"available\": false,\n\
        \t\t\t\t\"direction\": \"in\",\n\t\t\t\t\"comparison\": \"none\",\n\t\t\t\t\
        \"sortable\": true,\n\t\t\t\t\"name\": \"Peak App Bytes/s (Rx)\",\n\t\t\t\t\
        \"comparison_parameter\": \"\",\n\t\t\t\t\"has_others\": false,\n\t\t\t\t\"\
        context\": false,\n\t\t\t\t\"name_type\": \"colname_parts\"\n\t\t\t},\n\t\t\
        \t{\n\t\t\t\t\"strid\": \"ID_IN_PEAK_BYTES_PERSECCONN\",\n\t\t\t\t\"metric\"\
        : \"net_bw\",\n\t\t\t\t\"rate\": \"persecconn\",\n\t\t\t\t\"statistic\": \"\
        peak\",\n\t\t\t\t\"id\": 570,\n\t\t\t\t\"unit\": \"bytes\",\n\t\t\t\t\"category\"\
        : \"data\",\n\t\t\t\t\"severity\": \"none\",\n\t\t\t\t\"area\": \"none\",\n\
        \t\t\t\t\"internal\": false,\n\t\t\t\t\"role\": \"none\",\n\t\t\t\t\"cli_srv\"\
        : \"none\",\n\t\t\t\t\"type\": \"float\",\n\t\t\t\t\"available\": false,\n\
        \t\t\t\t\"direction\": \"in\",\n\t\t\t\t\"comparison\": \"none\",\n\t\t\t\t\
        \"sortable\": true,\n\t\t\t\t\"name\": \"Peak Bytes/s per Conn (Rx)\",\n\t\
        \t\t\t\"comparison_parameter\": \"\",\n\t\t\t\t\"has_others\": false,\n\t\t\
        \t\t\"context\": false,\n\t\t\t\t\"name_type\": \"colname_parts\"\n\t\t\t\
        },\n\t\t\t{\n\t\t\t\t\"strid\": \"ID_IN_PEAK_BYTES_APP_PERSECCONN\",\n\t\t\
        \t\t\"metric\": \"app\",\n\t\t\t\t\"rate\": \"persecconn\",\n\t\t\t\t\"statistic\"\
        : \"peak\",\n\t\t\t\t\"id\": 597,\n\t\t\t\t\"unit\": \"bytes\",\n\t\t\t\t\"\
        category\": \"data\",\n\t\t\t\t\"severity\": \"none\",\n\t\t\t\t\"area\":\
        \ \"none\",\n\t\t\t\t\"internal\": false,\n\t\t\t\t\"role\": \"none\",\n\t\
        \t\t\t\"cli_srv\": \"none\",\n\t\t\t\t\"type\": \"float\",\n\t\t\t\t\"available\"\
        : false,\n\t\t\t\t\"direction\": \"in\",\n\t\t\t\t\"comparison\": \"none\"\
        ,\n\t\t\t\t\"sortable\": true,\n\t\t\t\t\"name\": \"Peak App Bytes/s per Conn\
        \ (Rx)\",\n\t\t\t\t\"comparison_parameter\": \"\",\n\t\t\t\t\"has_others\"\
        : false,\n\t\t\t\t\"context\": false,\n\t\t\t\t\"name_type\": \"colname_parts\"\
        \n\t\t\t},\n\t\t\t{\n\t\t\t\t\"strid\": \"ID_IN_PEAK_PKTS\",\n\t\t\t\t\"metric\"\
        : \"net_bw\",\n\t\t\t\t\"rate\": \"persec\",\n\t\t\t\t\"statistic\": \"peak\"\
        ,\n\t\t\t\t\"id\": 83,\n\t\t\t\t\"unit\": \"pkts\",\n\t\t\t\t\"category\"\
        : \"data\",\n\t\t\t\t\"severity\": \"none\",\n\t\t\t\t\"area\": \"none\",\n\
        \t\t\t\t\"internal\": false,\n\t\t\t\t\"role\": \"none\",\n\t\t\t\t\"cli_srv\"\
        : \"none\",\n\t\t\t\t\"type\": \"float\",\n\t\t\t\t\"available\": false,\n\
        \t\t\t\t\"direction\": \"in\",\n\t\t\t\t\"comparison\": \"none\",\n\t\t\t\t\
        \"sortable\": true,\n\t\t\t\t\"name\": \"Peak Packets/s (Rx)\",\n\t\t\t\t\"\
        comparison_parameter\": \"\",\n\t\t\t\t\"has_others\": false,\n\t\t\t\t\"\
        context\": false,\n\t\t\t\t\"name_type\": \"colname_parts\"\n\t\t\t},\n\t\t\
        \t{\n\t\t\t\t\"strid\": \"ID_IN_PEAK_PKTS_RTX\",\n\t\t\t\t\"metric\": \"rtx\"\
        ,\n\t\t\t\t\"rate\": \"persec\",\n\t\t\t\t\"statistic\": \"peak\",\n\t\t\t\
        \t\"id\": 400,\n\t\t\t\t\"unit\": \"pkts\",\n\t\t\t\t\"category\": \"data\"\
        ,\n\t\t\t\t\"severity\": \"none\",\n\t\t\t\t\"area\": \"none\",\n\t\t\t\t\"\
        internal\": false,\n\t\t\t\t\"role\": \"none\",\n\t\t\t\t\"cli_srv\": \"none\"\
        ,\n\t\t\t\t\"type\": \"float\",\n\t\t\t\t\"available\": false,\n\t\t\t\t\"\
        direction\": \"in\",\n\t\t\t\t\"comparison\": \"none\",\n\t\t\t\t\"sortable\"\
        : true,\n\t\t\t\t\"name\": \"Peak Retrans Packets/s (Rx)\",\n\t\t\t\t\"comparison_parameter\"\
        : \"\",\n\t\t\t\t\"has_others\": false,\n\t\t\t\t\"context\": false,\n\t\t\
        \t\t\"name_type\": \"colname_parts\"\n\t\t\t},\n\t\t\t{\n\t\t\t\t\"strid\"\
        : \"ID_IN_PEAK_CONNS_RSTS\",\n\t\t\t\t\"metric\": \"resets\",\n\t\t\t\t\"\
        rate\": \"persec\",\n\t\t\t\t\"statistic\": \"peak\",\n\t\t\t\t\"id\": 431,\n\
        \t\t\t\t\"unit\": \"conns\",\n\t\t\t\t\"category\": \"data\",\n\t\t\t\t\"\
        severity\": \"none\",\n\t\t\t\t\"area\": \"none\",\n\t\t\t\t\"internal\":\
        \ false,\n\t\t\t\t\"role\": \"none\",\n\t\t\t\t\"cli_srv\": \"none\",\n\t\t\
        \t\t\"type\": \"float\",\n\t\t\t\t\"available\": false,\n\t\t\t\t\"direction\"\
        : \"in\",\n\t\t\t\t\"comparison\": \"none\",\n\t\t\t\t\"sortable\": true,\n\
        \t\t\t\t\"name\": \"Peak Resets/s (Rx)\",\n\t\t\t\t\"comparison_parameter\"\
        : \"\",\n\t\t\t\t\"has_others\": false,\n\t\t\t\t\"context\": false,\n\t\t\
        \t\t\"name_type\": \"colname_parts\"\n\t\t\t},\n\t\t\t{\n\t\t\t\t\"strid\"\
        : \"ID_IN_TOTAL_BYTES_RTX_PCT\",\n\t\t\t\t\"metric\": \"rtx\",\n\t\t\t\t\"\
        rate\": \"pct\",\n\t\t\t\t\"statistic\": \"total\",\n\t\t\t\t\"id\": 451,\n\
        \t\t\t\t\"unit\": \"bytes\",\n\t\t\t\t\"category\": \"data\",\n\t\t\t\t\"\
        severity\": \"none\",\n\t\t\t\t\"area\": \"none\",\n\t\t\t\t\"internal\":\
        \ false,\n\t\t\t\t\"role\": \"none\",\n\t\t\t\t\"cli_srv\": \"none\",\n\t\t\
        \t\t\"type\": \"float\",\n\t\t\t\t\"available\": false,\n\t\t\t\t\"direction\"\
        : \"in\",\n\t\t\t\t\"comparison\": \"none\",\n\t\t\t\t\"sortable\": true,\n\
        \t\t\t\t\"name\": \"% Retrans Bytes (Rx)\",\n\t\t\t\t\"comparison_parameter\"\
        : \"\",\n\t\t\t\t\"has_others\": false,\n\t\t\t\t\"context\": false,\n\t\t\
        \t\t\"name_type\": \"colname_parts\"\n\t\t\t},\n\t\t\t{\n\t\t\t\t\"strid\"\
        : \"ID_IN_TOTAL_PKTS_RTX_PCT\",\n\t\t\t\t\"metric\": \"rtx\",\n\t\t\t\t\"\
        rate\": \"pct\",\n\t\t\t\t\"statistic\": \"total\",\n\t\t\t\t\"id\": 456,\n\
        \t\t\t\t\"unit\": \"pkts\",\n\t\t\t\t\"category\": \"data\",\n\t\t\t\t\"severity\"\
        : \"none\",\n\t\t\t\t\"area\": \"none\",\n\t\t\t\t\"internal\": false,\n\t\
        \t\t\t\"role\": \"none\",\n\t\t\t\t\"cli_srv\": \"none\",\n\t\t\t\t\"type\"\
        : \"float\",\n\t\t\t\t\"available\": false,\n\t\t\t\t\"direction\": \"in\"\
        ,\n\t\t\t\t\"comparison\": \"none\",\n\t\t\t\t\"sortable\": true,\n\t\t\t\t\
        \"name\": \"% Retrans Packets (Rx)\",\n\t\t\t\t\"comparison_parameter\": \"\
        \",\n\t\t\t\t\"has_others\": false,\n\t\t\t\t\"context\": false,\n\t\t\t\t\
        \"name_type\": \"colname_parts\"\n\t\t\t},\n\t\t\t{\n\t\t\t\t\"strid\": \"\
        ID_IN_TOTAL_CONNS_RSTS_PCT\",\n\t\t\t\t\"metric\": \"resets\",\n\t\t\t\t\"\
        rate\": \"pct\",\n\t\t\t\t\"statistic\": \"total\",\n\t\t\t\t\"id\": 461,\n\
        \t\t\t\t\"unit\": \"conns\",\n\t\t\t\t\"category\": \"data\",\n\t\t\t\t\"\
        severity\": \"none\",\n\t\t\t\t\"area\": \"none\",\n\t\t\t\t\"internal\":\
        \ false,\n\t\t\t\t\"role\": \"none\",\n\t\t\t\t\"cli_srv\": \"none\",\n\t\t\
        \t\t\"type\": \"float\",\n\t\t\t\t\"available\": false,\n\t\t\t\t\"direction\"\
        : \"in\",\n\t\t\t\t\"comparison\": \"none\",\n\t\t\t\t\"sortable\": false,\n\
        \t\t\t\t\"name\": \"% Resets (Rx)\",\n\t\t\t\t\"comparison_parameter\": \"\
        \",\n\t\t\t\t\"has_others\": true,\n\t\t\t\t\"context\": false,\n\t\t\t\t\"\
        name_type\": \"colname_parts\"\n\t\t\t},\n\t\t\t{\n\t\t\t\t\"strid\": \"ID_OUT_TOTAL_BYTES\"\
        ,\n\t\t\t\t\"metric\": \"net_bw\",\n\t\t\t\t\"rate\": \"count\",\n\t\t\t\t\
        \"statistic\": \"total\",\n\t\t\t\t\"id\": 85,\n\t\t\t\t\"unit\": \"bytes\"\
        ,\n\t\t\t\t\"category\": \"data\",\n\t\t\t\t\"severity\": \"none\",\n\t\t\t\
        \t\"area\": \"none\",\n\t\t\t\t\"internal\": false,\n\t\t\t\t\"role\": \"\
        none\",\n\t\t\t\t\"cli_srv\": \"none\",\n\t\t\t\t\"type\": \"int\",\n\t\t\t\
        \t\"available\": false,\n\t\t\t\t\"direction\": \"out\",\n\t\t\t\t\"comparison\"\
        : \"none\",\n\t\t\t\t\"sortable\": true,\n\t\t\t\t\"name\": \"Total Bytes\
        \ (Tx)\",\n\t\t\t\t\"comparison_parameter\": \"\",\n\t\t\t\t\"has_others\"\
        : false,\n\t\t\t\t\"context\": false,\n\t\t\t\t\"name_type\": \"colname_parts\"\
        \n\t\t\t},\n\t\t\t{\n\t\t\t\t\"strid\": \"ID_OUT_TOTAL_BYTES_RTX\",\n\t\t\t\
        \t\"metric\": \"rtx\",\n\t\t\t\t\"rate\": \"count\",\n\t\t\t\t\"statistic\"\
        : \"total\",\n\t\t\t\t\"id\": 407,\n\t\t\t\t\"unit\": \"bytes\",\n\t\t\t\t\
        \"category\": \"data\",\n\t\t\t\t\"severity\": \"none\",\n\t\t\t\t\"area\"\
        : \"none\",\n\t\t\t\t\"internal\": false,\n\t\t\t\t\"role\": \"none\",\n\t\
        \t\t\t\"cli_srv\": \"none\",\n\t\t\t\t\"type\": \"int\",\n\t\t\t\t\"available\"\
        : false,\n\t\t\t\t\"direction\": \"out\",\n\t\t\t\t\"comparison\": \"none\"\
        ,\n\t\t\t\t\"sortable\": true,\n\t\t\t\t\"name\": \"Total Retrans Bytes (Tx)\"\
        ,\n\t\t\t\t\"comparison_parameter\": \"\",\n\t\t\t\t\"has_others\": false,\n\
        \t\t\t\t\"context\": false,\n\t\t\t\t\"name_type\": \"colname_parts\"\n\t\t\
        \t},\n\t\t\t{\n\t\t\t\t\"strid\": \"ID_OUT_TOTAL_BYTES_APP\",\n\t\t\t\t\"\
        metric\": \"app\",\n\t\t\t\t\"rate\": \"count\",\n\t\t\t\t\"statistic\": \"\
        total\",\n\t\t\t\t\"id\": 497,\n\t\t\t\t\"unit\": \"bytes\",\n\t\t\t\t\"category\"\
        : \"data\",\n\t\t\t\t\"severity\": \"none\",\n\t\t\t\t\"area\": \"none\",\n\
        \t\t\t\t\"internal\": false,\n\t\t\t\t\"role\": \"none\",\n\t\t\t\t\"cli_srv\"\
        : \"none\",\n\t\t\t\t\"type\": \"int\",\n\t\t\t\t\"available\": false,\n\t\
        \t\t\t\"direction\": \"out\",\n\t\t\t\t\"comparison\": \"none\",\n\t\t\t\t\
        \"sortable\": true,\n\t\t\t\t\"name\": \"Total App Bytes (Tx)\",\n\t\t\t\t\
        \"comparison_parameter\": \"\",\n\t\t\t\t\"has_others\": false,\n\t\t\t\t\"\
        context\": false,\n\t\t\t\t\"name_type\": \"colname_parts\"\n\t\t\t},\n\t\t\
        \t{\n\t\t\t\t\"strid\": \"ID_OUT_TOTAL_PKTS\",\n\t\t\t\t\"metric\": \"net_bw\"\
        ,\n\t\t\t\t\"rate\": \"count\",\n\t\t\t\t\"statistic\": \"total\",\n\t\t\t\
        \t\"id\": 86,\n\t\t\t\t\"unit\": \"pkts\",\n\t\t\t\t\"category\": \"data\"\
        ,\n\t\t\t\t\"severity\": \"none\",\n\t\t\t\t\"area\": \"none\",\n\t\t\t\t\"\
        internal\": false,\n\t\t\t\t\"role\": \"none\",\n\t\t\t\t\"cli_srv\": \"none\"\
        ,\n\t\t\t\t\"type\": \"int\",\n\t\t\t\t\"available\": false,\n\t\t\t\t\"direction\"\
        : \"out\",\n\t\t\t\t\"comparison\": \"none\",\n\t\t\t\t\"sortable\": true,\n\
        \t\t\t\t\"name\": \"Total Packets (Tx)\",\n\t\t\t\t\"comparison_parameter\"\
        : \"\",\n\t\t\t\t\"has_others\": false,\n\t\t\t\t\"context\": false,\n\t\t\
        \t\t\"name_type\": \"colname_parts\"\n\t\t\t},\n\t\t\t{\n\t\t\t\t\"strid\"\
        : \"ID_OUT_TOTAL_PKTS_RTX\",\n\t\t\t\t\"metric\": \"rtx\",\n\t\t\t\t\"rate\"\
        : \"count\",\n\t\t\t\t\"statistic\": \"total\",\n\t\t\t\t\"id\": 408,\n\t\t\
        \t\t\"unit\": \"pkts\",\n\t\t\t\t\"category\": \"data\",\n\t\t\t\t\"severity\"\
        : \"none\",\n\t\t\t\t\"area\": \"none\",\n\t\t\t\t\"internal\": false,\n\t\
        \t\t\t\"role\": \"none\",\n\t\t\t\t\"cli_srv\": \"none\",\n\t\t\t\t\"type\"\
        : \"int\",\n\t\t\t\t\"available\": false,\n\t\t\t\t\"direction\": \"out\"\
        ,\n\t\t\t\t\"comparison\": \"none\",\n\t\t\t\t\"sortable\": true,\n\t\t\t\t\
        \"name\": \"Total Retrans Packets (Tx)\",\n\t\t\t\t\"comparison_parameter\"\
        : \"\",\n\t\t\t\t\"has_others\": false,\n\t\t\t\t\"context\": false,\n\t\t\
        \t\t\"name_type\": \"colname_parts\"\n\t\t\t},\n\t\t\t{\n\t\t\t\t\"strid\"\
        : \"ID_OUT_TOTAL_CONNS_RSTS\",\n\t\t\t\t\"metric\": \"resets\",\n\t\t\t\t\"\
        rate\": \"count\",\n\t\t\t\t\"statistic\": \"total\",\n\t\t\t\t\"id\": 424,\n\
        \t\t\t\t\"unit\": \"conns\",\n\t\t\t\t\"category\": \"data\",\n\t\t\t\t\"\
        severity\": \"none\",\n\t\t\t\t\"area\": \"none\",\n\t\t\t\t\"internal\":\
        \ false,\n\t\t\t\t\"role\": \"none\",\n\t\t\t\t\"cli_srv\": \"none\",\n\t\t\
        \t\t\"type\": \"int\",\n\t\t\t\t\"available\": false,\n\t\t\t\t\"direction\"\
        : \"out\",\n\t\t\t\t\"comparison\": \"none\",\n\t\t\t\t\"sortable\": true,\n\
        \t\t\t\t\"name\": \"Total Resets (Tx)\",\n\t\t\t\t\"comparison_parameter\"\
        : \"\",\n\t\t\t\t\"has_others\": false,\n\t\t\t\t\"context\": false,\n\t\t\
        \t\t\"name_type\": \"colname_parts\"\n\t\t\t},\n\t\t\t{\n\t\t\t\t\"strid\"\
        : \"ID_OUT_AVG_BYTES\",\n\t\t\t\t\"metric\": \"net_bw\",\n\t\t\t\t\"rate\"\
        : \"persec\",\n\t\t\t\t\"statistic\": \"avg\",\n\t\t\t\t\"id\": 88,\n\t\t\t\
        \t\"unit\": \"bytes\",\n\t\t\t\t\"category\": \"data\",\n\t\t\t\t\"severity\"\
        : \"none\",\n\t\t\t\t\"area\": \"none\",\n\t\t\t\t\"internal\": false,\n\t\
        \t\t\t\"role\": \"none\",\n\t\t\t\t\"cli_srv\": \"none\",\n\t\t\t\t\"type\"\
        : \"float\",\n\t\t\t\t\"available\": false,\n\t\t\t\t\"direction\": \"out\"\
        ,\n\t\t\t\t\"comparison\": \"none\",\n\t\t\t\t\"sortable\": true,\n\t\t\t\t\
        \"name\": \"Avg Bytes/s (Tx)\",\n\t\t\t\t\"comparison_parameter\": \"\",\n\
        \t\t\t\t\"has_others\": false,\n\t\t\t\t\"context\": false,\n\t\t\t\t\"name_type\"\
        : \"colname_parts\"\n\t\t\t},\n\t\t\t{\n\t\t\t\t\"strid\": \"ID_OUT_AVG_BYTES_RTX\"\
        ,\n\t\t\t\t\"metric\": \"rtx\",\n\t\t\t\t\"rate\": \"persec\",\n\t\t\t\t\"\
        statistic\": \"avg\",\n\t\t\t\t\"id\": 403,\n\t\t\t\t\"unit\": \"bytes\",\n\
        \t\t\t\t\"category\": \"data\",\n\t\t\t\t\"severity\": \"none\",\n\t\t\t\t\
        \"area\": \"none\",\n\t\t\t\t\"internal\": false,\n\t\t\t\t\"role\": \"none\"\
        ,\n\t\t\t\t\"cli_srv\": \"none\",\n\t\t\t\t\"type\": \"float\",\n\t\t\t\t\"\
        available\": false,\n\t\t\t\t\"direction\": \"out\",\n\t\t\t\t\"comparison\"\
        : \"none\",\n\t\t\t\t\"sortable\": true,\n\t\t\t\t\"name\": \"Avg Retrans\
        \ Bytes/s (Tx)\",\n\t\t\t\t\"comparison_parameter\": \"\",\n\t\t\t\t\"has_others\"\
        : false,\n\t\t\t\t\"context\": false,\n\t\t\t\t\"name_type\": \"colname_parts\"\
        \n\t\t\t},\n\t\t\t{\n\t\t\t\t\"strid\": \"ID_OUT_AVG_BYTES_APP\",\n\t\t\t\t\
        \"metric\": \"app\",\n\t\t\t\t\"rate\": \"persec\",\n\t\t\t\t\"statistic\"\
        : \"avg\",\n\t\t\t\t\"id\": 508,\n\t\t\t\t\"unit\": \"bytes\",\n\t\t\t\t\"\
        category\": \"data\",\n\t\t\t\t\"severity\": \"none\",\n\t\t\t\t\"area\":\
        \ \"none\",\n\t\t\t\t\"internal\": false,\n\t\t\t\t\"role\": \"none\",\n\t\
        \t\t\t\"cli_srv\": \"none\",\n\t\t\t\t\"type\": \"float\",\n\t\t\t\t\"available\"\
        : false,\n\t\t\t\t\"direction\": \"out\",\n\t\t\t\t\"comparison\": \"none\"\
        ,\n\t\t\t\t\"sortable\": true,\n\t\t\t\t\"name\": \"Avg App Bytes/s (Tx)\"\
        ,\n\t\t\t\t\"comparison_parameter\": \"\",\n\t\t\t\t\"has_others\": false,\n\
        \t\t\t\t\"context\": false,\n\t\t\t\t\"name_type\": \"colname_parts\"\n\t\t\
        \t},\n\t\t\t{\n\t\t\t\t\"strid\": \"ID_OUT_AVG_BYTES_PERSECCONN\",\n\t\t\t\
        \t\"metric\": \"net_bw\",\n\t\t\t\t\"rate\": \"persecconn\",\n\t\t\t\t\"statistic\"\
        : \"avg\",\n\t\t\t\t\"id\": 560,\n\t\t\t\t\"unit\": \"bytes\",\n\t\t\t\t\"\
        category\": \"data\",\n\t\t\t\t\"severity\": \"none\",\n\t\t\t\t\"area\":\
        \ \"none\",\n\t\t\t\t\"internal\": false,\n\t\t\t\t\"role\": \"none\",\n\t\
        \t\t\t\"cli_srv\": \"none\",\n\t\t\t\t\"type\": \"float\",\n\t\t\t\t\"available\"\
        : false,\n\t\t\t\t\"direction\": \"out\",\n\t\t\t\t\"comparison\": \"none\"\
        ,\n\t\t\t\t\"sortable\": true,\n\t\t\t\t\"name\": \"Avg Bytes/s per Conn (Tx)\"\
        ,\n\t\t\t\t\"comparison_parameter\": \"\",\n\t\t\t\t\"has_others\": false,\n\
        \t\t\t\t\"context\": false,\n\t\t\t\t\"name_type\": \"colname_parts\"\n\t\t\
        \t},\n\t\t\t{\n\t\t\t\t\"strid\": \"ID_OUT_AVG_BYTES_APP_PERSECCONN\",\n\t\
        \t\t\t\"metric\": \"app\",\n\t\t\t\t\"rate\": \"persecconn\",\n\t\t\t\t\"\
        statistic\": \"avg\",\n\t\t\t\t\"id\": 587,\n\t\t\t\t\"unit\": \"bytes\",\n\
        \t\t\t\t\"category\": \"data\",\n\t\t\t\t\"severity\": \"none\",\n\t\t\t\t\
        \"area\": \"none\",\n\t\t\t\t\"internal\": false,\n\t\t\t\t\"role\": \"none\"\
        ,\n\t\t\t\t\"cli_srv\": \"none\",\n\t\t\t\t\"type\": \"float\",\n\t\t\t\t\"\
        available\": false,\n\t\t\t\t\"direction\": \"out\",\n\t\t\t\t\"comparison\"\
        : \"none\",\n\t\t\t\t\"sortable\": true,\n\t\t\t\t\"name\": \"Avg App Bytes/s\
        \ per Conn (Tx)\",\n\t\t\t\t\"comparison_parameter\": \"\",\n\t\t\t\t\"has_others\"\
        : false,\n\t\t\t\t\"context\": false,\n\t\t\t\t\"name_type\": \"colname_parts\"\
        \n\t\t\t},\n\t\t\t{\n\t\t\t\t\"strid\": \"ID_OUT_AVG_PKTS\",\n\t\t\t\t\"metric\"\
        : \"net_bw\",\n\t\t\t\t\"rate\": \"persec\",\n\t\t\t\t\"statistic\": \"avg\"\
        ,\n\t\t\t\t\"id\": 89,\n\t\t\t\t\"unit\": \"pkts\",\n\t\t\t\t\"category\"\
        : \"data\",\n\t\t\t\t\"severity\": \"none\",\n\t\t\t\t\"area\": \"none\",\n\
        \t\t\t\t\"internal\": false,\n\t\t\t\t\"role\": \"none\",\n\t\t\t\t\"cli_srv\"\
        : \"none\",\n\t\t\t\t\"type\": \"float\",\n\t\t\t\t\"available\": false,\n\
        \t\t\t\t\"direction\": \"out\",\n\t\t\t\t\"comparison\": \"none\",\n\t\t\t\
        \t\"sortable\": true,\n\t\t\t\t\"name\": \"Avg Packets/s (Tx)\",\n\t\t\t\t\
        \"comparison_parameter\": \"\",\n\t\t\t\t\"has_others\": false,\n\t\t\t\t\"\
        context\": false,\n\t\t\t\t\"name_type\": \"colname_parts\"\n\t\t\t},\n\t\t\
        \t{\n\t\t\t\t\"strid\": \"ID_OUT_AVG_PKTS_RTX\",\n\t\t\t\t\"metric\": \"rtx\"\
        ,\n\t\t\t\t\"rate\": \"persec\",\n\t\t\t\t\"statistic\": \"avg\",\n\t\t\t\t\
        \"id\": 404,\n\t\t\t\t\"unit\": \"pkts\",\n\t\t\t\t\"category\": \"data\"\
        ,\n\t\t\t\t\"severity\": \"none\",\n\t\t\t\t\"area\": \"none\",\n\t\t\t\t\"\
        internal\": false,\n\t\t\t\t\"role\": \"none\",\n\t\t\t\t\"cli_srv\": \"none\"\
        ,\n\t\t\t\t\"type\": \"float\",\n\t\t\t\t\"available\": false,\n\t\t\t\t\"\
        direction\": \"out\",\n\t\t\t\t\"comparison\": \"none\",\n\t\t\t\t\"sortable\"\
        : true,\n\t\t\t\t\"name\": \"Avg Retrans Packets/s (Tx)\",\n\t\t\t\t\"comparison_parameter\"\
        : \"\",\n\t\t\t\t\"has_others\": false,\n\t\t\t\t\"context\": false,\n\t\t\
        \t\t\"name_type\": \"colname_parts\"\n\t\t\t},\n\t\t\t{\n\t\t\t\t\"strid\"\
        : \"ID_OUT_AVG_CONNS_RSTS\",\n\t\t\t\t\"metric\": \"resets\",\n\t\t\t\t\"\
        rate\": \"persec\",\n\t\t\t\t\"statistic\": \"avg\",\n\t\t\t\t\"id\": 428,\n\
        \t\t\t\t\"unit\": \"conns\",\n\t\t\t\t\"category\": \"data\",\n\t\t\t\t\"\
        severity\": \"none\",\n\t\t\t\t\"area\": \"none\",\n\t\t\t\t\"internal\":\
        \ false,\n\t\t\t\t\"role\": \"none\",\n\t\t\t\t\"cli_srv\": \"none\",\n\t\t\
        \t\t\"type\": \"float\",\n\t\t\t\t\"available\": false,\n\t\t\t\t\"direction\"\
        : \"out\",\n\t\t\t\t\"comparison\": \"none\",\n\t\t\t\t\"sortable\": true,\n\
        \t\t\t\t\"name\": \"Avg Resets/s (Tx)\",\n\t\t\t\t\"comparison_parameter\"\
        : \"\",\n\t\t\t\t\"has_others\": false,\n\t\t\t\t\"context\": false,\n\t\t\
        \t\t\"name_type\": \"colname_parts\"\n\t\t\t},\n\t\t\t{\n\t\t\t\t\"strid\"\
        : \"ID_OUT_PEAK_BYTES\",\n\t\t\t\t\"metric\": \"net_bw\",\n\t\t\t\t\"rate\"\
        : \"persec\",\n\t\t\t\t\"statistic\": \"peak\",\n\t\t\t\t\"id\": 91,\n\t\t\
        \t\t\"unit\": \"bytes\",\n\t\t\t\t\"category\": \"data\",\n\t\t\t\t\"severity\"\
        : \"none\",\n\t\t\t\t\"area\": \"none\",\n\t\t\t\t\"internal\": false,\n\t\
        \t\t\t\"role\": \"none\",\n\t\t\t\t\"cli_srv\": \"none\",\n\t\t\t\t\"type\"\
        : \"float\",\n\t\t\t\t\"available\": false,\n\t\t\t\t\"direction\": \"out\"\
        ,\n\t\t\t\t\"comparison\": \"none\",\n\t\t\t\t\"sortable\": true,\n\t\t\t\t\
        \"name\": \"Peak Bytes/s (Tx)\",\n\t\t\t\t\"comparison_parameter\": \"\",\n\
        \t\t\t\t\"has_others\": false,\n\t\t\t\t\"context\": false,\n\t\t\t\t\"name_type\"\
        : \"colname_parts\"\n\t\t\t},\n\t\t\t{\n\t\t\t\t\"strid\": \"ID_OUT_PEAK_BYTES_RTX\"\
        ,\n\t\t\t\t\"metric\": \"rtx\",\n\t\t\t\t\"rate\": \"persec\",\n\t\t\t\t\"\
        statistic\": \"peak\",\n\t\t\t\t\"id\": 405,\n\t\t\t\t\"unit\": \"bytes\"\
        ,\n\t\t\t\t\"category\": \"data\",\n\t\t\t\t\"severity\": \"none\",\n\t\t\t\
        \t\"area\": \"none\",\n\t\t\t\t\"internal\": false,\n\t\t\t\t\"role\": \"\
        none\",\n\t\t\t\t\"cli_srv\": \"none\",\n\t\t\t\t\"type\": \"float\",\n\t\t\
        \t\t\"available\": false,\n\t\t\t\t\"direction\": \"out\",\n\t\t\t\t\"comparison\"\
        : \"none\",\n\t\t\t\t\"sortable\": true,\n\t\t\t\t\"name\": \"Peak Retrans\
        \ Bytes/s (Tx)\",\n\t\t\t\t\"comparison_parameter\": \"\",\n\t\t\t\t\"has_others\"\
        : false,\n\t\t\t\t\"context\": false,\n\t\t\t\t\"name_type\": \"colname_parts\"\
        \n\t\t\t},\n\t\t\t{\n\t\t\t\t\"strid\": \"ID_OUT_PEAK_BYTES_APP\",\n\t\t\t\
        \t\"metric\": \"app\",\n\t\t\t\t\"rate\": \"persec\",\n\t\t\t\t\"statistic\"\
        : \"peak\",\n\t\t\t\t\"id\": 519,\n\t\t\t\t\"unit\": \"bytes\",\n\t\t\t\t\"\
        category\": \"data\",\n\t\t\t\t\"severity\": \"none\",\n\t\t\t\t\"area\":\
        \ \"none\",\n\t\t\t\t\"internal\": false,\n\t\t\t\t\"role\": \"none\",\n\t\
        \t\t\t\"cli_srv\": \"none\",\n\t\t\t\t\"type\": \"float\",\n\t\t\t\t\"available\"\
        : false,\n\t\t\t\t\"direction\": \"out\",\n\t\t\t\t\"comparison\": \"none\"\
        ,\n\t\t\t\t\"sortable\": true,\n\t\t\t\t\"name\": \"Peak App Bytes/s (Tx)\"\
        ,\n\t\t\t\t\"comparison_parameter\": \"\",\n\t\t\t\t\"has_others\": false,\n\
        \t\t\t\t\"context\": false,\n\t\t\t\t\"name_type\": \"colname_parts\"\n\t\t\
        \t},\n\t\t\t{\n\t\t\t\t\"strid\": \"ID_OUT_PEAK_BYTES_PERSECCONN\",\n\t\t\t\
        \t\"metric\": \"net_bw\",\n\t\t\t\t\"rate\": \"persecconn\",\n\t\t\t\t\"statistic\"\
        : \"peak\",\n\t\t\t\t\"id\": 571,\n\t\t\t\t\"unit\": \"bytes\",\n\t\t\t\t\"\
        category\": \"data\",\n\t\t\t\t\"severity\": \"none\",\n\t\t\t\t\"area\":\
        \ \"none\",\n\t\t\t\t\"internal\": false,\n\t\t\t\t\"role\": \"none\",\n\t\
        \t\t\t\"cli_srv\": \"none\",\n\t\t\t\t\"type\": \"float\",\n\t\t\t\t\"available\"\
        : false,\n\t\t\t\t\"direction\": \"out\",\n\t\t\t\t\"comparison\": \"none\"\
        ,\n\t\t\t\t\"sortable\": true,\n\t\t\t\t\"name\": \"Peak Bytes/s per Conn\
        \ (Tx)\",\n\t\t\t\t\"comparison_parameter\": \"\",\n\t\t\t\t\"has_others\"\
        : false,\n\t\t\t\t\"context\": false,\n\t\t\t\t\"name_type\": \"colname_parts\"\
        \n\t\t\t},\n\t\t\t{\n\t\t\t\t\"strid\": \"ID_OUT_PEAK_BYTES_APP_PERSECCONN\"\
        ,\n\t\t\t\t\"metric\": \"app\",\n\t\t\t\t\"rate\": \"persecconn\",\n\t\t\t\
        \t\"statistic\": \"peak\",\n\t\t\t\t\"id\": 598,\n\t\t\t\t\"unit\": \"bytes\"\
        ,\n\t\t\t\t\"category\": \"data\",\n\t\t\t\t\"severity\": \"none\",\n\t\t\t\
        \t\"area\": \"none\",\n\t\t\t\t\"internal\": false,\n\t\t\t\t\"role\": \"\
        none\",\n\t\t\t\t\"cli_srv\": \"none\",\n\t\t\t\t\"type\": \"float\",\n\t\t\
        \t\t\"available\": false,\n\t\t\t\t\"direction\": \"out\",\n\t\t\t\t\"comparison\"\
        : \"none\",\n\t\t\t\t\"sortable\": true,\n\t\t\t\t\"name\": \"Peak App Bytes/s\
        \ per Conn (Tx)\",\n\t\t\t\t\"comparison_parameter\": \"\",\n\t\t\t\t\"has_others\"\
        : false,\n\t\t\t\t\"context\": false,\n\t\t\t\t\"name_type\": \"colname_parts\"\
        \n\t\t\t},\n\t\t\t{\n\t\t\t\t\"strid\": \"ID_OUT_PEAK_PKTS\",\n\t\t\t\t\"\
        metric\": \"net_bw\",\n\t\t\t\t\"rate\": \"persec\",\n\t\t\t\t\"statistic\"\
        : \"peak\",\n\t\t\t\t\"id\": 92,\n\t\t\t\t\"unit\": \"pkts\",\n\t\t\t\t\"\
        category\": \"data\",\n\t\t\t\t\"severity\": \"none\",\n\t\t\t\t\"area\":\
        \ \"none\",\n\t\t\t\t\"internal\": false,\n\t\t\t\t\"role\": \"none\",\n\t\
        \t\t\t\"cli_srv\": \"none\",\n\t\t\t\t\"type\": \"float\",\n\t\t\t\t\"available\"\
        : false,\n\t\t\t\t\"direction\": \"out\",\n\t\t\t\t\"comparison\": \"none\"\
        ,\n\t\t\t\t\"sortable\": true,\n\t\t\t\t\"name\": \"Peak Packets/s (Tx)\"\
        ,\n\t\t\t\t\"comparison_parameter\": \"\",\n\t\t\t\t\"has_others\": false,\n\
        \t\t\t\t\"context\": false,\n\t\t\t\t\"name_type\": \"colname_parts\"\n\t\t\
        \t},\n\t\t\t{\n\t\t\t\t\"strid\": \"ID_OUT_PEAK_PKTS_RTX\",\n\t\t\t\t\"metric\"\
        : \"rtx\",\n\t\t\t\t\"rate\": \"persec\",\n\t\t\t\t\"statistic\": \"peak\"\
        ,\n\t\t\t\t\"id\": 406,\n\t\t\t\t\"unit\": \"pkts\",\n\t\t\t\t\"category\"\
        : \"data\",\n\t\t\t\t\"severity\": \"none\",\n\t\t\t\t\"area\": \"none\",\n\
        \t\t\t\t\"internal\": false,\n\t\t\t\t\"role\": \"none\",\n\t\t\t\t\"cli_srv\"\
        : \"none\",\n\t\t\t\t\"type\": \"float\",\n\t\t\t\t\"available\": false,\n\
        \t\t\t\t\"direction\": \"out\",\n\t\t\t\t\"comparison\": \"none\",\n\t\t\t\
        \t\"sortable\": true,\n\t\t\t\t\"name\": \"Peak Retrans Packets/s (Tx)\",\n\
        \t\t\t\t\"comparison_parameter\": \"\",\n\t\t\t\t\"has_others\": false,\n\t\
        \t\t\t\"context\": false,\n\t\t\t\t\"name_type\": \"colname_parts\"\n\t\t\t\
        },\n\t\t\t{\n\t\t\t\t\"strid\": \"ID_OUT_PEAK_CONNS_RSTS\",\n\t\t\t\t\"metric\"\
        : \"resets\",\n\t\t\t\t\"rate\": \"persec\",\n\t\t\t\t\"statistic\": \"peak\"\
        ,\n\t\t\t\t\"id\": 432,\n\t\t\t\t\"unit\": \"conns\",\n\t\t\t\t\"category\"\
        : \"data\",\n\t\t\t\t\"severity\": \"none\",\n\t\t\t\t\"area\": \"none\",\n\
        \t\t\t\t\"internal\": false,\n\t\t\t\t\"role\": \"none\",\n\t\t\t\t\"cli_srv\"\
        : \"none\",\n\t\t\t\t\"type\": \"float\",\n\t\t\t\t\"available\": false,\n\
        \t\t\t\t\"direction\": \"out\",\n\t\t\t\t\"comparison\": \"none\",\n\t\t\t\
        \t\"sortable\": true,\n\t\t\t\t\"name\": \"Peak Resets/s (Tx)\",\n\t\t\t\t\
        \"comparison_parameter\": \"\",\n\t\t\t\t\"has_others\": false,\n\t\t\t\t\"\
        context\": false,\n\t\t\t\t\"name_type\": \"colname_parts\"\n\t\t\t},\n\t\t\
        \t{\n\t\t\t\t\"strid\": \"ID_OUT_TOTAL_BYTES_RTX_PCT\",\n\t\t\t\t\"metric\"\
        : \"rtx\",\n\t\t\t\t\"rate\": \"pct\",\n\t\t\t\t\"statistic\": \"total\",\n\
        \t\t\t\t\"id\": 452,\n\t\t\t\t\"unit\": \"bytes\",\n\t\t\t\t\"category\":\
        \ \"data\",\n\t\t\t\t\"severity\": \"none\",\n\t\t\t\t\"area\": \"none\",\n\
        \t\t\t\t\"internal\": false,\n\t\t\t\t\"role\": \"none\",\n\t\t\t\t\"cli_srv\"\
        : \"none\",\n\t\t\t\t\"type\": \"float\",\n\t\t\t\t\"available\": false,\n\
        \t\t\t\t\"direction\": \"out\",\n\t\t\t\t\"comparison\": \"none\",\n\t\t\t\
        \t\"sortable\": true,\n\t\t\t\t\"name\": \"% Retrans Bytes (Tx)\",\n\t\t\t\
        \t\"comparison_parameter\": \"\",\n\t\t\t\t\"has_others\": false,\n\t\t\t\t\
        \"context\": false,\n\t\t\t\t\"name_type\": \"colname_parts\"\n\t\t\t},\n\t\
        \t\t{\n\t\t\t\t\"strid\": \"ID_OUT_TOTAL_PKTS_RTX_PCT\",\n\t\t\t\t\"metric\"\
        : \"rtx\",\n\t\t\t\t\"rate\": \"pct\",\n\t\t\t\t\"statistic\": \"total\",\n\
        \t\t\t\t\"id\": 457,\n\t\t\t\t\"unit\": \"pkts\",\n\t\t\t\t\"category\": \"\
        data\",\n\t\t\t\t\"severity\": \"none\",\n\t\t\t\t\"area\": \"none\",\n\t\t\
        \t\t\"internal\": false,\n\t\t\t\t\"role\": \"none\",\n\t\t\t\t\"cli_srv\"\
        : \"none\",\n\t\t\t\t\"type\": \"float\",\n\t\t\t\t\"available\": false,\n\
        \t\t\t\t\"direction\": \"out\",\n\t\t\t\t\"comparison\": \"none\",\n\t\t\t\
        \t\"sortable\": true,\n\t\t\t\t\"name\": \"% Retrans Packets (Tx)\",\n\t\t\
        \t\t\"comparison_parameter\": \"\",\n\t\t\t\t\"has_others\": false,\n\t\t\t\
        \t\"context\": false,\n\t\t\t\t\"name_type\": \"colname_parts\"\n\t\t\t},\n\
        \t\t\t{\n\t\t\t\t\"strid\": \"ID_OUT_TOTAL_CONNS_RSTS_PCT\",\n\t\t\t\t\"metric\"\
        : \"resets\",\n\t\t\t\t\"rate\": \"pct\",\n\t\t\t\t\"statistic\": \"total\"\
        ,\n\t\t\t\t\"id\": 462,\n\t\t\t\t\"unit\": \"conns\",\n\t\t\t\t\"category\"\
        : \"data\",\n\t\t\t\t\"severity\": \"none\",\n\t\t\t\t\"area\": \"none\",\n\
        \t\t\t\t\"internal\": false,\n\t\t\t\t\"role\": \"none\",\n\t\t\t\t\"cli_srv\"\
        : \"none\",\n\t\t\t\t\"type\": \"float\",\n\t\t\t\t\"available\": false,\n\
        \t\t\t\t\"direction\": \"out\",\n\t\t\t\t\"comparison\": \"none\",\n\t\t\t\
        \t\"sortable\": false,\n\t\t\t\t\"name\": \"% Resets (Tx)\",\n\t\t\t\t\"comparison_parameter\"\
        : \"\",\n\t\t\t\t\"has_others\": true,\n\t\t\t\t\"context\": false,\n\t\t\t\
        \t\"name_type\": \"colname_parts\"\n\t\t\t},\n\t\t\t{\n\t\t\t\t\"strid\":\
        \ \"ID_TOTAL_PKTS_LOSS\",\n\t\t\t\t\"metric\": \"loss\",\n\t\t\t\t\"rate\"\
        : \"count\",\n\t\t\t\t\"statistic\": \"total\",\n\t\t\t\t\"id\": 765,\n\t\t\
        \t\t\"unit\": \"pkts\",\n\t\t\t\t\"category\": \"data\",\n\t\t\t\t\"severity\"\
        : \"none\",\n\t\t\t\t\"area\": \"none\",\n\t\t\t\t\"internal\": false,\n\t\
        \t\t\t\"role\": \"none\",\n\t\t\t\t\"cli_srv\": \"none\",\n\t\t\t\t\"type\"\
        : \"int\",\n\t\t\t\t\"available\": false,\n\t\t\t\t\"direction\": \"none\"\
        ,\n\t\t\t\t\"comparison\": \"none\",\n\t\t\t\t\"sortable\": true,\n\t\t\t\t\
        \"name\": \"Total RTP Loss Packets\",\n\t\t\t\t\"comparison_parameter\": \"\
        \",\n\t\t\t\t\"has_others\": false,\n\t\t\t\t\"context\": false,\n\t\t\t\t\
        \"name_type\": \"colname_parts\"\n\t\t\t},\n\t\t\t{\n\t\t\t\t\"strid\": \"\
        ID_TOTAL_PKTS_EXPECTED\",\n\t\t\t\t\"metric\": \"expected\",\n\t\t\t\t\"rate\"\
        : \"count\",\n\t\t\t\t\"statistic\": \"total\",\n\t\t\t\t\"id\": 829,\n\t\t\
        \t\t\"unit\": \"pkts\",\n\t\t\t\t\"category\": \"data\",\n\t\t\t\t\"severity\"\
        : \"none\",\n\t\t\t\t\"area\": \"none\",\n\t\t\t\t\"internal\": false,\n\t\
        \t\t\t\"role\": \"none\",\n\t\t\t\t\"cli_srv\": \"none\",\n\t\t\t\t\"type\"\
        : \"int\",\n\t\t\t\t\"available\": false,\n\t\t\t\t\"direction\": \"none\"\
        ,\n\t\t\t\t\"comparison\": \"none\",\n\t\t\t\t\"sortable\": true,\n\t\t\t\t\
        \"name\": \"Total RTP Expected Packets\",\n\t\t\t\t\"comparison_parameter\"\
        : \"\",\n\t\t\t\t\"has_others\": false,\n\t\t\t\t\"context\": false,\n\t\t\
        \t\t\"name_type\": \"colname_parts\"\n\t\t\t},\n\t\t\t{\n\t\t\t\t\"strid\"\
        : \"ID_AVG_PKTS_LOSS\",\n\t\t\t\t\"metric\": \"loss\",\n\t\t\t\t\"rate\":\
        \ \"persec\",\n\t\t\t\t\"statistic\": \"avg\",\n\t\t\t\t\"id\": 757,\n\t\t\
        \t\t\"unit\": \"pkts\",\n\t\t\t\t\"category\": \"data\",\n\t\t\t\t\"severity\"\
        : \"none\",\n\t\t\t\t\"area\": \"none\",\n\t\t\t\t\"internal\": false,\n\t\
        \t\t\t\"role\": \"none\",\n\t\t\t\t\"cli_srv\": \"none\",\n\t\t\t\t\"type\"\
        : \"float\",\n\t\t\t\t\"available\": false,\n\t\t\t\t\"direction\": \"none\"\
        ,\n\t\t\t\t\"comparison\": \"none\",\n\t\t\t\t\"sortable\": true,\n\t\t\t\t\
        \"name\": \"Avg RTP Loss Packets/s\",\n\t\t\t\t\"comparison_parameter\": \"\
        \",\n\t\t\t\t\"has_others\": false,\n\t\t\t\t\"context\": false,\n\t\t\t\t\
        \"name_type\": \"colname_parts\"\n\t\t\t},\n\t\t\t{\n\t\t\t\t\"strid\": \"\
        ID_AVG_PKTS_EXPECTED\",\n\t\t\t\t\"metric\": \"expected\",\n\t\t\t\t\"rate\"\
        : \"persec\",\n\t\t\t\t\"statistic\": \"avg\",\n\t\t\t\t\"id\": 827,\n\t\t\
        \t\t\"unit\": \"pkts\",\n\t\t\t\t\"category\": \"data\",\n\t\t\t\t\"severity\"\
        : \"none\",\n\t\t\t\t\"area\": \"none\",\n\t\t\t\t\"internal\": false,\n\t\
        \t\t\t\"role\": \"none\",\n\t\t\t\t\"cli_srv\": \"none\",\n\t\t\t\t\"type\"\
        : \"float\",\n\t\t\t\t\"available\": false,\n\t\t\t\t\"direction\": \"none\"\
        ,\n\t\t\t\t\"comparison\": \"none\",\n\t\t\t\t\"sortable\": true,\n\t\t\t\t\
        \"name\": \"Avg RTP Expected Packets/s\",\n\t\t\t\t\"comparison_parameter\"\
        : \"\",\n\t\t\t\t\"has_others\": false,\n\t\t\t\t\"context\": false,\n\t\t\
        \t\t\"name_type\": \"colname_parts\"\n\t\t\t},\n\t\t\t{\n\t\t\t\t\"strid\"\
        : \"ID_PEAK_PKTS_LOSS\",\n\t\t\t\t\"metric\": \"loss\",\n\t\t\t\t\"rate\"\
        : \"persec\",\n\t\t\t\t\"statistic\": \"peak\",\n\t\t\t\t\"id\": 764,\n\t\t\
        \t\t\"unit\": \"pkts\",\n\t\t\t\t\"category\": \"data\",\n\t\t\t\t\"severity\"\
        : \"none\",\n\t\t\t\t\"area\": \"none\",\n\t\t\t\t\"internal\": false,\n\t\
        \t\t\t\"role\": \"none\",\n\t\t\t\t\"cli_srv\": \"none\",\n\t\t\t\t\"type\"\
        : \"float\",\n\t\t\t\t\"available\": false,\n\t\t\t\t\"direction\": \"none\"\
        ,\n\t\t\t\t\"comparison\": \"none\",\n\t\t\t\t\"sortable\": true,\n\t\t\t\t\
        \"name\": \"Peak RTP Loss Packets/s\",\n\t\t\t\t\"comparison_parameter\":\
        \ \"\",\n\t\t\t\t\"has_others\": false,\n\t\t\t\t\"context\": false,\n\t\t\
        \t\t\"name_type\": \"colname_parts\"\n\t\t\t},\n\t\t\t{\n\t\t\t\t\"strid\"\
        : \"ID_PEAK_PKTS_EXPECTED\",\n\t\t\t\t\"metric\": \"expected\",\n\t\t\t\t\"\
        rate\": \"persec\",\n\t\t\t\t\"statistic\": \"peak\",\n\t\t\t\t\"id\": 828,\n\
        \t\t\t\t\"unit\": \"pkts\",\n\t\t\t\t\"category\": \"data\",\n\t\t\t\t\"severity\"\
        : \"none\",\n\t\t\t\t\"area\": \"none\",\n\t\t\t\t\"internal\": false,\n\t\
        \t\t\t\"role\": \"none\",\n\t\t\t\t\"cli_srv\": \"none\",\n\t\t\t\t\"type\"\
        : \"float\",\n\t\t\t\t\"available\": false,\n\t\t\t\t\"direction\": \"none\"\
        ,\n\t\t\t\t\"comparison\": \"none\",\n\t\t\t\t\"sortable\": true,\n\t\t\t\t\
        \"name\": \"Peak RTP Expected Packets/s\",\n\t\t\t\t\"comparison_parameter\"\
        : \"\",\n\t\t\t\t\"has_others\": false,\n\t\t\t\t\"context\": false,\n\t\t\
        \t\t\"name_type\": \"colname_parts\"\n\t\t\t},\n\t\t\t{\n\t\t\t\t\"strid\"\
        : \"ID_TOTAL_PKTS_LOSS_PCT\",\n\t\t\t\t\"metric\": \"loss\",\n\t\t\t\t\"rate\"\
        : \"pct\",\n\t\t\t\t\"statistic\": \"total\",\n\t\t\t\t\"id\": 766,\n\t\t\t\
        \t\"unit\": \"pkts\",\n\t\t\t\t\"category\": \"data\",\n\t\t\t\t\"severity\"\
        : \"none\",\n\t\t\t\t\"area\": \"none\",\n\t\t\t\t\"internal\": false,\n\t\
        \t\t\t\"role\": \"none\",\n\t\t\t\t\"cli_srv\": \"none\",\n\t\t\t\t\"type\"\
        : \"float\",\n\t\t\t\t\"available\": false,\n\t\t\t\t\"direction\": \"none\"\
        ,\n\t\t\t\t\"comparison\": \"none\",\n\t\t\t\t\"sortable\": true,\n\t\t\t\t\
        \"name\": \"% RTP Loss Packets\",\n\t\t\t\t\"comparison_parameter\": \"\"\
        ,\n\t\t\t\t\"has_others\": false,\n\t\t\t\t\"context\": false,\n\t\t\t\t\"\
        name_type\": \"colname_parts\"\n\t\t\t},\n\t\t\t{\n\t\t\t\t\"strid\": \"ID_AVG_RSEC_JITTER\"\
        ,\n\t\t\t\t\"metric\": \"jitter\",\n\t\t\t\t\"rate\": \"count\",\n\t\t\t\t\
        \"statistic\": \"avg\",\n\t\t\t\t\"id\": 781,\n\t\t\t\t\"unit\": \"rsec\"\
        ,\n\t\t\t\t\"category\": \"data\",\n\t\t\t\t\"severity\": \"none\",\n\t\t\t\
        \t\"area\": \"none\",\n\t\t\t\t\"internal\": false,\n\t\t\t\t\"role\": \"\
        none\",\n\t\t\t\t\"cli_srv\": \"none\",\n\t\t\t\t\"type\": \"reltime\",\n\t\
        \t\t\t\"available\": false,\n\t\t\t\t\"direction\": \"none\",\n\t\t\t\t\"\
        comparison\": \"none\",\n\t\t\t\t\"sortable\": true,\n\t\t\t\t\"name\": \"\
        Avg Jitter (ms)\",\n\t\t\t\t\"comparison_parameter\": \"\",\n\t\t\t\t\"has_others\"\
        : false,\n\t\t\t\t\"context\": false,\n\t\t\t\t\"name_type\": \"colname_parts\"\
        \n\t\t\t},\n\t\t\t{\n\t\t\t\t\"strid\": \"ID_PEAK_RSEC_JITTER\",\n\t\t\t\t\
        \"metric\": \"jitter\",\n\t\t\t\t\"rate\": \"count\",\n\t\t\t\t\"statistic\"\
        : \"peak\",\n\t\t\t\t\"id\": 789,\n\t\t\t\t\"unit\": \"rsec\",\n\t\t\t\t\"\
        category\": \"data\",\n\t\t\t\t\"severity\": \"none\",\n\t\t\t\t\"area\":\
        \ \"none\",\n\t\t\t\t\"internal\": false,\n\t\t\t\t\"role\": \"none\",\n\t\
        \t\t\t\"cli_srv\": \"none\",\n\t\t\t\t\"type\": \"reltime\",\n\t\t\t\t\"available\"\
        : false,\n\t\t\t\t\"direction\": \"none\",\n\t\t\t\t\"comparison\": \"none\"\
        ,\n\t\t\t\t\"sortable\": true,\n\t\t\t\t\"name\": \"Peak Jitter (ms)\",\n\t\
        \t\t\t\"comparison_parameter\": \"\",\n\t\t\t\t\"has_others\": false,\n\t\t\
        \t\t\"context\": false,\n\t\t\t\t\"name_type\": \"colname_parts\"\n\t\t\t\
        },\n\t\t\t{\n\t\t\t\t\"strid\": \"ID_AVG_VQUAL_RFACTOR\",\n\t\t\t\t\"metric\"\
        : \"r_factor\",\n\t\t\t\t\"rate\": \"none\",\n\t\t\t\t\"statistic\": \"avg\"\
        ,\n\t\t\t\t\"id\": 794,\n\t\t\t\t\"unit\": \"voice_quality\",\n\t\t\t\t\"\
        category\": \"data\",\n\t\t\t\t\"severity\": \"none\",\n\t\t\t\t\"area\":\
        \ \"none\",\n\t\t\t\t\"internal\": false,\n\t\t\t\t\"role\": \"none\",\n\t\
        \t\t\t\"cli_srv\": \"none\",\n\t\t\t\t\"type\": \"float\",\n\t\t\t\t\"available\"\
        : false,\n\t\t\t\t\"direction\": \"none\",\n\t\t\t\t\"comparison\": \"none\"\
        ,\n\t\t\t\t\"sortable\": true,\n\t\t\t\t\"name\": \"Avg R-Factor\",\n\t\t\t\
        \t\"comparison_parameter\": \"\",\n\t\t\t\t\"has_others\": false,\n\t\t\t\t\
        \"context\": false,\n\t\t\t\t\"name_type\": \"colname_parts\"\n\t\t\t},\n\t\
        \t\t{\n\t\t\t\t\"strid\": \"ID_PEAK_VQUAL_RFACTOR\",\n\t\t\t\t\"metric\":\
        \ \"r_factor\",\n\t\t\t\t\"rate\": \"none\",\n\t\t\t\t\"statistic\": \"peak\"\
        ,\n\t\t\t\t\"id\": 795,\n\t\t\t\t\"unit\": \"voice_quality\",\n\t\t\t\t\"\
        category\": \"data\",\n\t\t\t\t\"severity\": \"none\",\n\t\t\t\t\"area\":\
        \ \"none\",\n\t\t\t\t\"internal\": false,\n\t\t\t\t\"role\": \"none\",\n\t\
        \t\t\t\"cli_srv\": \"none\",\n\t\t\t\t\"type\": \"float\",\n\t\t\t\t\"available\"\
        : false,\n\t\t\t\t\"direction\": \"none\",\n\t\t\t\t\"comparison\": \"none\"\
        ,\n\t\t\t\t\"sortable\": true,\n\t\t\t\t\"name\": \"Peak R-Factor\",\n\t\t\
        \t\t\"comparison_parameter\": \"\",\n\t\t\t\t\"has_others\": false,\n\t\t\t\
        \t\"context\": false,\n\t\t\t\t\"name_type\": \"colname_parts\"\n\t\t\t},\n\
        \t\t\t{\n\t\t\t\t\"strid\": \"ID_MIN_VQUAL_RFACTOR\",\n\t\t\t\t\"metric\"\
        : \"r_factor\",\n\t\t\t\t\"rate\": \"none\",\n\t\t\t\t\"statistic\": \"min\"\
        ,\n\t\t\t\t\"id\": 796,\n\t\t\t\t\"unit\": \"voice_quality\",\n\t\t\t\t\"\
        category\": \"data\",\n\t\t\t\t\"severity\": \"none\",\n\t\t\t\t\"area\":\
        \ \"none\",\n\t\t\t\t\"internal\": false,\n\t\t\t\t\"role\": \"none\",\n\t\
        \t\t\t\"cli_srv\": \"none\",\n\t\t\t\t\"type\": \"float\",\n\t\t\t\t\"available\"\
        : false,\n\t\t\t\t\"direction\": \"none\",\n\t\t\t\t\"comparison\": \"none\"\
        ,\n\t\t\t\t\"sortable\": true,\n\t\t\t\t\"name\": \"Min R-Factor\",\n\t\t\t\
        \t\"comparison_parameter\": \"\",\n\t\t\t\t\"has_others\": false,\n\t\t\t\t\
        \"context\": false,\n\t\t\t\t\"name_type\": \"colname_parts\"\n\t\t\t},\n\t\
        \t\t{\n\t\t\t\t\"strid\": \"ID_AVG_VQUAL_MOS\",\n\t\t\t\t\"metric\": \"mos\"\
        ,\n\t\t\t\t\"rate\": \"none\",\n\t\t\t\t\"statistic\": \"avg\",\n\t\t\t\t\"\
        id\": 803,\n\t\t\t\t\"unit\": \"voice_quality\",\n\t\t\t\t\"category\": \"\
        data\",\n\t\t\t\t\"severity\": \"none\",\n\t\t\t\t\"area\": \"none\",\n\t\t\
        \t\t\"internal\": false,\n\t\t\t\t\"role\": \"none\",\n\t\t\t\t\"cli_srv\"\
        : \"none\",\n\t\t\t\t\"type\": \"float\",\n\t\t\t\t\"available\": false,\n\
        \t\t\t\t\"direction\": \"none\",\n\t\t\t\t\"comparison\": \"none\",\n\t\t\t\
        \t\"sortable\": true,\n\t\t\t\t\"name\": \"Avg MOS\",\n\t\t\t\t\"comparison_parameter\"\
        : \"\",\n\t\t\t\t\"has_others\": false,\n\t\t\t\t\"context\": false,\n\t\t\
        \t\t\"name_type\": \"colname_parts\"\n\t\t\t},\n\t\t\t{\n\t\t\t\t\"strid\"\
        : \"ID_PEAK_VQUAL_MOS\",\n\t\t\t\t\"metric\": \"mos\",\n\t\t\t\t\"rate\":\
        \ \"none\",\n\t\t\t\t\"statistic\": \"peak\",\n\t\t\t\t\"id\": 811,\n\t\t\t\
        \t\"unit\": \"voice_quality\",\n\t\t\t\t\"category\": \"data\",\n\t\t\t\t\"\
        severity\": \"none\",\n\t\t\t\t\"area\": \"none\",\n\t\t\t\t\"internal\":\
        \ false,\n\t\t\t\t\"role\": \"none\",\n\t\t\t\t\"cli_srv\": \"none\",\n\t\t\
        \t\t\"type\": \"float\",\n\t\t\t\t\"available\": false,\n\t\t\t\t\"direction\"\
        : \"none\",\n\t\t\t\t\"comparison\": \"none\",\n\t\t\t\t\"sortable\": true,\n\
        \t\t\t\t\"name\": \"Peak MOS\",\n\t\t\t\t\"comparison_parameter\": \"\",\n\
        \t\t\t\t\"has_others\": false,\n\t\t\t\t\"context\": false,\n\t\t\t\t\"name_type\"\
        : \"colname_parts\"\n\t\t\t},\n\t\t\t{\n\t\t\t\t\"strid\": \"ID_MIN_VQUAL_MOS\"\
        ,\n\t\t\t\t\"metric\": \"mos\",\n\t\t\t\t\"rate\": \"none\",\n\t\t\t\t\"statistic\"\
        : \"min\",\n\t\t\t\t\"id\": 812,\n\t\t\t\t\"unit\": \"voice_quality\",\n\t\
        \t\t\t\"category\": \"data\",\n\t\t\t\t\"severity\": \"none\",\n\t\t\t\t\"\
        area\": \"none\",\n\t\t\t\t\"internal\": false,\n\t\t\t\t\"role\": \"none\"\
        ,\n\t\t\t\t\"cli_srv\": \"none\",\n\t\t\t\t\"type\": \"float\",\n\t\t\t\t\"\
        available\": false,\n\t\t\t\t\"direction\": \"none\",\n\t\t\t\t\"comparison\"\
        : \"none\",\n\t\t\t\t\"sortable\": true,\n\t\t\t\t\"name\": \"Min MOS\",\n\
        \t\t\t\t\"comparison_parameter\": \"\",\n\t\t\t\t\"has_others\": false,\n\t\
        \t\t\t\"context\": false,\n\t\t\t\t\"name_type\": \"colname_parts\"\n\t\t\t\
        },\n\t\t\t{\n\t\t\t\t\"strid\": \"ID_IN_TOTAL_PKTS_LOSS\",\n\t\t\t\t\"metric\"\
        : \"loss\",\n\t\t\t\t\"rate\": \"count\",\n\t\t\t\t\"statistic\": \"total\"\
        ,\n\t\t\t\t\"id\": 775,\n\t\t\t\t\"unit\": \"pkts\",\n\t\t\t\t\"category\"\
        : \"data\",\n\t\t\t\t\"severity\": \"none\",\n\t\t\t\t\"area\": \"none\",\n\
        \t\t\t\t\"internal\": false,\n\t\t\t\t\"role\": \"none\",\n\t\t\t\t\"cli_srv\"\
        : \"none\",\n\t\t\t\t\"type\": \"int\",\n\t\t\t\t\"available\": false,\n\t\
        \t\t\t\"direction\": \"in\",\n\t\t\t\t\"comparison\": \"none\",\n\t\t\t\t\"\
        sortable\": true,\n\t\t\t\t\"name\": \"Total RTP Loss Packets (Rx)\",\n\t\t\
        \t\t\"comparison_parameter\": \"\",\n\t\t\t\t\"has_others\": false,\n\t\t\t\
        \t\"context\": false,\n\t\t\t\t\"name_type\": \"colname_parts\"\n\t\t\t},\n\
        \t\t\t{\n\t\t\t\t\"strid\": \"ID_IN_TOTAL_PKTS_EXPECTED\",\n\t\t\t\t\"metric\"\
        : \"expected\",\n\t\t\t\t\"rate\": \"count\",\n\t\t\t\t\"statistic\": \"total\"\
        ,\n\t\t\t\t\"id\": 832,\n\t\t\t\t\"unit\": \"pkts\",\n\t\t\t\t\"category\"\
        : \"data\",\n\t\t\t\t\"severity\": \"none\",\n\t\t\t\t\"area\": \"none\",\n\
        \t\t\t\t\"internal\": false,\n\t\t\t\t\"role\": \"none\",\n\t\t\t\t\"cli_srv\"\
        : \"none\",\n\t\t\t\t\"type\": \"int\",\n\t\t\t\t\"available\": false,\n\t\
        \t\t\t\"direction\": \"in\",\n\t\t\t\t\"comparison\": \"none\",\n\t\t\t\t\"\
        sortable\": true,\n\t\t\t\t\"name\": \"Total RTP Expected Packets (Rx)\",\n\
        \t\t\t\t\"comparison_parameter\": \"\",\n\t\t\t\t\"has_others\": false,\n\t\
        \t\t\t\"context\": false,\n\t\t\t\t\"name_type\": \"colname_parts\"\n\t\t\t\
        },\n\t\t\t{\n\t\t\t\t\"strid\": \"ID_IN_AVG_PKTS_LOSS\",\n\t\t\t\t\"metric\"\
        : \"loss\",\n\t\t\t\t\"rate\": \"persec\",\n\t\t\t\t\"statistic\": \"avg\"\
        ,\n\t\t\t\t\"id\": 773,\n\t\t\t\t\"unit\": \"pkts\",\n\t\t\t\t\"category\"\
        : \"data\",\n\t\t\t\t\"severity\": \"none\",\n\t\t\t\t\"area\": \"none\",\n\
        \t\t\t\t\"internal\": false,\n\t\t\t\t\"role\": \"none\",\n\t\t\t\t\"cli_srv\"\
        : \"none\",\n\t\t\t\t\"type\": \"float\",\n\t\t\t\t\"available\": false,\n\
        \t\t\t\t\"direction\": \"in\",\n\t\t\t\t\"comparison\": \"none\",\n\t\t\t\t\
        \"sortable\": true,\n\t\t\t\t\"name\": \"Avg RTP Loss Packets/s (Rx)\",\n\t\
        \t\t\t\"comparison_parameter\": \"\",\n\t\t\t\t\"has_others\": false,\n\t\t\
        \t\t\"context\": false,\n\t\t\t\t\"name_type\": \"colname_parts\"\n\t\t\t\
        },\n\t\t\t{\n\t\t\t\t\"strid\": \"ID_IN_AVG_PKTS_EXPECTED\",\n\t\t\t\t\"metric\"\
        : \"expected\",\n\t\t\t\t\"rate\": \"persec\",\n\t\t\t\t\"statistic\": \"\
        avg\",\n\t\t\t\t\"id\": 830,\n\t\t\t\t\"unit\": \"pkts\",\n\t\t\t\t\"category\"\
        : \"data\",\n\t\t\t\t\"severity\": \"none\",\n\t\t\t\t\"area\": \"none\",\n\
        \t\t\t\t\"internal\": false,\n\t\t\t\t\"role\": \"none\",\n\t\t\t\t\"cli_srv\"\
        : \"none\",\n\t\t\t\t\"type\": \"float\",\n\t\t\t\t\"available\": false,\n\
        \t\t\t\t\"direction\": \"in\",\n\t\t\t\t\"comparison\": \"none\",\n\t\t\t\t\
        \"sortable\": true,\n\t\t\t\t\"name\": \"Avg RTP Expected Packets/s (Rx)\"\
        ,\n\t\t\t\t\"comparison_parameter\": \"\",\n\t\t\t\t\"has_others\": false,\n\
        \t\t\t\t\"context\": false,\n\t\t\t\t\"name_type\": \"colname_parts\"\n\t\t\
        \t},\n\t\t\t{\n\t\t\t\t\"strid\": \"ID_IN_PEAK_PKTS_LOSS\",\n\t\t\t\t\"metric\"\
        : \"loss\",\n\t\t\t\t\"rate\": \"persec\",\n\t\t\t\t\"statistic\": \"peak\"\
        ,\n\t\t\t\t\"id\": 774,\n\t\t\t\t\"unit\": \"pkts\",\n\t\t\t\t\"category\"\
        : \"data\",\n\t\t\t\t\"severity\": \"none\",\n\t\t\t\t\"area\": \"none\",\n\
        \t\t\t\t\"internal\": false,\n\t\t\t\t\"role\": \"none\",\n\t\t\t\t\"cli_srv\"\
        : \"none\",\n\t\t\t\t\"type\": \"float\",\n\t\t\t\t\"available\": false,\n\
        \t\t\t\t\"direction\": \"in\",\n\t\t\t\t\"comparison\": \"none\",\n\t\t\t\t\
        \"sortable\": true,\n\t\t\t\t\"name\": \"Peak RTP Loss Packets/s (Rx)\",\n\
        \t\t\t\t\"comparison_parameter\": \"\",\n\t\t\t\t\"has_others\": false,\n\t\
        \t\t\t\"context\": false,\n\t\t\t\t\"name_type\": \"colname_parts\"\n\t\t\t\
        },\n\t\t\t{\n\t\t\t\t\"strid\": \"ID_IN_PEAK_PKTS_EXPECTED\",\n\t\t\t\t\"\
        metric\": \"expected\",\n\t\t\t\t\"rate\": \"persec\",\n\t\t\t\t\"statistic\"\
        : \"peak\",\n\t\t\t\t\"id\": 831,\n\t\t\t\t\"unit\": \"pkts\",\n\t\t\t\t\"\
        category\": \"data\",\n\t\t\t\t\"severity\": \"none\",\n\t\t\t\t\"area\":\
        \ \"none\",\n\t\t\t\t\"internal\": false,\n\t\t\t\t\"role\": \"none\",\n\t\
        \t\t\t\"cli_srv\": \"none\",\n\t\t\t\t\"type\": \"float\",\n\t\t\t\t\"available\"\
        : false,\n\t\t\t\t\"direction\": \"in\",\n\t\t\t\t\"comparison\": \"none\"\
        ,\n\t\t\t\t\"sortable\": true,\n\t\t\t\t\"name\": \"Peak RTP Expected Packets/s\
        \ (Rx)\",\n\t\t\t\t\"comparison_parameter\": \"\",\n\t\t\t\t\"has_others\"\
        : false,\n\t\t\t\t\"context\": false,\n\t\t\t\t\"name_type\": \"colname_parts\"\
        \n\t\t\t},\n\t\t\t{\n\t\t\t\t\"strid\": \"ID_IN_TOTAL_PKTS_LOSS_PCT\",\n\t\
        \t\t\t\"metric\": \"loss\",\n\t\t\t\t\"rate\": \"pct\",\n\t\t\t\t\"statistic\"\
        : \"total\",\n\t\t\t\t\"id\": 779,\n\t\t\t\t\"unit\": \"pkts\",\n\t\t\t\t\"\
        category\": \"data\",\n\t\t\t\t\"severity\": \"none\",\n\t\t\t\t\"area\":\
        \ \"none\",\n\t\t\t\t\"internal\": false,\n\t\t\t\t\"role\": \"none\",\n\t\
        \t\t\t\"cli_srv\": \"none\",\n\t\t\t\t\"type\": \"float\",\n\t\t\t\t\"available\"\
        : false,\n\t\t\t\t\"direction\": \"in\",\n\t\t\t\t\"comparison\": \"none\"\
        ,\n\t\t\t\t\"sortable\": true,\n\t\t\t\t\"name\": \"% RTP Loss Packets (Rx)\"\
        ,\n\t\t\t\t\"comparison_parameter\": \"\",\n\t\t\t\t\"has_others\": false,\n\
        \t\t\t\t\"context\": false,\n\t\t\t\t\"name_type\": \"colname_parts\"\n\t\t\
        \t},\n\t\t\t{\n\t\t\t\t\"strid\": \"ID_IN_AVG_RSEC_JITTER\",\n\t\t\t\t\"metric\"\
        : \"jitter\",\n\t\t\t\t\"rate\": \"count\",\n\t\t\t\t\"statistic\": \"avg\"\
        ,\n\t\t\t\t\"id\": 790,\n\t\t\t\t\"unit\": \"rsec\",\n\t\t\t\t\"category\"\
        : \"data\",\n\t\t\t\t\"severity\": \"none\",\n\t\t\t\t\"area\": \"none\",\n\
        \t\t\t\t\"internal\": false,\n\t\t\t\t\"role\": \"none\",\n\t\t\t\t\"cli_srv\"\
        : \"none\",\n\t\t\t\t\"type\": \"reltime\",\n\t\t\t\t\"available\": false,\n\
        \t\t\t\t\"direction\": \"in\",\n\t\t\t\t\"comparison\": \"none\",\n\t\t\t\t\
        \"sortable\": true,\n\t\t\t\t\"name\": \"Avg Jitter (ms) (Rx)\",\n\t\t\t\t\
        \"comparison_parameter\": \"\",\n\t\t\t\t\"has_others\": false,\n\t\t\t\t\"\
        context\": false,\n\t\t\t\t\"name_type\": \"colname_parts\"\n\t\t\t},\n\t\t\
        \t{\n\t\t\t\t\"strid\": \"ID_IN_PEAK_RSEC_JITTER\",\n\t\t\t\t\"metric\": \"\
        jitter\",\n\t\t\t\t\"rate\": \"count\",\n\t\t\t\t\"statistic\": \"peak\",\n\
        \t\t\t\t\"id\": 791,\n\t\t\t\t\"unit\": \"rsec\",\n\t\t\t\t\"category\": \"\
        data\",\n\t\t\t\t\"severity\": \"none\",\n\t\t\t\t\"area\": \"none\",\n\t\t\
        \t\t\"internal\": false,\n\t\t\t\t\"role\": \"none\",\n\t\t\t\t\"cli_srv\"\
        : \"none\",\n\t\t\t\t\"type\": \"reltime\",\n\t\t\t\t\"available\": false,\n\
        \t\t\t\t\"direction\": \"in\",\n\t\t\t\t\"comparison\": \"none\",\n\t\t\t\t\
        \"sortable\": true,\n\t\t\t\t\"name\": \"Peak Jitter (ms) (Rx)\",\n\t\t\t\t\
        \"comparison_parameter\": \"\",\n\t\t\t\t\"has_others\": false,\n\t\t\t\t\"\
        context\": false,\n\t\t\t\t\"name_type\": \"colname_parts\"\n\t\t\t},\n\t\t\
        \t{\n\t\t\t\t\"strid\": \"ID_IN_AVG_VQUAL_RFACTOR\",\n\t\t\t\t\"metric\":\
        \ \"r_factor\",\n\t\t\t\t\"rate\": \"none\",\n\t\t\t\t\"statistic\": \"avg\"\
        ,\n\t\t\t\t\"id\": 797,\n\t\t\t\t\"unit\": \"voice_quality\",\n\t\t\t\t\"\
        category\": \"data\",\n\t\t\t\t\"severity\": \"none\",\n\t\t\t\t\"area\":\
        \ \"none\",\n\t\t\t\t\"internal\": false,\n\t\t\t\t\"role\": \"none\",\n\t\
        \t\t\t\"cli_srv\": \"none\",\n\t\t\t\t\"type\": \"float\",\n\t\t\t\t\"available\"\
        : false,\n\t\t\t\t\"direction\": \"in\",\n\t\t\t\t\"comparison\": \"none\"\
        ,\n\t\t\t\t\"sortable\": true,\n\t\t\t\t\"name\": \"Avg R-Factor (Rx)\",\n\
        \t\t\t\t\"comparison_parameter\": \"\",\n\t\t\t\t\"has_others\": false,\n\t\
        \t\t\t\"context\": false,\n\t\t\t\t\"name_type\": \"colname_parts\"\n\t\t\t\
        },\n\t\t\t{\n\t\t\t\t\"strid\": \"ID_IN_PEAK_VQUAL_RFACTOR\",\n\t\t\t\t\"\
        metric\": \"r_factor\",\n\t\t\t\t\"rate\": \"none\",\n\t\t\t\t\"statistic\"\
        : \"peak\",\n\t\t\t\t\"id\": 798,\n\t\t\t\t\"unit\": \"voice_quality\",\n\t\
        \t\t\t\"category\": \"data\",\n\t\t\t\t\"severity\": \"none\",\n\t\t\t\t\"\
        area\": \"none\",\n\t\t\t\t\"internal\": false,\n\t\t\t\t\"role\": \"none\"\
        ,\n\t\t\t\t\"cli_srv\": \"none\",\n\t\t\t\t\"type\": \"float\",\n\t\t\t\t\"\
        available\": false,\n\t\t\t\t\"direction\": \"in\",\n\t\t\t\t\"comparison\"\
        : \"none\",\n\t\t\t\t\"sortable\": true,\n\t\t\t\t\"name\": \"Peak R-Factor\
        \ (Rx)\",\n\t\t\t\t\"comparison_parameter\": \"\",\n\t\t\t\t\"has_others\"\
        : false,\n\t\t\t\t\"context\": false,\n\t\t\t\t\"name_type\": \"colname_parts\"\
        \n\t\t\t},\n\t\t\t{\n\t\t\t\t\"strid\": \"ID_IN_MIN_VQUAL_RFACTOR\",\n\t\t\
        \t\t\"metric\": \"r_factor\",\n\t\t\t\t\"rate\": \"none\",\n\t\t\t\t\"statistic\"\
        : \"min\",\n\t\t\t\t\"id\": 799,\n\t\t\t\t\"unit\": \"voice_quality\",\n\t\
        \t\t\t\"category\": \"data\",\n\t\t\t\t\"severity\": \"none\",\n\t\t\t\t\"\
        area\": \"none\",\n\t\t\t\t\"internal\": false,\n\t\t\t\t\"role\": \"none\"\
        ,\n\t\t\t\t\"cli_srv\": \"none\",\n\t\t\t\t\"type\": \"float\",\n\t\t\t\t\"\
        available\": false,\n\t\t\t\t\"direction\": \"in\",\n\t\t\t\t\"comparison\"\
        : \"none\",\n\t\t\t\t\"sortable\": true,\n\t\t\t\t\"name\": \"Min R-Factor\
        \ (Rx)\",\n\t\t\t\t\"comparison_parameter\": \"\",\n\t\t\t\t\"has_others\"\
        : false,\n\t\t\t\t\"context\": false,\n\t\t\t\t\"name_type\": \"colname_parts\"\
        \n\t\t\t},\n\t\t\t{\n\t\t\t\t\"strid\": \"ID_IN_AVG_VQUAL_MOS\",\n\t\t\t\t\
        \"metric\": \"mos\",\n\t\t\t\t\"rate\": \"none\",\n\t\t\t\t\"statistic\":\
        \ \"avg\",\n\t\t\t\t\"id\": 813,\n\t\t\t\t\"unit\": \"voice_quality\",\n\t\
        \t\t\t\"category\": \"data\",\n\t\t\t\t\"severity\": \"none\",\n\t\t\t\t\"\
        area\": \"none\",\n\t\t\t\t\"internal\": false,\n\t\t\t\t\"role\": \"none\"\
        ,\n\t\t\t\t\"cli_srv\": \"none\",\n\t\t\t\t\"type\": \"float\",\n\t\t\t\t\"\
        available\": false,\n\t\t\t\t\"direction\": \"in\",\n\t\t\t\t\"comparison\"\
        : \"none\",\n\t\t\t\t\"sortable\": true,\n\t\t\t\t\"name\": \"Avg MOS (Rx)\"\
        ,\n\t\t\t\t\"comparison_parameter\": \"\",\n\t\t\t\t\"has_others\": false,\n\
        \t\t\t\t\"context\": false,\n\t\t\t\t\"name_type\": \"colname_parts\"\n\t\t\
        \t},\n\t\t\t{\n\t\t\t\t\"strid\": \"ID_IN_PEAK_VQUAL_MOS\",\n\t\t\t\t\"metric\"\
        : \"mos\",\n\t\t\t\t\"rate\": \"none\",\n\t\t\t\t\"statistic\": \"peak\",\n\
        \t\t\t\t\"id\": 814,\n\t\t\t\t\"unit\": \"voice_quality\",\n\t\t\t\t\"category\"\
        : \"data\",\n\t\t\t\t\"severity\": \"none\",\n\t\t\t\t\"area\": \"none\",\n\
        \t\t\t\t\"internal\": false,\n\t\t\t\t\"role\": \"none\",\n\t\t\t\t\"cli_srv\"\
        : \"none\",\n\t\t\t\t\"type\": \"float\",\n\t\t\t\t\"available\": false,\n\
        \t\t\t\t\"direction\": \"in\",\n\t\t\t\t\"comparison\": \"none\",\n\t\t\t\t\
        \"sortable\": true,\n\t\t\t\t\"name\": \"Peak MOS (Rx)\",\n\t\t\t\t\"comparison_parameter\"\
        : \"\",\n\t\t\t\t\"has_others\": false,\n\t\t\t\t\"context\": false,\n\t\t\
        \t\t\"name_type\": \"colname_parts\"\n\t\t\t},\n\t\t\t{\n\t\t\t\t\"strid\"\
        : \"ID_IN_MIN_VQUAL_MOS\",\n\t\t\t\t\"metric\": \"mos\",\n\t\t\t\t\"rate\"\
        : \"none\",\n\t\t\t\t\"statistic\": \"min\",\n\t\t\t\t\"id\": 815,\n\t\t\t\
        \t\"unit\": \"voice_quality\",\n\t\t\t\t\"category\": \"data\",\n\t\t\t\t\"\
        severity\": \"none\",\n\t\t\t\t\"area\": \"none\",\n\t\t\t\t\"internal\":\
        \ false,\n\t\t\t\t\"role\": \"none\",\n\t\t\t\t\"cli_srv\": \"none\",\n\t\t\
        \t\t\"type\": \"float\",\n\t\t\t\t\"available\": false,\n\t\t\t\t\"direction\"\
        : \"in\",\n\t\t\t\t\"comparison\": \"none\",\n\t\t\t\t\"sortable\": true,\n\
        \t\t\t\t\"name\": \"Min MOS (Rx)\",\n\t\t\t\t\"comparison_parameter\": \"\"\
        ,\n\t\t\t\t\"has_others\": false,\n\t\t\t\t\"context\": false,\n\t\t\t\t\"\
        name_type\": \"colname_parts\"\n\t\t\t},\n\t\t\t{\n\t\t\t\t\"strid\": \"ID_OUT_TOTAL_PKTS_LOSS\"\
        ,\n\t\t\t\t\"metric\": \"loss\",\n\t\t\t\t\"rate\": \"count\",\n\t\t\t\t\"\
        statistic\": \"total\",\n\t\t\t\t\"id\": 778,\n\t\t\t\t\"unit\": \"pkts\"\
        ,\n\t\t\t\t\"category\": \"data\",\n\t\t\t\t\"severity\": \"none\",\n\t\t\t\
        \t\"area\": \"none\",\n\t\t\t\t\"internal\": false,\n\t\t\t\t\"role\": \"\
        none\",\n\t\t\t\t\"cli_srv\": \"none\",\n\t\t\t\t\"type\": \"int\",\n\t\t\t\
        \t\"available\": false,\n\t\t\t\t\"direction\": \"out\",\n\t\t\t\t\"comparison\"\
        : \"none\",\n\t\t\t\t\"sortable\": true,\n\t\t\t\t\"name\": \"Total RTP Loss\
        \ Packets (Tx)\",\n\t\t\t\t\"comparison_parameter\": \"\",\n\t\t\t\t\"has_others\"\
        : false,\n\t\t\t\t\"context\": false,\n\t\t\t\t\"name_type\": \"colname_parts\"\
        \n\t\t\t},\n\t\t\t{\n\t\t\t\t\"strid\": \"ID_OUT_TOTAL_PKTS_EXPECTED\",\n\t\
        \t\t\t\"metric\": \"expected\",\n\t\t\t\t\"rate\": \"count\",\n\t\t\t\t\"\
        statistic\": \"total\",\n\t\t\t\t\"id\": 835,\n\t\t\t\t\"unit\": \"pkts\"\
        ,\n\t\t\t\t\"category\": \"data\",\n\t\t\t\t\"severity\": \"none\",\n\t\t\t\
        \t\"area\": \"none\",\n\t\t\t\t\"internal\": false,\n\t\t\t\t\"role\": \"\
        none\",\n\t\t\t\t\"cli_srv\": \"none\",\n\t\t\t\t\"type\": \"int\",\n\t\t\t\
        \t\"available\": false,\n\t\t\t\t\"direction\": \"out\",\n\t\t\t\t\"comparison\"\
        : \"none\",\n\t\t\t\t\"sortable\": true,\n\t\t\t\t\"name\": \"Total RTP Expected\
        \ Packets (Tx)\",\n\t\t\t\t\"comparison_parameter\": \"\",\n\t\t\t\t\"has_others\"\
        : false,\n\t\t\t\t\"context\": false,\n\t\t\t\t\"name_type\": \"colname_parts\"\
        \n\t\t\t},\n\t\t\t{\n\t\t\t\t\"strid\": \"ID_OUT_AVG_PKTS_LOSS\",\n\t\t\t\t\
        \"metric\": \"loss\",\n\t\t\t\t\"rate\": \"persec\",\n\t\t\t\t\"statistic\"\
        : \"avg\",\n\t\t\t\t\"id\": 776,\n\t\t\t\t\"unit\": \"pkts\",\n\t\t\t\t\"\
        category\": \"data\",\n\t\t\t\t\"severity\": \"none\",\n\t\t\t\t\"area\":\
        \ \"none\",\n\t\t\t\t\"internal\": false,\n\t\t\t\t\"role\": \"none\",\n\t\
        \t\t\t\"cli_srv\": \"none\",\n\t\t\t\t\"type\": \"float\",\n\t\t\t\t\"available\"\
        : false,\n\t\t\t\t\"direction\": \"out\",\n\t\t\t\t\"comparison\": \"none\"\
        ,\n\t\t\t\t\"sortable\": true,\n\t\t\t\t\"name\": \"Avg RTP Loss Packets/s\
        \ (Tx)\",\n\t\t\t\t\"comparison_parameter\": \"\",\n\t\t\t\t\"has_others\"\
        : false,\n\t\t\t\t\"context\": false,\n\t\t\t\t\"name_type\": \"colname_parts\"\
        \n\t\t\t},\n\t\t\t{\n\t\t\t\t\"strid\": \"ID_OUT_AVG_PKTS_EXPECTED\",\n\t\t\
        \t\t\"metric\": \"expected\",\n\t\t\t\t\"rate\": \"persec\",\n\t\t\t\t\"statistic\"\
        : \"avg\",\n\t\t\t\t\"id\": 833,\n\t\t\t\t\"unit\": \"pkts\",\n\t\t\t\t\"\
        category\": \"data\",\n\t\t\t\t\"severity\": \"none\",\n\t\t\t\t\"area\":\
        \ \"none\",\n\t\t\t\t\"internal\": false,\n\t\t\t\t\"role\": \"none\",\n\t\
        \t\t\t\"cli_srv\": \"none\",\n\t\t\t\t\"type\": \"float\",\n\t\t\t\t\"available\"\
        : false,\n\t\t\t\t\"direction\": \"out\",\n\t\t\t\t\"comparison\": \"none\"\
        ,\n\t\t\t\t\"sortable\": true,\n\t\t\t\t\"name\": \"Avg RTP Expected Packets/s\
        \ (Tx)\",\n\t\t\t\t\"comparison_parameter\": \"\",\n\t\t\t\t\"has_others\"\
        : false,\n\t\t\t\t\"context\": false,\n\t\t\t\t\"name_type\": \"colname_parts\"\
        \n\t\t\t},\n\t\t\t{\n\t\t\t\t\"strid\": \"ID_OUT_PEAK_PKTS_LOSS\",\n\t\t\t\
        \t\"metric\": \"loss\",\n\t\t\t\t\"rate\": \"persec\",\n\t\t\t\t\"statistic\"\
        : \"peak\",\n\t\t\t\t\"id\": 777,\n\t\t\t\t\"unit\": \"pkts\",\n\t\t\t\t\"\
        category\": \"data\",\n\t\t\t\t\"severity\": \"none\",\n\t\t\t\t\"area\":\
        \ \"none\",\n\t\t\t\t\"internal\": false,\n\t\t\t\t\"role\": \"none\",\n\t\
        \t\t\t\"cli_srv\": \"none\",\n\t\t\t\t\"type\": \"float\",\n\t\t\t\t\"available\"\
        : false,\n\t\t\t\t\"direction\": \"out\",\n\t\t\t\t\"comparison\": \"none\"\
        ,\n\t\t\t\t\"sortable\": true,\n\t\t\t\t\"name\": \"Peak RTP Loss Packets/s\
        \ (Tx)\",\n\t\t\t\t\"comparison_parameter\": \"\",\n\t\t\t\t\"has_others\"\
        : false,\n\t\t\t\t\"context\": false,\n\t\t\t\t\"name_type\": \"colname_parts\"\
        \n\t\t\t},\n\t\t\t{\n\t\t\t\t\"strid\": \"ID_OUT_PEAK_PKTS_EXPECTED\",\n\t\
        \t\t\t\"metric\": \"expected\",\n\t\t\t\t\"rate\": \"persec\",\n\t\t\t\t\"\
        statistic\": \"peak\",\n\t\t\t\t\"id\": 834,\n\t\t\t\t\"unit\": \"pkts\",\n\
        \t\t\t\t\"category\": \"data\",\n\t\t\t\t\"severity\": \"none\",\n\t\t\t\t\
        \"area\": \"none\",\n\t\t\t\t\"internal\": false,\n\t\t\t\t\"role\": \"none\"\
        ,\n\t\t\t\t\"cli_srv\": \"none\",\n\t\t\t\t\"type\": \"float\",\n\t\t\t\t\"\
        available\": false,\n\t\t\t\t\"direction\": \"out\",\n\t\t\t\t\"comparison\"\
        : \"none\",\n\t\t\t\t\"sortable\": true,\n\t\t\t\t\"name\": \"Peak RTP Expected\
        \ Packets/s (Tx)\",\n\t\t\t\t\"comparison_parameter\": \"\",\n\t\t\t\t\"has_others\"\
        : false,\n\t\t\t\t\"context\": false,\n\t\t\t\t\"name_type\": \"colname_parts\"\
        \n\t\t\t},\n\t\t\t{\n\t\t\t\t\"strid\": \"ID_OUT_TOTAL_PKTS_LOSS_PCT\",\n\t\
        \t\t\t\"metric\": \"loss\",\n\t\t\t\t\"rate\": \"pct\",\n\t\t\t\t\"statistic\"\
        : \"total\",\n\t\t\t\t\"id\": 780,\n\t\t\t\t\"unit\": \"pkts\",\n\t\t\t\t\"\
        category\": \"data\",\n\t\t\t\t\"severity\": \"none\",\n\t\t\t\t\"area\":\
        \ \"none\",\n\t\t\t\t\"internal\": false,\n\t\t\t\t\"role\": \"none\",\n\t\
        \t\t\t\"cli_srv\": \"none\",\n\t\t\t\t\"type\": \"float\",\n\t\t\t\t\"available\"\
        : false,\n\t\t\t\t\"direction\": \"out\",\n\t\t\t\t\"comparison\": \"none\"\
        ,\n\t\t\t\t\"sortable\": true,\n\t\t\t\t\"name\": \"% RTP Loss Packets (Tx)\"\
        ,\n\t\t\t\t\"comparison_parameter\": \"\",\n\t\t\t\t\"has_others\": false,\n\
        \t\t\t\t\"context\": false,\n\t\t\t\t\"name_type\": \"colname_parts\"\n\t\t\
        \t},\n\t\t\t{\n\t\t\t\t\"strid\": \"ID_OUT_AVG_RSEC_JITTER\",\n\t\t\t\t\"\
        metric\": \"jitter\",\n\t\t\t\t\"rate\": \"count\",\n\t\t\t\t\"statistic\"\
        : \"avg\",\n\t\t\t\t\"id\": 792,\n\t\t\t\t\"unit\": \"rsec\",\n\t\t\t\t\"\
        category\": \"data\",\n\t\t\t\t\"severity\": \"none\",\n\t\t\t\t\"area\":\
        \ \"none\",\n\t\t\t\t\"internal\": false,\n\t\t\t\t\"role\": \"none\",\n\t\
        \t\t\t\"cli_srv\": \"none\",\n\t\t\t\t\"type\": \"reltime\",\n\t\t\t\t\"available\"\
        : false,\n\t\t\t\t\"direction\": \"out\",\n\t\t\t\t\"comparison\": \"none\"\
        ,\n\t\t\t\t\"sortable\": true,\n\t\t\t\t\"name\": \"Avg Jitter (ms) (Tx)\"\
        ,\n\t\t\t\t\"comparison_parameter\": \"\",\n\t\t\t\t\"has_others\": false,\n\
        \t\t\t\t\"context\": false,\n\t\t\t\t\"name_type\": \"colname_parts\"\n\t\t\
        \t},\n\t\t\t{\n\t\t\t\t\"strid\": \"ID_OUT_PEAK_RSEC_JITTER\",\n\t\t\t\t\"\
        metric\": \"jitter\",\n\t\t\t\t\"rate\": \"count\",\n\t\t\t\t\"statistic\"\
        : \"peak\",\n\t\t\t\t\"id\": 793,\n\t\t\t\t\"unit\": \"rsec\",\n\t\t\t\t\"\
        category\": \"data\",\n\t\t\t\t\"severity\": \"none\",\n\t\t\t\t\"area\":\
        \ \"none\",\n\t\t\t\t\"internal\": false,\n\t\t\t\t\"role\": \"none\",\n\t\
        \t\t\t\"cli_srv\": \"none\",\n\t\t\t\t\"type\": \"reltime\",\n\t\t\t\t\"available\"\
        : false,\n\t\t\t\t\"direction\": \"out\",\n\t\t\t\t\"comparison\": \"none\"\
        ,\n\t\t\t\t\"sortable\": true,\n\t\t\t\t\"name\": \"Peak Jitter (ms) (Tx)\"\
        ,\n\t\t\t\t\"comparison_parameter\": \"\",\n\t\t\t\t\"has_others\": false,\n\
        \t\t\t\t\"context\": false,\n\t\t\t\t\"name_type\": \"colname_parts\"\n\t\t\
        \t},\n\t\t\t{\n\t\t\t\t\"strid\": \"ID_OUT_AVG_VQUAL_RFACTOR\",\n\t\t\t\t\"\
        metric\": \"r_factor\",\n\t\t\t\t\"rate\": \"none\",\n\t\t\t\t\"statistic\"\
        : \"avg\",\n\t\t\t\t\"id\": 800,\n\t\t\t\t\"unit\": \"voice_quality\",\n\t\
        \t\t\t\"category\": \"data\",\n\t\t\t\t\"severity\": \"none\",\n\t\t\t\t\"\
        area\": \"none\",\n\t\t\t\t\"internal\": false,\n\t\t\t\t\"role\": \"none\"\
        ,\n\t\t\t\t\"cli_srv\": \"none\",\n\t\t\t\t\"type\": \"float\",\n\t\t\t\t\"\
        available\": false,\n\t\t\t\t\"direction\": \"out\",\n\t\t\t\t\"comparison\"\
        : \"none\",\n\t\t\t\t\"sortable\": true,\n\t\t\t\t\"name\": \"Avg R-Factor\
        \ (Tx)\",\n\t\t\t\t\"comparison_parameter\": \"\",\n\t\t\t\t\"has_others\"\
        : false,\n\t\t\t\t\"context\": false,\n\t\t\t\t\"name_type\": \"colname_parts\"\
        \n\t\t\t},\n\t\t\t{\n\t\t\t\t\"strid\": \"ID_OUT_PEAK_VQUAL_RFACTOR\",\n\t\
        \t\t\t\"metric\": \"r_factor\",\n\t\t\t\t\"rate\": \"none\",\n\t\t\t\t\"statistic\"\
        : \"peak\",\n\t\t\t\t\"id\": 801,\n\t\t\t\t\"unit\": \"voice_quality\",\n\t\
        \t\t\t\"category\": \"data\",\n\t\t\t\t\"severity\": \"none\",\n\t\t\t\t\"\
        area\": \"none\",\n\t\t\t\t\"internal\": false,\n\t\t\t\t\"role\": \"none\"\
        ,\n\t\t\t\t\"cli_srv\": \"none\",\n\t\t\t\t\"type\": \"float\",\n\t\t\t\t\"\
        available\": false,\n\t\t\t\t\"direction\": \"out\",\n\t\t\t\t\"comparison\"\
        : \"none\",\n\t\t\t\t\"sortable\": true,\n\t\t\t\t\"name\": \"Peak R-Factor\
        \ (Tx)\",\n\t\t\t\t\"comparison_parameter\": \"\",\n\t\t\t\t\"has_others\"\
        : false,\n\t\t\t\t\"context\": false,\n\t\t\t\t\"name_type\": \"colname_parts\"\
        \n\t\t\t},\n\t\t\t{\n\t\t\t\t\"strid\": \"ID_OUT_MIN_VQUAL_RFACTOR\",\n\t\t\
        \t\t\"metric\": \"r_factor\",\n\t\t\t\t\"rate\": \"none\",\n\t\t\t\t\"statistic\"\
        : \"min\",\n\t\t\t\t\"id\": 802,\n\t\t\t\t\"unit\": \"voice_quality\",\n\t\
        \t\t\t\"category\": \"data\",\n\t\t\t\t\"severity\": \"none\",\n\t\t\t\t\"\
        area\": \"none\",\n\t\t\t\t\"internal\": false,\n\t\t\t\t\"role\": \"none\"\
        ,\n\t\t\t\t\"cli_srv\": \"none\",\n\t\t\t\t\"type\": \"float\",\n\t\t\t\t\"\
        available\": false,\n\t\t\t\t\"direction\": \"out\",\n\t\t\t\t\"comparison\"\
        : \"none\",\n\t\t\t\t\"sortable\": true,\n\t\t\t\t\"name\": \"Min R-Factor\
        \ (Tx)\",\n\t\t\t\t\"comparison_parameter\": \"\",\n\t\t\t\t\"has_others\"\
        : false,\n\t\t\t\t\"context\": false,\n\t\t\t\t\"name_type\": \"colname_parts\"\
        \n\t\t\t},\n\t\t\t{\n\t\t\t\t\"strid\": \"ID_OUT_AVG_VQUAL_MOS\",\n\t\t\t\t\
        \"metric\": \"mos\",\n\t\t\t\t\"rate\": \"none\",\n\t\t\t\t\"statistic\":\
        \ \"avg\",\n\t\t\t\t\"id\": 816,\n\t\t\t\t\"unit\": \"voice_quality\",\n\t\
        \t\t\t\"category\": \"data\",\n\t\t\t\t\"severity\": \"none\",\n\t\t\t\t\"\
        area\": \"none\",\n\t\t\t\t\"internal\": false,\n\t\t\t\t\"role\": \"none\"\
        ,\n\t\t\t\t\"cli_srv\": \"none\",\n\t\t\t\t\"type\": \"float\",\n\t\t\t\t\"\
        available\": false,\n\t\t\t\t\"direction\": \"out\",\n\t\t\t\t\"comparison\"\
        : \"none\",\n\t\t\t\t\"sortable\": true,\n\t\t\t\t\"name\": \"Avg MOS (Tx)\"\
        ,\n\t\t\t\t\"comparison_parameter\": \"\",\n\t\t\t\t\"has_others\": false,\n\
        \t\t\t\t\"context\": false,\n\t\t\t\t\"name_type\": \"colname_parts\"\n\t\t\
        \t},\n\t\t\t{\n\t\t\t\t\"strid\": \"ID_OUT_PEAK_VQUAL_MOS\",\n\t\t\t\t\"metric\"\
        : \"mos\",\n\t\t\t\t\"rate\": \"none\",\n\t\t\t\t\"statistic\": \"peak\",\n\
        \t\t\t\t\"id\": 817,\n\t\t\t\t\"unit\": \"voice_quality\",\n\t\t\t\t\"category\"\
        : \"data\",\n\t\t\t\t\"severity\": \"none\",\n\t\t\t\t\"area\": \"none\",\n\
        \t\t\t\t\"internal\": false,\n\t\t\t\t\"role\": \"none\",\n\t\t\t\t\"cli_srv\"\
        : \"none\",\n\t\t\t\t\"type\": \"float\",\n\t\t\t\t\"available\": false,\n\
        \t\t\t\t\"direction\": \"out\",\n\t\t\t\t\"comparison\": \"none\",\n\t\t\t\
        \t\"sortable\": true,\n\t\t\t\t\"name\": \"Peak MOS (Tx)\",\n\t\t\t\t\"comparison_parameter\"\
        : \"\",\n\t\t\t\t\"has_others\": false,\n\t\t\t\t\"context\": false,\n\t\t\
        \t\t\"name_type\": \"colname_parts\"\n\t\t\t},\n\t\t\t{\n\t\t\t\t\"strid\"\
        : \"ID_OUT_MIN_VQUAL_MOS\",\n\t\t\t\t\"metric\": \"mos\",\n\t\t\t\t\"rate\"\
        : \"none\",\n\t\t\t\t\"statistic\": \"min\",\n\t\t\t\t\"id\": 818,\n\t\t\t\
        \t\"unit\": \"voice_quality\",\n\t\t\t\t\"category\": \"data\",\n\t\t\t\t\"\
        severity\": \"none\",\n\t\t\t\t\"area\": \"none\",\n\t\t\t\t\"internal\":\
        \ false,\n\t\t\t\t\"role\": \"none\",\n\t\t\t\t\"cli_srv\": \"none\",\n\t\t\
        \t\t\"type\": \"float\",\n\t\t\t\t\"available\": false,\n\t\t\t\t\"direction\"\
        : \"out\",\n\t\t\t\t\"comparison\": \"none\",\n\t\t\t\t\"sortable\": true,\n\
        \t\t\t\t\"name\": \"Min MOS (Tx)\",\n\t\t\t\t\"comparison_parameter\": \"\"\
        ,\n\t\t\t\t\"has_others\": false,\n\t\t\t\t\"context\": false,\n\t\t\t\t\"\
        name_type\": \"colname_parts\"\n\t\t\t},\n\t\t\t{\n\t\t\t\t\"strid\": \"ID_HOST_SWITCH_DNS\"\
        ,\n\t\t\t\t\"metric\": \"none\",\n\t\t\t\t\"rate\": \"none\",\n\t\t\t\t\"\
        statistic\": \"none\",\n\t\t\t\t\"id\": 120,\n\t\t\t\t\"unit\": \"none\",\n\
        \t\t\t\t\"category\": \"info\",\n\t\t\t\t\"severity\": \"none\",\n\t\t\t\t\
        \"area\": \"none\",\n\t\t\t\t\"internal\": false,\n\t\t\t\t\"role\": \"none\"\
        ,\n\t\t\t\t\"cli_srv\": \"none\",\n\t\t\t\t\"type\": \"switch_port\",\n\t\t\
        \t\t\"available\": true,\n\t\t\t\t\"direction\": \"none\",\n\t\t\t\t\"comparison\"\
        : \"none\",\n\t\t\t\t\"sortable\": false,\n\t\t\t\t\"name\": \"Host Switch\
        \ Info\",\n\t\t\t\t\"comparison_parameter\": \"\",\n\t\t\t\t\"has_others\"\
        : false,\n\t\t\t\t\"context\": false,\n\t\t\t\t\"name_type\": \"string\"\n\
        \t\t\t}\n\t\t],\n\t\t\"statistic\": \"none\",\n\t\t\"type\": \"summary\",\n\
        \t\t\"id\": \"0:sum_hos_non_non_non_non_non_non_non_33_d_-1_35410d83b5c5fec57b6a6880a5cd322d\"\
        ,\n\t\t\"unit\": \"none\",\n\t\t\"actual_t1\": 1549573800\n\t}\n]"}
    headers:
      Cache-Control: ['no-store, no-cache, must-revalidate, max-age=0']
      Connection: [Keep-Alive]
      Content-Length: ['85688']
      Content-Security-Policy: ['default-src https: data: ''unsafe-inline'' ''unsafe-eval'';
          frame-ancestors ''self''']
      Content-Type: [application/json]
      Date: ['Thu, 07 Feb 2019 21:12:28 GMT']
      Expires: ['0']
      Keep-Alive: [timeout=90]
      Server: [Apache]
      Strict-Transport-Security: [max-age=31536000; includeSubDomains]
      X-Content-Type-Options: [nosniff]
      X-Frame-Options: [SAMEORIGIN]
      X-XSS-Protection: [1; mode=block]
    status: {code: 200, message: OK}
- request:
    body: null
    headers:
      Accept: [application/json]
      Accept-Encoding: ['gzip, deflate']
      Connection: [keep-alive]
      Content-Type: [application/json]
      Cookie: [SESSID=0a3de32137447a1fc81dc65fa51a8ab2388a36da05dfc50f2523106ea6297e1c]
      User-Agent: [python-requests/2.21.0 SteelScript/2.0a1]
    method: GET
    uri: https://10.38.131.150/api/profiler/1.0/reporting/reports/70974/queries/0:sum_hos_non_non_non_non_non_non_non_33_d_-1_35410d83b5c5fec57b6a6880a5cd322d.json?columns=5%2C33%2C34
  response:
    body: {string: "{\n\t\"actual_start_time\": 1549570200,\n\t\"actual_end_time\"\
        : 1549573800,\n\t\"data\": [\n\t\t[\n\t\t\t\"10.100.6.12\",\n\t\t\t\"401629.570556\"\
        ,\n\t\t\t\"589.083611111\"\n\t\t],\n\t\t[\n\t\t\t\"10.100.100.13\",\n\t\t\t\
        \"240254.865556\",\n\t\t\t\"480.232222222\"\n\t\t],\n\t\t[\n\t\t\t\"10.100.5.12\"\
        ,\n\t\t\t\"186333.400556\",\n\t\t\t\"188.030277778\"\n\t\t],\n\t\t[\n\t\t\t\
        \"10.100.6.14\",\n\t\t\t\"169331.234167\",\n\t\t\t\"409.005555556\"\n\t\t\
        ],\n\t\t[\n\t\t\t\"10.100.100.14\",\n\t\t\t\"137850.855\",\n\t\t\t\"344.971944444\"\
        \n\t\t],\n\t\t[\n\t\t\t\"10.100.6.10\",\n\t\t\t\"122728.183056\",\n\t\t\t\"\
        219.905\"\n\t\t],\n\t\t[\n\t\t\t\"10.100.5.11\",\n\t\t\t\"105637.079167\"\
        ,\n\t\t\t\"80.2097222222\"\n\t\t],\n\t\t[\n\t\t\t\"10.100.6.11\",\n\t\t\t\"\
        88608.0861111\",\n\t\t\t\"151.728611111\"\n\t\t],\n\t\t[\n\t\t\t\"10.100.201.21\"\
        ,\n\t\t\t\"50824.6494444\",\n\t\t\t\"46.1961111111\"\n\t\t],\n\t\t[\n\t\t\t\
        \"10.100.201.20\",\n\t\t\t\"49919.7772222\",\n\t\t\t\"45.4036111111\"\n\t\t\
        ],\n\t\t[\n\t\t\t\"10.100.201.34\",\n\t\t\t\"49710.2669444\",\n\t\t\t\"378.190555556\"\
        \n\t\t],\n\t\t[\n\t\t\t\"10.100.120.108\",\n\t\t\t\"48880.9841667\",\n\t\t\
        \t\"46.9469444444\"\n\t\t],\n\t\t[\n\t\t\t\"10.100.202.1\",\n\t\t\t\"37476.0152778\"\
        ,\n\t\t\t\"337.625\"\n\t\t],\n\t\t[\n\t\t\t\"10.100.201.30\",\n\t\t\t\"37129.2069444\"\
        ,\n\t\t\t\"252.288888889\"\n\t\t],\n\t\t[\n\t\t\t\"10.100.100.12\",\n\t\t\t\
        \"36954.5022222\",\n\t\t\t\"246.189444444\"\n\t\t],\n\t\t[\n\t\t\t\"10.100.201.32\"\
        ,\n\t\t\t\"36163.4561111\",\n\t\t\t\"250.381111111\"\n\t\t],\n\t\t[\n\t\t\t\
        \"10.100.6.13\",\n\t\t\t\"34609.2894444\",\n\t\t\t\"30.7513888889\"\n\t\t\
        ],\n\t\t[\n\t\t\t\"10.100.210.10\",\n\t\t\t\"33179.6716667\",\n\t\t\t\"31.1291666667\"\
        \n\t\t],\n\t\t[\n\t\t\t\"10.100.201.70\",\n\t\t\t\"31466.5341667\",\n\t\t\t\
        \"28.5694444444\"\n\t\t],\n\t\t[\n\t\t\t\"10.100.202.2\",\n\t\t\t\"29083.4727778\"\
        ,\n\t\t\t\"282.770277778\"\n\t\t],\n\t\t[\n\t\t\t\"10.100.202.3\",\n\t\t\t\
        \"28880.5433333\",\n\t\t\t\"280.323611111\"\n\t\t],\n\t\t[\n\t\t\t\"10.100.5.10\"\
        ,\n\t\t\t\"27889.6241667\",\n\t\t\t\"26.32\"\n\t\t],\n\t\t[\n\t\t\t\"10.100.201.91\"\
        ,\n\t\t\t\"25301.3344444\",\n\t\t\t\"78.0319444444\"\n\t\t],\n\t\t[\n\t\t\t\
        \"10.100.201.90\",\n\t\t\t\"25059.6455556\",\n\t\t\t\"77.2127777778\"\n\t\t\
        ],\n\t\t[\n\t\t\t\"10.100.201.31\",\n\t\t\t\"23647.7241667\",\n\t\t\t\"106.226666667\"\
        \n\t\t],\n\t\t[\n\t\t\t\"10.100.201.12\",\n\t\t\t\"21933.4602778\",\n\t\t\t\
        \"20.7361111111\"\n\t\t],\n\t\t[\n\t\t\t\"10.100.120.100\",\n\t\t\t\"21508.2438889\"\
        ,\n\t\t\t\"21.3694444444\"\n\t\t],\n\t\t[\n\t\t\t\"10.100.201.33\",\n\t\t\t\
        \"21456.3555556\",\n\t\t\t\"93.9875\"\n\t\t],\n\t\t[\n\t\t\t\"10.100.201.11\"\
        ,\n\t\t\t\"20777.4019444\",\n\t\t\t\"19.8825\"\n\t\t],\n\t\t[\n\t\t\t\"10.99.18.154\"\
        ,\n\t\t\t\"20761.4041667\",\n\t\t\t\"24.8130555556\"\n\t\t],\n\t\t[\n\t\t\t\
        \"10.100.120.111\",\n\t\t\t\"20664.9438889\",\n\t\t\t\"37.1144444444\"\n\t\
        \t],\n\t\t[\n\t\t\t\"10.100.201.10\",\n\t\t\t\"20589.6769444\",\n\t\t\t\"\
        19.7769444444\"\n\t\t],\n\t\t[\n\t\t\t\"10.100.120.110\",\n\t\t\t\"20004.2327778\"\
        ,\n\t\t\t\"33.3308333333\"\n\t\t],\n\t\t[\n\t\t\t\"10.100.120.112\",\n\t\t\
        \t\"19485.615\",\n\t\t\t\"43.5497222222\"\n\t\t],\n\t\t[\n\t\t\t\"10.100.201.50\"\
        ,\n\t\t\t\"17833.9375\",\n\t\t\t\"53.1344444444\"\n\t\t],\n\t\t[\n\t\t\t\"\
        10.100.100.10\",\n\t\t\t\"17331.7938889\",\n\t\t\t\"173.378333333\"\n\t\t\
        ],\n\t\t[\n\t\t\t\"10.100.100.11\",\n\t\t\t\"16087.2022222\",\n\t\t\t\"161.075277778\"\
        \n\t\t],\n\t\t[\n\t\t\t\"10.100.100.100\",\n\t\t\t\"13701.8011111\",\n\t\t\
        \t\"42.1852777778\"\n\t\t],\n\t\t[\n\t\t\t\"10.100.100.101\",\n\t\t\t\"13020.5980556\"\
        ,\n\t\t\t\"40.9536111111\"\n\t\t],\n\t\t[\n\t\t\t\"10.100.201.171\",\n\t\t\
        \t\"13018.9283333\",\n\t\t\t\"37.795\"\n\t\t],\n\t\t[\n\t\t\t\"10.100.201.170\"\
        ,\n\t\t\t\"12899.8597222\",\n\t\t\t\"37.6791666667\"\n\t\t],\n\t\t[\n\t\t\t\
        \"10.99.15.54\",\n\t\t\t\"12798.7355556\",\n\t\t\t\"10.7016666667\"\n\t\t\
        ],\n\t\t[\n\t\t\t\"10.100.201.150\",\n\t\t\t\"12544.05\",\n\t\t\t\"24.3083333333\"\
        \n\t\t],\n\t\t[\n\t\t\t\"10.100.201.151\",\n\t\t\t\"11459.8933333\",\n\t\t\
        \t\"26.5152777778\"\n\t\t],\n\t\t[\n\t\t\t\"10.99.13.91\",\n\t\t\t\"8991.30305556\"\
        ,\n\t\t\t\"17.275\"\n\t\t],\n\t\t[\n\t\t\t\"10.99.13.83\",\n\t\t\t\"8815.4375\"\
        ,\n\t\t\t\"16.7277777778\"\n\t\t],\n\t\t[\n\t\t\t\"10.99.17.153\",\n\t\t\t\
        \"8595.675\",\n\t\t\t\"15.0911111111\"\n\t\t],\n\t\t[\n\t\t\t\"10.99.13.41\"\
        ,\n\t\t\t\"8099.86138889\",\n\t\t\t\"16.055\"\n\t\t],\n\t\t[\n\t\t\t\"10.99.14.22\"\
        ,\n\t\t\t\"8060.42166667\",\n\t\t\t\"14.1213888889\"\n\t\t],\n\t\t[\n\t\t\t\
        \"10.99.14.103\",\n\t\t\t\"8030.20138889\",\n\t\t\t\"14.2577777778\"\n\t\t\
        ],\n\t\t[\n\t\t\t\"10.99.14.1\",\n\t\t\t\"7961.69805556\",\n\t\t\t\"14.5091666667\"\
        \n\t\t],\n\t\t[\n\t\t\t\"10.99.14.108\",\n\t\t\t\"7884.62\",\n\t\t\t\"13.9416666667\"\
        \n\t\t],\n\t\t[\n\t\t\t\"10.99.14.61\",\n\t\t\t\"7877.12722222\",\n\t\t\t\"\
        14.6152777778\"\n\t\t],\n\t\t[\n\t\t\t\"10.99.13.116\",\n\t\t\t\"7814.37527778\"\
        ,\n\t\t\t\"15.5125\"\n\t\t],\n\t\t[\n\t\t\t\"10.99.13.112\",\n\t\t\t\"7799.96361111\"\
        ,\n\t\t\t\"14.0244444444\"\n\t\t],\n\t\t[\n\t\t\t\"10.99.13.51\",\n\t\t\t\"\
        7716.00194444\",\n\t\t\t\"12.6194444444\"\n\t\t],\n\t\t[\n\t\t\t\"10.100.203.1\"\
        ,\n\t\t\t\"7515.02666667\",\n\t\t\t\"49.4463888889\"\n\t\t],\n\t\t[\n\t\t\t\
        \"10.100.203.2\",\n\t\t\t\"7455.2825\",\n\t\t\t\"45.9947222222\"\n\t\t],\n\
        \t\t[\n\t\t\t\"10.99.14.107\",\n\t\t\t\"7365.78305556\",\n\t\t\t\"13.6869444444\"\
        \n\t\t],\n\t\t[\n\t\t\t\"10.99.14.16\",\n\t\t\t\"7322.71055556\",\n\t\t\t\"\
        13.1677777778\"\n\t\t],\n\t\t[\n\t\t\t\"10.99.13.34\",\n\t\t\t\"7186.62833333\"\
        ,\n\t\t\t\"13.2586111111\"\n\t\t],\n\t\t[\n\t\t\t\"10.99.13.103\",\n\t\t\t\
        \"7152.96638889\",\n\t\t\t\"13.1072222222\"\n\t\t],\n\t\t[\n\t\t\t\"10.99.13.84\"\
        ,\n\t\t\t\"6989.69027778\",\n\t\t\t\"12.765\"\n\t\t],\n\t\t[\n\t\t\t\"10.99.13.40\"\
        ,\n\t\t\t\"6800.585\",\n\t\t\t\"13.1119444444\"\n\t\t],\n\t\t[\n\t\t\t\"10.99.14.35\"\
        ,\n\t\t\t\"6572.50361111\",\n\t\t\t\"11.8827777778\"\n\t\t],\n\t\t[\n\t\t\t\
        \"10.99.17.70\",\n\t\t\t\"6223.7975\",\n\t\t\t\"11.0430555556\"\n\t\t],\n\t\
        \t[\n\t\t\t\"10.99.14.44\",\n\t\t\t\"6215.34472222\",\n\t\t\t\"10.8975\"\n\
        \t\t],\n\t\t[\n\t\t\t\"10.99.14.56\",\n\t\t\t\"6204.1625\",\n\t\t\t\"10.7702777778\"\
        \n\t\t],\n\t\t[\n\t\t\t\"10.99.13.13\",\n\t\t\t\"6135.18416667\",\n\t\t\t\"\
        11.9852777778\"\n\t\t],\n\t\t[\n\t\t\t\"10.99.13.104\",\n\t\t\t\"6103.37694444\"\
        ,\n\t\t\t\"12.5319444444\"\n\t\t],\n\t\t[\n\t\t\t\"10.99.14.51\",\n\t\t\t\"\
        6100.18055556\",\n\t\t\t\"9.89416666667\"\n\t\t],\n\t\t[\n\t\t\t\"10.99.17.40\"\
        ,\n\t\t\t\"6094.29611111\",\n\t\t\t\"10.9066666667\"\n\t\t],\n\t\t[\n\t\t\t\
        \"10.99.14.78\",\n\t\t\t\"6068.76166667\",\n\t\t\t\"10.3388888889\"\n\t\t\
        ],\n\t\t[\n\t\t\t\"10.99.14.27\",\n\t\t\t\"5894.54777778\",\n\t\t\t\"10.2472222222\"\
        \n\t\t],\n\t\t[\n\t\t\t\"10.99.11.136\",\n\t\t\t\"5793.79583333\",\n\t\t\t\
        \"23.4927777778\"\n\t\t],\n\t\t[\n\t\t\t\"10.99.14.32\",\n\t\t\t\"5780.455\"\
        ,\n\t\t\t\"10.2377777778\"\n\t\t],\n\t\t[\n\t\t\t\"10.99.17.171\",\n\t\t\t\
        \"5778.35638889\",\n\t\t\t\"10.0063888889\"\n\t\t],\n\t\t[\n\t\t\t\"10.99.17.107\"\
        ,\n\t\t\t\"5648.59638889\",\n\t\t\t\"10.0719444444\"\n\t\t],\n\t\t[\n\t\t\t\
        \"10.99.14.93\",\n\t\t\t\"5612.615\",\n\t\t\t\"9.82916666667\"\n\t\t],\n\t\
        \t[\n\t\t\t\"10.99.15.39\",\n\t\t\t\"5577.01611111\",\n\t\t\t\"11.0077777778\"\
        \n\t\t],\n\t\t[\n\t\t\t\"10.99.11.166\",\n\t\t\t\"5557.17361111\",\n\t\t\t\
        \"22.7877777778\"\n\t\t],\n\t\t[\n\t\t\t\"10.99.13.96\",\n\t\t\t\"5532.3975\"\
        ,\n\t\t\t\"8.87555555556\"\n\t\t],\n\t\t[\n\t\t\t\"10.99.17.158\",\n\t\t\t\
        \"5491.7075\",\n\t\t\t\"9.40805555556\"\n\t\t],\n\t\t[\n\t\t\t\"10.99.15.68\"\
        ,\n\t\t\t\"5449.89083333\",\n\t\t\t\"10.0036111111\"\n\t\t],\n\t\t[\n\t\t\t\
        \"10.99.15.51\",\n\t\t\t\"5357.80027778\",\n\t\t\t\"10.2311111111\"\n\t\t\
        ],\n\t\t[\n\t\t\t\"10.100.202.128\",\n\t\t\t\"5273.6175\",\n\t\t\t\"6.37194444444\"\
        \n\t\t],\n\t\t[\n\t\t\t\"10.99.12.123\",\n\t\t\t\"5251.70083333\",\n\t\t\t\
        \"17.98\"\n\t\t],\n\t\t[\n\t\t\t\"10.99.13.76\",\n\t\t\t\"5240.66194444\"\
        ,\n\t\t\t\"9.275\"\n\t\t],\n\t\t[\n\t\t\t\"10.100.202.120\",\n\t\t\t\"5209.28361111\"\
        ,\n\t\t\t\"6.32055555556\"\n\t\t],\n\t\t[\n\t\t\t\"10.99.12.21\",\n\t\t\t\"\
        5099.01194444\",\n\t\t\t\"11.9208333333\"\n\t\t],\n\t\t[\n\t\t\t\"10.99.17.177\"\
        ,\n\t\t\t\"5096.97666667\",\n\t\t\t\"8.26194444444\"\n\t\t],\n\t\t[\n\t\t\t\
        \"10.99.17.120\",\n\t\t\t\"5073.1825\",\n\t\t\t\"8.62055555556\"\n\t\t],\n\
        \t\t[\n\t\t\t\"10.99.11.91\",\n\t\t\t\"5020.67583333\",\n\t\t\t\"20.8825\"\
        \n\t\t],\n\t\t[\n\t\t\t\"10.99.14.47\",\n\t\t\t\"4963.47666667\",\n\t\t\t\"\
        8.61472222222\"\n\t\t],\n\t\t[\n\t\t\t\"10.99.13.49\",\n\t\t\t\"4955.9925\"\
        ,\n\t\t\t\"9.58944444444\"\n\t\t],\n\t\t[\n\t\t\t\"10.99.13.105\",\n\t\t\t\
        \"4938.77888889\",\n\t\t\t\"10.0155555556\"\n\t\t],\n\t\t[\n\t\t\t\"10.99.11.67\"\
        ,\n\t\t\t\"4925.07805556\",\n\t\t\t\"18.4663888889\"\n\t\t],\n\t\t[\n\t\t\t\
        \"10.99.14.12\",\n\t\t\t\"4855.49638889\",\n\t\t\t\"8.97\"\n\t\t],\n\t\t[\n\
        \t\t\t\"10.99.15.52\",\n\t\t\t\"4801.52916667\",\n\t\t\t\"9.12666666667\"\n\
        \t\t],\n\t\t[\n\t\t\t\"10.99.13.100\",\n\t\t\t\"4795.05583333\",\n\t\t\t\"\
        10.0327777778\"\n\t\t],\n\t\t[\n\t\t\t\"10.99.12.149\",\n\t\t\t\"4784.72638889\"\
        ,\n\t\t\t\"13.8283333333\"\n\t\t],\n\t\t[\n\t\t\t\"10.99.17.155\",\n\t\t\t\
        \"4783.28638889\",\n\t\t\t\"7.77916666667\"\n\t\t],\n\t\t[\n\t\t\t\"10.99.12.118\"\
        ,\n\t\t\t\"4762.62222222\",\n\t\t\t\"15.4725\"\n\t\t],\n\t\t[\n\t\t\t\"10.99.12.67\"\
        ,\n\t\t\t\"4736.75305556\",\n\t\t\t\"11.6991666667\"\n\t\t],\n\t\t[\n\t\t\t\
        \"10.99.11.138\",\n\t\t\t\"4732.14972222\",\n\t\t\t\"17.9991666667\"\n\t\t\
        ],\n\t\t[\n\t\t\t\"10.99.15.36\",\n\t\t\t\"4716.91166667\",\n\t\t\t\"8.23138888889\"\
        \n\t\t],\n\t\t[\n\t\t\t\"10.99.14.30\",\n\t\t\t\"4646.08888889\",\n\t\t\t\"\
        8.07888888889\"\n\t\t],\n\t\t[\n\t\t\t\"10.99.18.100\",\n\t\t\t\"4499.44027778\"\
        ,\n\t\t\t\"8.38361111111\"\n\t\t],\n\t\t[\n\t\t\t\"10.99.15.45\",\n\t\t\t\"\
        4455.80666667\",\n\t\t\t\"7.81305555556\"\n\t\t],\n\t\t[\n\t\t\t\"10.99.15.19\"\
        ,\n\t\t\t\"4424.27222222\",\n\t\t\t\"9.80583333333\"\n\t\t],\n\t\t[\n\t\t\t\
        \"10.99.14.79\",\n\t\t\t\"4417.16722222\",\n\t\t\t\"6.86638888889\"\n\t\t\
        ],\n\t\t[\n\t\t\t\"10.99.12.109\",\n\t\t\t\"4410.06583333\",\n\t\t\t\"10.2691666667\"\
        \n\t\t],\n\t\t[\n\t\t\t\"10.99.15.7\",\n\t\t\t\"4286.00722222\",\n\t\t\t\"\
        7.74777777778\"\n\t\t],\n\t\t[\n\t\t\t\"10.99.12.176\",\n\t\t\t\"4277.44583333\"\
        ,\n\t\t\t\"9.16527777778\"\n\t\t],\n\t\t[\n\t\t\t\"10.99.17.36\",\n\t\t\t\"\
        4271.97055556\",\n\t\t\t\"6.65805555556\"\n\t\t],\n\t\t[\n\t\t\t\"10.99.15.26\"\
        ,\n\t\t\t\"4250.80222222\",\n\t\t\t\"6.65555555556\"\n\t\t],\n\t\t[\n\t\t\t\
        \"10.99.12.20\",\n\t\t\t\"4237.18694444\",\n\t\t\t\"13.9188888889\"\n\t\t\
        ],\n\t\t[\n\t\t\t\"10.99.15.9\",\n\t\t\t\"4228.68472222\",\n\t\t\t\"7.62444444444\"\
        \n\t\t],\n\t\t[\n\t\t\t\"10.99.15.2\",\n\t\t\t\"4210.17861111\",\n\t\t\t\"\
        7.21277777778\"\n\t\t],\n\t\t[\n\t\t\t\"10.99.14.40\",\n\t\t\t\"4154.98972222\"\
        ,\n\t\t\t\"7.03472222222\"\n\t\t],\n\t\t[\n\t\t\t\"10.99.18.13\",\n\t\t\t\"\
        4151.655\",\n\t\t\t\"7.695\"\n\t\t],\n\t\t[\n\t\t\t\"10.99.15.61\",\n\t\t\t\
        \"4147.5025\",\n\t\t\t\"6.68333333333\"\n\t\t],\n\t\t[\n\t\t\t\"10.99.12.90\"\
        ,\n\t\t\t\"4135.13666667\",\n\t\t\t\"6.68777777778\"\n\t\t],\n\t\t[\n\t\t\t\
        \"10.99.16.11\",\n\t\t\t\"4095.54444444\",\n\t\t\t\"6.8925\"\n\t\t],\n\t\t\
        [\n\t\t\t\"10.99.15.62\",\n\t\t\t\"4062.6875\",\n\t\t\t\"7.1975\"\n\t\t],\n\
        \t\t[\n\t\t\t\"10.99.18.77\",\n\t\t\t\"4053.56416667\",\n\t\t\t\"7.80805555556\"\
        \n\t\t],\n\t\t[\n\t\t\t\"10.99.18.49\",\n\t\t\t\"4029.88611111\",\n\t\t\t\"\
        7.26361111111\"\n\t\t],\n\t\t[\n\t\t\t\"10.99.16.33\",\n\t\t\t\"3994.73138889\"\
        ,\n\t\t\t\"7.33694444444\"\n\t\t],\n\t\t[\n\t\t\t\"10.99.12.55\",\n\t\t\t\"\
        3989.72027778\",\n\t\t\t\"7.60805555556\"\n\t\t],\n\t\t[\n\t\t\t\"10.99.16.45\"\
        ,\n\t\t\t\"3984.75111111\",\n\t\t\t\"7.98833333333\"\n\t\t],\n\t\t[\n\t\t\t\
        \"10.99.18.89\",\n\t\t\t\"3974.88638889\",\n\t\t\t\"7.14194444444\"\n\t\t\
        ],\n\t\t[\n\t\t\t\"10.99.17.87\",\n\t\t\t\"3945.76138889\",\n\t\t\t\"6.17083333333\"\
        \n\t\t],\n\t\t[\n\t\t\t\"10.99.16.57\",\n\t\t\t\"3918.78944444\",\n\t\t\t\"\
        6.57138888889\"\n\t\t],\n\t\t[\n\t\t\t\"10.99.12.117\",\n\t\t\t\"3912.72166667\"\
        ,\n\t\t\t\"12.2258333333\"\n\t\t],\n\t\t[\n\t\t\t\"10.99.16.3\",\n\t\t\t\"\
        3910.66611111\",\n\t\t\t\"7.48722222222\"\n\t\t],\n\t\t[\n\t\t\t\"10.99.11.122\"\
        ,\n\t\t\t\"3883.91916667\",\n\t\t\t\"15.4141666667\"\n\t\t],\n\t\t[\n\t\t\t\
        \"10.99.15.57\",\n\t\t\t\"3842.44833333\",\n\t\t\t\"7.63361111111\"\n\t\t\
        ],\n\t\t[\n\t\t\t\"10.99.13.113\",\n\t\t\t\"3810.04527778\",\n\t\t\t\"6.94111111111\"\
        \n\t\t],\n\t\t[\n\t\t\t\"10.99.14.104\",\n\t\t\t\"3793.08527778\",\n\t\t\t\
        \"5.83083333333\"\n\t\t],\n\t\t[\n\t\t\t\"10.99.18.69\",\n\t\t\t\"3774.97194444\"\
        ,\n\t\t\t\"7.09111111111\"\n\t\t],\n\t\t[\n\t\t\t\"10.99.17.150\",\n\t\t\t\
        \"3762.01166667\",\n\t\t\t\"6.4025\"\n\t\t],\n\t\t[\n\t\t\t\"10.99.11.62\"\
        ,\n\t\t\t\"3760.43305556\",\n\t\t\t\"14.1955555556\"\n\t\t],\n\t\t[\n\t\t\t\
        \"10.99.18.141\",\n\t\t\t\"3756.3725\",\n\t\t\t\"6.95611111111\"\n\t\t],\n\
        \t\t[\n\t\t\t\"10.99.14.28\",\n\t\t\t\"3722.06444444\",\n\t\t\t\"5.81833333333\"\
        \n\t\t],\n\t\t[\n\t\t\t\"10.99.12.1\",\n\t\t\t\"3712.76472222\",\n\t\t\t\"\
        9.56611111111\"\n\t\t],\n\t\t[\n\t\t\t\"10.99.13.88\",\n\t\t\t\"3710.39333333\"\
        ,\n\t\t\t\"5.90527777778\"\n\t\t],\n\t\t[\n\t\t\t\"10.99.12.50\",\n\t\t\t\"\
        3699.00277778\",\n\t\t\t\"7.44027777778\"\n\t\t],\n\t\t[\n\t\t\t\"10.99.17.132\"\
        ,\n\t\t\t\"3696.15833333\",\n\t\t\t\"5.14444444444\"\n\t\t],\n\t\t[\n\t\t\t\
        \"10.99.16.9\",\n\t\t\t\"3672.27027778\",\n\t\t\t\"7.71083333333\"\n\t\t],\n\
        \t\t[\n\t\t\t\"10.99.12.13\",\n\t\t\t\"3666.99444444\",\n\t\t\t\"6.39888888889\"\
        \n\t\t],\n\t\t[\n\t\t\t\"10.99.16.34\",\n\t\t\t\"3645.75027778\",\n\t\t\t\"\
        6.59027777778\"\n\t\t],\n\t\t[\n\t\t\t\"10.99.12.130\",\n\t\t\t\"3642.09083333\"\
        ,\n\t\t\t\"11.75\"\n\t\t],\n\t\t[\n\t\t\t\"10.99.16.43\",\n\t\t\t\"3640.75138889\"\
        ,\n\t\t\t\"7.21527777778\"\n\t\t],\n\t\t[\n\t\t\t\"10.99.14.41\",\n\t\t\t\"\
        3626.00722222\",\n\t\t\t\"5.1525\"\n\t\t],\n\t\t[\n\t\t\t\"10.99.14.123\"\
        ,\n\t\t\t\"3572.27361111\",\n\t\t\t\"5.69583333333\"\n\t\t],\n\t\t[\n\t\t\t\
        \"10.99.16.49\",\n\t\t\t\"3569.07388889\",\n\t\t\t\"6.16833333333\"\n\t\t\
        ],\n\t\t[\n\t\t\t\"10.99.18.105\",\n\t\t\t\"3550.94777778\",\n\t\t\t\"6.60333333333\"\
        \n\t\t],\n\t\t[\n\t\t\t\"10.99.18.106\",\n\t\t\t\"3536.60111111\",\n\t\t\t\
        \"5.31194444444\"\n\t\t],\n\t\t[\n\t\t\t\"10.99.11.27\",\n\t\t\t\"3503.77138889\"\
        ,\n\t\t\t\"12.4441666667\"\n\t\t],\n\t\t[\n\t\t\t\"10.99.14.11\",\n\t\t\t\"\
        3498.53277778\",\n\t\t\t\"5.46361111111\"\n\t\t],\n\t\t[\n\t\t\t\"10.99.12.11\"\
        ,\n\t\t\t\"3491.00666667\",\n\t\t\t\"8.05472222222\"\n\t\t],\n\t\t[\n\t\t\t\
        \"10.99.12.151\",\n\t\t\t\"3480.46666667\",\n\t\t\t\"8.32666666667\"\n\t\t\
        ],\n\t\t[\n\t\t\t\"10.99.16.1\",\n\t\t\t\"3471.445\",\n\t\t\t\"5.32333333333\"\
        \n\t\t],\n\t\t[\n\t\t\t\"10.99.12.92\",\n\t\t\t\"3460.88972222\",\n\t\t\t\"\
        7.50666666667\"\n\t\t],\n\t\t[\n\t\t\t\"10.99.12.58\",\n\t\t\t\"3431.21833333\"\
        ,\n\t\t\t\"7.81583333333\"\n\t\t],\n\t\t[\n\t\t\t\"10.99.16.22\",\n\t\t\t\"\
        3390.87916667\",\n\t\t\t\"5.57666666667\"\n\t\t],\n\t\t[\n\t\t\t\"10.99.11.163\"\
        ,\n\t\t\t\"3386.81444444\",\n\t\t\t\"10.815\"\n\t\t],\n\t\t[\n\t\t\t\"10.100.201.22\"\
        ,\n\t\t\t\"3380.38416667\",\n\t\t\t\"8.54583333333\"\n\t\t],\n\t\t[\n\t\t\t\
        \"10.99.16.54\",\n\t\t\t\"3374.25611111\",\n\t\t\t\"5.76444444444\"\n\t\t\
        ],\n\t\t[\n\t\t\t\"10.99.16.40\",\n\t\t\t\"3371.43\",\n\t\t\t\"7.35111111111\"\
        \n\t\t],\n\t\t[\n\t\t\t\"10.99.18.61\",\n\t\t\t\"3367.82222222\",\n\t\t\t\"\
        6.73333333333\"\n\t\t],\n\t\t[\n\t\t\t\"10.99.18.85\",\n\t\t\t\"3346.67527778\"\
        ,\n\t\t\t\"6.25722222222\"\n\t\t],\n\t\t[\n\t\t\t\"10.99.18.149\",\n\t\t\t\
        \"3346.03111111\",\n\t\t\t\"5.24027777778\"\n\t\t],\n\t\t[\n\t\t\t\"10.99.15.56\"\
        ,\n\t\t\t\"3344.89527778\",\n\t\t\t\"6.14666666667\"\n\t\t],\n\t\t[\n\t\t\t\
        \"10.99.18.171\",\n\t\t\t\"3333.33722222\",\n\t\t\t\"6.26333333333\"\n\t\t\
        ],\n\t\t[\n\t\t\t\"10.99.16.12\",\n\t\t\t\"3332.30305556\",\n\t\t\t\"6.0175\"\
        \n\t\t],\n\t\t[\n\t\t\t\"10.99.17.131\",\n\t\t\t\"3315.67388889\",\n\t\t\t\
        \"4.70388888889\"\n\t\t],\n\t\t[\n\t\t\t\"10.99.15.70\",\n\t\t\t\"3311.50305556\"\
        ,\n\t\t\t\"5.48888888889\"\n\t\t],\n\t\t[\n\t\t\t\"10.99.16.28\",\n\t\t\t\"\
        3310.47583333\",\n\t\t\t\"4.2875\"\n\t\t],\n\t\t[\n\t\t\t\"10.99.18.178\"\
        ,\n\t\t\t\"3306.35888889\",\n\t\t\t\"5.50861111111\"\n\t\t],\n\t\t[\n\t\t\t\
        \"10.99.16.32\",\n\t\t\t\"3297.6875\",\n\t\t\t\"6.04277777778\"\n\t\t],\n\t\
        \t[\n\t\t\t\"10.99.16.25\",\n\t\t\t\"3292.89888889\",\n\t\t\t\"5.81722222222\"\
        \n\t\t],\n\t\t[\n\t\t\t\"10.99.16.52\",\n\t\t\t\"3292.54722222\",\n\t\t\t\"\
        5.31277777778\"\n\t\t],\n\t\t[\n\t\t\t\"10.99.12.47\",\n\t\t\t\"3282.74027778\"\
        ,\n\t\t\t\"6.55027777778\"\n\t\t],\n\t\t[\n\t\t\t\"10.99.15.38\",\n\t\t\t\"\
        3282.19416667\",\n\t\t\t\"5.57333333333\"\n\t\t],\n\t\t[\n\t\t\t\"10.99.12.54\"\
        ,\n\t\t\t\"3273.50333333\",\n\t\t\t\"10.1333333333\"\n\t\t],\n\t\t[\n\t\t\t\
        \"10.99.16.7\",\n\t\t\t\"3266.19944444\",\n\t\t\t\"5.07194444444\"\n\t\t],\n\
        \t\t[\n\t\t\t\"10.99.14.15\",\n\t\t\t\"3250.53861111\",\n\t\t\t\"4.87388888889\"\
        \n\t\t],\n\t\t[\n\t\t\t\"10.99.16.38\",\n\t\t\t\"3249.14833333\",\n\t\t\t\"\
        5.33861111111\"\n\t\t],\n\t\t[\n\t\t\t\"10.100.201.23\",\n\t\t\t\"3243.65833333\"\
        ,\n\t\t\t\"8.2175\"\n\t\t],\n\t\t[\n\t\t\t\"10.99.18.112\",\n\t\t\t\"3242.15888889\"\
        ,\n\t\t\t\"5.41222222222\"\n\t\t],\n\t\t[\n\t\t\t\"10.99.16.5\",\n\t\t\t\"\
        3240.39583333\",\n\t\t\t\"5.71388888889\"\n\t\t],\n\t\t[\n\t\t\t\"10.99.18.73\"\
        ,\n\t\t\t\"3236.00194444\",\n\t\t\t\"5.8475\"\n\t\t],\n\t\t[\n\t\t\t\"10.99.14.105\"\
        ,\n\t\t\t\"3232.44166667\",\n\t\t\t\"5.16138888889\"\n\t\t],\n\t\t[\n\t\t\t\
        \"10.99.14.110\",\n\t\t\t\"3231.67194444\",\n\t\t\t\"4.6775\"\n\t\t],\n\t\t\
        [\n\t\t\t\"10.99.16.60\",\n\t\t\t\"3206.08722222\",\n\t\t\t\"5.81111111111\"\
        \n\t\t],\n\t\t[\n\t\t\t\"10.99.12.78\",\n\t\t\t\"3188.72194444\",\n\t\t\t\"\
        9.95472222222\"\n\t\t],\n\t\t[\n\t\t\t\"10.99.12.136\",\n\t\t\t\"3133.76833333\"\
        ,\n\t\t\t\"10.8722222222\"\n\t\t],\n\t\t[\n\t\t\t\"10.99.14.73\",\n\t\t\t\"\
        3128.95777778\",\n\t\t\t\"4.8075\"\n\t\t],\n\t\t[\n\t\t\t\"10.99.18.167\"\
        ,\n\t\t\t\"3126.54611111\",\n\t\t\t\"5.32083333333\"\n\t\t],\n\t\t[\n\t\t\t\
        \"10.99.15.66\",\n\t\t\t\"3120.28833333\",\n\t\t\t\"5.2775\"\n\t\t],\n\t\t\
        [\n\t\t\t\"10.99.12.128\",\n\t\t\t\"3117.97027778\",\n\t\t\t\"8.34916666667\"\
        \n\t\t],\n\t\t[\n\t\t\t\"10.99.17.33\",\n\t\t\t\"3097.46611111\",\n\t\t\t\"\
        4.69694444444\"\n\t\t],\n\t\t[\n\t\t\t\"10.99.16.58\",\n\t\t\t\"3096.77305556\"\
        ,\n\t\t\t\"5.53638888889\"\n\t\t],\n\t\t[\n\t\t\t\"10.99.14.122\",\n\t\t\t\
        \"3086.12583333\",\n\t\t\t\"4.77138888889\"\n\t\t],\n\t\t[\n\t\t\t\"10.99.12.132\"\
        ,\n\t\t\t\"3082.43361111\",\n\t\t\t\"10.6563888889\"\n\t\t],\n\t\t[\n\t\t\t\
        \"10.99.15.6\",\n\t\t\t\"3081.42805556\",\n\t\t\t\"5.03833333333\"\n\t\t],\n\
        \t\t[\n\t\t\t\"10.99.15.18\",\n\t\t\t\"3076.23388889\",\n\t\t\t\"4.27027777778\"\
        \n\t\t],\n\t\t[\n\t\t\t\"10.99.12.150\",\n\t\t\t\"3054.45611111\",\n\t\t\t\
        \"9.34888888889\"\n\t\t],\n\t\t[\n\t\t\t\"10.99.18.87\",\n\t\t\t\"3053.75222222\"\
        ,\n\t\t\t\"5.99722222222\"\n\t\t],\n\t\t[\n\t\t\t\"10.99.11.44\",\n\t\t\t\"\
        3049.72472222\",\n\t\t\t\"12.1147222222\"\n\t\t],\n\t\t[\n\t\t\t\"10.99.12.3\"\
        ,\n\t\t\t\"3047.22388889\",\n\t\t\t\"7.92083333333\"\n\t\t],\n\t\t[\n\t\t\t\
        \"10.99.11.2\",\n\t\t\t\"3042.83444444\",\n\t\t\t\"10.4552777778\"\n\t\t],\n\
        \t\t[\n\t\t\t\"10.99.17.59\",\n\t\t\t\"3034.16833333\",\n\t\t\t\"4.16361111111\"\
        \n\t\t],\n\t\t[\n\t\t\t\"10.99.15.50\",\n\t\t\t\"3013.39222222\",\n\t\t\t\"\
        4.2775\"\n\t\t],\n\t\t[\n\t\t\t\"10.99.15.24\",\n\t\t\t\"3004.845\",\n\t\t\
        \t\"4.36\"\n\t\t],\n\t\t[\n\t\t\t\"10.99.16.20\",\n\t\t\t\"2999.87916667\"\
        ,\n\t\t\t\"5.95222222222\"\n\t\t],\n\t\t[\n\t\t\t\"10.100.201.160\",\n\t\t\
        \t\"2990.72416667\",\n\t\t\t\"3.64833333333\"\n\t\t],\n\t\t[\n\t\t\t\"10.99.16.64\"\
        ,\n\t\t\t\"2978.69166667\",\n\t\t\t\"5.30555555556\"\n\t\t],\n\t\t[\n\t\t\t\
        \"10.99.16.30\",\n\t\t\t\"2960.31138889\",\n\t\t\t\"3.52861111111\"\n\t\t\
        ],\n\t\t[\n\t\t\t\"10.99.18.166\",\n\t\t\t\"2957.62083333\",\n\t\t\t\"4.98416666667\"\
        \n\t\t],\n\t\t[\n\t\t\t\"10.99.15.34\",\n\t\t\t\"2938.60333333\",\n\t\t\t\"\
        4.46583333333\"\n\t\t],\n\t\t[\n\t\t\t\"10.99.16.37\",\n\t\t\t\"2931.68138889\"\
        ,\n\t\t\t\"5.08\"\n\t\t],\n\t\t[\n\t\t\t\"10.99.12.61\",\n\t\t\t\"2908.79416667\"\
        ,\n\t\t\t\"5.08861111111\"\n\t\t],\n\t\t[\n\t\t\t\"10.99.16.19\",\n\t\t\t\"\
        2886.23861111\",\n\t\t\t\"5.07833333333\"\n\t\t],\n\t\t[\n\t\t\t\"10.99.15.30\"\
        ,\n\t\t\t\"2834.55361111\",\n\t\t\t\"4.07361111111\"\n\t\t],\n\t\t[\n\t\t\t\
        \"10.99.15.64\",\n\t\t\t\"2827.78472222\",\n\t\t\t\"5.61166666667\"\n\t\t\
        ],\n\t\t[\n\t\t\t\"10.99.15.29\",\n\t\t\t\"2824.46277778\",\n\t\t\t\"3.61027777778\"\
        \n\t\t],\n\t\t[\n\t\t\t\"10.99.18.172\",\n\t\t\t\"2793.44194444\",\n\t\t\t\
        \"4.03611111111\"\n\t\t],\n\t\t[\n\t\t\t\"10.99.12.14\",\n\t\t\t\"2786.64805556\"\
        ,\n\t\t\t\"4.33111111111\"\n\t\t],\n\t\t[\n\t\t\t\"10.99.17.170\",\n\t\t\t\
        \"2786.62833333\",\n\t\t\t\"3.15916666667\"\n\t\t],\n\t\t[\n\t\t\t\"10.99.16.121\"\
        ,\n\t\t\t\"2785.7575\",\n\t\t\t\"4.46611111111\"\n\t\t],\n\t\t[\n\t\t\t\"\
        10.100.100.110\",\n\t\t\t\"2783.00972222\",\n\t\t\t\"3.395\"\n\t\t],\n\t\t\
        [\n\t\t\t\"10.99.14.77\",\n\t\t\t\"2772.655\",\n\t\t\t\"3.89861111111\"\n\t\
        \t],\n\t\t[\n\t\t\t\"10.99.12.45\",\n\t\t\t\"2771.18777778\",\n\t\t\t\"4.95055555556\"\
        \n\t\t],\n\t\t[\n\t\t\t\"10.99.14.20\",\n\t\t\t\"2755.04416667\",\n\t\t\t\"\
        4.03583333333\"\n\t\t],\n\t\t[\n\t\t\t\"10.99.14.120\",\n\t\t\t\"2744.92444444\"\
        ,\n\t\t\t\"3.93694444444\"\n\t\t],\n\t\t[\n\t\t\t\"10.99.15.60\",\n\t\t\t\"\
        2726.58861111\",\n\t\t\t\"5.42\"\n\t\t],\n\t\t[\n\t\t\t\"10.99.16.23\",\n\t\
        \t\t\"2724.20694444\",\n\t\t\t\"4.21444444444\"\n\t\t],\n\t\t[\n\t\t\t\"10.100.201.180\"\
        ,\n\t\t\t\"2718.39888889\",\n\t\t\t\"3.38333333333\"\n\t\t],\n\t\t[\n\t\t\t\
        \"10.99.16.53\",\n\t\t\t\"2692.37111111\",\n\t\t\t\"4.33472222222\"\n\t\t\
        ],\n\t\t[\n\t\t\t\"10.99.17.98\",\n\t\t\t\"2668.79\",\n\t\t\t\"4.27666666667\"\
        \n\t\t],\n\t\t[\n\t\t\t\"10.99.15.41\",\n\t\t\t\"2662.295\",\n\t\t\t\"3.95833333333\"\
        \n\t\t],\n\t\t[\n\t\t\t\"10.100.203.131\",\n\t\t\t\"2659.34888889\",\n\t\t\
        \t\"3.2325\"\n\t\t],\n\t\t[\n\t\t\t\"10.99.12.24\",\n\t\t\t\"2632.22833333\"\
        ,\n\t\t\t\"4.14333333333\"\n\t\t],\n\t\t[\n\t\t\t\"10.99.13.28\",\n\t\t\t\"\
        2625.76194444\",\n\t\t\t\"4.17972222222\"\n\t\t],\n\t\t[\n\t\t\t\"10.99.15.28\"\
        ,\n\t\t\t\"2616.43527778\",\n\t\t\t\"3.58916666667\"\n\t\t],\n\t\t[\n\t\t\t\
        \"10.100.203.130\",\n\t\t\t\"2614.26861111\",\n\t\t\t\"3.13944444444\"\n\t\
        \t],\n\t\t[\n\t\t\t\"10.99.18.4\",\n\t\t\t\"2606.88444444\",\n\t\t\t\"4.57222222222\"\
        \n\t\t],\n\t\t[\n\t\t\t\"10.99.16.62\",\n\t\t\t\"2602.24305556\",\n\t\t\t\"\
        3.84888888889\"\n\t\t],\n\t\t[\n\t\t\t\"10.100.201.181\",\n\t\t\t\"2601.82305556\"\
        ,\n\t\t\t\"3.21194444444\"\n\t\t],\n\t\t[\n\t\t\t\"10.99.15.14\",\n\t\t\t\"\
        2594.19027778\",\n\t\t\t\"4.57638888889\"\n\t\t],\n\t\t[\n\t\t\t\"10.99.15.47\"\
        ,\n\t\t\t\"2568.00555556\",\n\t\t\t\"3.64833333333\"\n\t\t],\n\t\t[\n\t\t\t\
        \"10.99.15.32\",\n\t\t\t\"2562.59277778\",\n\t\t\t\"3.79972222222\"\n\t\t\
        ],\n\t\t[\n\t\t\t\"10.99.16.6\",\n\t\t\t\"2543.19722222\",\n\t\t\t\"3.48361111111\"\
        \n\t\t],\n\t\t[\n\t\t\t\"10.99.14.48\",\n\t\t\t\"2494.17361111\",\n\t\t\t\"\
        3.18027777778\"\n\t\t],\n\t\t[\n\t\t\t\"10.99.18.145\",\n\t\t\t\"2471.025\"\
        ,\n\t\t\t\"2.94277777778\"\n\t\t],\n\t\t[\n\t\t\t\"10.100.100.111\",\n\t\t\
        \t\"2466.5825\",\n\t\t\t\"3.07666666667\"\n\t\t],\n\t\t[\n\t\t\t\"10.99.16.46\"\
        ,\n\t\t\t\"2435.22388889\",\n\t\t\t\"4.405\"\n\t\t],\n\t\t[\n\t\t\t\"10.99.15.43\"\
        ,\n\t\t\t\"2433.60888889\",\n\t\t\t\"3.92722222222\"\n\t\t],\n\t\t[\n\t\t\t\
        \"10.99.14.74\",\n\t\t\t\"2432.92305556\",\n\t\t\t\"3.44416666667\"\n\t\t\
        ],\n\t\t[\n\t\t\t\"10.99.14.60\",\n\t\t\t\"2424.93611111\",\n\t\t\t\"3.31361111111\"\
        \n\t\t],\n\t\t[\n\t\t\t\"10.99.16.27\",\n\t\t\t\"2419.32527778\",\n\t\t\t\"\
        4.22444444444\"\n\t\t],\n\t\t[\n\t\t\t\"10.99.18.11\",\n\t\t\t\"2367.52666667\"\
        ,\n\t\t\t\"3.98027777778\"\n\t\t],\n\t\t[\n\t\t\t\"10.99.18.45\",\n\t\t\t\"\
        2340.61111111\",\n\t\t\t\"4.11694444444\"\n\t\t],\n\t\t[\n\t\t\t\"10.99.16.42\"\
        ,\n\t\t\t\"2333.875\",\n\t\t\t\"2.62333333333\"\n\t\t],\n\t\t[\n\t\t\t\"10.99.15.22\"\
        ,\n\t\t\t\"2330.65138889\",\n\t\t\t\"2.89888888889\"\n\t\t],\n\t\t[\n\t\t\t\
        \"10.99.13.36\",\n\t\t\t\"2309.63861111\",\n\t\t\t\"3.77972222222\"\n\t\t\
        ],\n\t\t[\n\t\t\t\"10.99.11.51\",\n\t\t\t\"2300.91972222\",\n\t\t\t\"6.84444444444\"\
        \n\t\t],\n\t\t[\n\t\t\t\"10.100.201.161\",\n\t\t\t\"2273.40944444\",\n\t\t\
        \t\"2.90277777778\"\n\t\t],\n\t\t[\n\t\t\t\"10.99.15.55\",\n\t\t\t\"2260.01944444\"\
        ,\n\t\t\t\"2.74611111111\"\n\t\t],\n\t\t[\n\t\t\t\"10.99.15.37\",\n\t\t\t\"\
        2220.32916667\",\n\t\t\t\"3.79861111111\"\n\t\t],\n\t\t[\n\t\t\t\"10.99.18.2\"\
        ,\n\t\t\t\"2177.52333333\",\n\t\t\t\"3.30888888889\"\n\t\t],\n\t\t[\n\t\t\t\
        \"10.99.18.131\",\n\t\t\t\"2170.72055556\",\n\t\t\t\"3.35555555556\"\n\t\t\
        ],\n\t\t[\n\t\t\t\"10.99.16.35\",\n\t\t\t\"2114.59277778\",\n\t\t\t\"3.13611111111\"\
        \n\t\t],\n\t\t[\n\t\t\t\"10.100.100.3\",\n\t\t\t\"2040.99\",\n\t\t\t\"2.66694444444\"\
        \n\t\t],\n\t\t[\n\t\t\t\"10.100.201.80\",\n\t\t\t\"2010.78472222\",\n\t\t\t\
        \"2.405\"\n\t\t],\n\t\t[\n\t\t\t\"10.99.17.1\",\n\t\t\t\"1998.14888889\",\n\
        \t\t\t\"2.76388888889\"\n\t\t],\n\t\t[\n\t\t\t\"10.99.16.17\",\n\t\t\t\"1965.39305556\"\
        ,\n\t\t\t\"2.87416666667\"\n\t\t],\n\t\t[\n\t\t\t\"10.99.15.13\",\n\t\t\t\"\
        1950.40861111\",\n\t\t\t\"2.21194444444\"\n\t\t],\n\t\t[\n\t\t\t\"10.99.15.58\"\
        ,\n\t\t\t\"1928.10666667\",\n\t\t\t\"2.81027777778\"\n\t\t],\n\t\t[\n\t\t\t\
        \"10.99.16.65\",\n\t\t\t\"1905.79138889\",\n\t\t\t\"2.25694444444\"\n\t\t\
        ],\n\t\t[\n\t\t\t\"10.99.15.21\",\n\t\t\t\"1852.83833333\",\n\t\t\t\"2.71583333333\"\
        \n\t\t],\n\t\t[\n\t\t\t\"10.99.12.97\",\n\t\t\t\"1739.22222222\",\n\t\t\t\"\
        3.64805555556\"\n\t\t],\n\t\t[\n\t\t\t\"10.99.16.63\",\n\t\t\t\"1729.85055556\"\
        ,\n\t\t\t\"2.43638888889\"\n\t\t],\n\t\t[\n\t\t\t\"10.99.18.37\",\n\t\t\t\"\
        1635.24166667\",\n\t\t\t\"1.97777777778\"\n\t\t],\n\t\t[\n\t\t\t\"10.100.100.20\"\
        ,\n\t\t\t\"1551.89333333\",\n\t\t\t\"1.84166666667\"\n\t\t],\n\t\t[\n\t\t\t\
        \"10.99.16.4\",\n\t\t\t\"1547.27305556\",\n\t\t\t\"2.09416666667\"\n\t\t],\n\
        \t\t[\n\t\t\t\"10.100.100.21\",\n\t\t\t\"1528.44777778\",\n\t\t\t\"1.81055555556\"\
        \n\t\t],\n\t\t[\n\t\t\t\"10.99.16.24\",\n\t\t\t\"1402.05583333\",\n\t\t\t\"\
        1.96277777778\"\n\t\t],\n\t\t[\n\t\t\t\"10.100.201.40\",\n\t\t\t\"894.438888889\"\
        ,\n\t\t\t\"0.689722222222\"\n\t\t]\n\t],\n\t\"data_size\": 291,\n\t\"totals\"\
        : [\n\t\t\"\",\n\t\t\"3345406.86333\",\n\t\t\"7828.33944444\"\n\t]\n}"}
    headers:
      Cache-Control: ['no-store, no-cache, must-revalidate, max-age=0']
      Connection: [Keep-Alive]
      Content-Length: ['19102']
      Content-Security-Policy: ['default-src https: data: ''unsafe-inline'' ''unsafe-eval'';
          frame-ancestors ''self''']
      Content-Type: [application/json]
      Date: ['Thu, 07 Feb 2019 21:12:28 GMT']
      Expires: ['0']
      Keep-Alive: [timeout=90]
      Server: [Apache]
      Strict-Transport-Security: [max-age=31536000; includeSubDomains]
      X-Content-Type-Options: [nosniff]
      X-Frame-Options: [SAMEORIGIN]
      X-XSS-Protection: [1; mode=block]
    status: {code: 200, message: OK}
- request:
    body: null
    headers:
      Accept: [application/json]
      Accept-Encoding: ['gzip, deflate']
      Connection: [keep-alive]
      Content-Type: [application/json]
      Cookie: [SESSID=0a3de32137447a1fc81dc65fa51a8ab2388a36da05dfc50f2523106ea6297e1c]
      User-Agent: [python-requests/2.21.0 SteelScript/2.0a1]
    method: GET
    uri: https://10.38.131.150/api/profiler/1.0/reporting/reports/70974/queries/0:sum_hos_non_non_non_non_non_non_non_33_d_-1_35410d83b5c5fec57b6a6880a5cd322d.json?columns=5%2C33
  response:
    body: {string: "{\n\t\"actual_start_time\": 1549570200,\n\t\"actual_end_time\"\
        : 1549573800,\n\t\"data\": [\n\t\t[\n\t\t\t\"10.100.6.12\",\n\t\t\t\"401629.570556\"\
        \n\t\t],\n\t\t[\n\t\t\t\"10.100.100.13\",\n\t\t\t\"240254.865556\"\n\t\t],\n\
        \t\t[\n\t\t\t\"10.100.5.12\",\n\t\t\t\"186333.400556\"\n\t\t],\n\t\t[\n\t\t\
        \t\"10.100.6.14\",\n\t\t\t\"169331.234167\"\n\t\t],\n\t\t[\n\t\t\t\"10.100.100.14\"\
        ,\n\t\t\t\"137850.855\"\n\t\t],\n\t\t[\n\t\t\t\"10.100.6.10\",\n\t\t\t\"122728.183056\"\
        \n\t\t],\n\t\t[\n\t\t\t\"10.100.5.11\",\n\t\t\t\"105637.079167\"\n\t\t],\n\
        \t\t[\n\t\t\t\"10.100.6.11\",\n\t\t\t\"88608.0861111\"\n\t\t],\n\t\t[\n\t\t\
        \t\"10.100.201.21\",\n\t\t\t\"50824.6494444\"\n\t\t],\n\t\t[\n\t\t\t\"10.100.201.20\"\
        ,\n\t\t\t\"49919.7772222\"\n\t\t],\n\t\t[\n\t\t\t\"10.100.201.34\",\n\t\t\t\
        \"49710.2669444\"\n\t\t],\n\t\t[\n\t\t\t\"10.100.120.108\",\n\t\t\t\"48880.9841667\"\
        \n\t\t],\n\t\t[\n\t\t\t\"10.100.202.1\",\n\t\t\t\"37476.0152778\"\n\t\t],\n\
        \t\t[\n\t\t\t\"10.100.201.30\",\n\t\t\t\"37129.2069444\"\n\t\t],\n\t\t[\n\t\
        \t\t\"10.100.100.12\",\n\t\t\t\"36954.5022222\"\n\t\t],\n\t\t[\n\t\t\t\"10.100.201.32\"\
        ,\n\t\t\t\"36163.4561111\"\n\t\t],\n\t\t[\n\t\t\t\"10.100.6.13\",\n\t\t\t\"\
        34609.2894444\"\n\t\t],\n\t\t[\n\t\t\t\"10.100.210.10\",\n\t\t\t\"33179.6716667\"\
        \n\t\t],\n\t\t[\n\t\t\t\"10.100.201.70\",\n\t\t\t\"31466.5341667\"\n\t\t],\n\
        \t\t[\n\t\t\t\"10.100.202.2\",\n\t\t\t\"29083.4727778\"\n\t\t],\n\t\t[\n\t\
        \t\t\"10.100.202.3\",\n\t\t\t\"28880.5433333\"\n\t\t],\n\t\t[\n\t\t\t\"10.100.5.10\"\
        ,\n\t\t\t\"27889.6241667\"\n\t\t],\n\t\t[\n\t\t\t\"10.100.201.91\",\n\t\t\t\
        \"25301.3344444\"\n\t\t],\n\t\t[\n\t\t\t\"10.100.201.90\",\n\t\t\t\"25059.6455556\"\
        \n\t\t],\n\t\t[\n\t\t\t\"10.100.201.31\",\n\t\t\t\"23647.7241667\"\n\t\t],\n\
        \t\t[\n\t\t\t\"10.100.201.12\",\n\t\t\t\"21933.4602778\"\n\t\t],\n\t\t[\n\t\
        \t\t\"10.100.120.100\",\n\t\t\t\"21508.2438889\"\n\t\t],\n\t\t[\n\t\t\t\"\
        10.100.201.33\",\n\t\t\t\"21456.3555556\"\n\t\t],\n\t\t[\n\t\t\t\"10.100.201.11\"\
        ,\n\t\t\t\"20777.4019444\"\n\t\t],\n\t\t[\n\t\t\t\"10.99.18.154\",\n\t\t\t\
        \"20761.4041667\"\n\t\t],\n\t\t[\n\t\t\t\"10.100.120.111\",\n\t\t\t\"20664.9438889\"\
        \n\t\t],\n\t\t[\n\t\t\t\"10.100.201.10\",\n\t\t\t\"20589.6769444\"\n\t\t],\n\
        \t\t[\n\t\t\t\"10.100.120.110\",\n\t\t\t\"20004.2327778\"\n\t\t],\n\t\t[\n\
        \t\t\t\"10.100.120.112\",\n\t\t\t\"19485.615\"\n\t\t],\n\t\t[\n\t\t\t\"10.100.201.50\"\
        ,\n\t\t\t\"17833.9375\"\n\t\t],\n\t\t[\n\t\t\t\"10.100.100.10\",\n\t\t\t\"\
        17331.7938889\"\n\t\t],\n\t\t[\n\t\t\t\"10.100.100.11\",\n\t\t\t\"16087.2022222\"\
        \n\t\t],\n\t\t[\n\t\t\t\"10.100.100.100\",\n\t\t\t\"13701.8011111\"\n\t\t\
        ],\n\t\t[\n\t\t\t\"10.100.100.101\",\n\t\t\t\"13020.5980556\"\n\t\t],\n\t\t\
        [\n\t\t\t\"10.100.201.171\",\n\t\t\t\"13018.9283333\"\n\t\t],\n\t\t[\n\t\t\
        \t\"10.100.201.170\",\n\t\t\t\"12899.8597222\"\n\t\t],\n\t\t[\n\t\t\t\"10.99.15.54\"\
        ,\n\t\t\t\"12798.7355556\"\n\t\t],\n\t\t[\n\t\t\t\"10.100.201.150\",\n\t\t\
        \t\"12544.05\"\n\t\t],\n\t\t[\n\t\t\t\"10.100.201.151\",\n\t\t\t\"11459.8933333\"\
        \n\t\t],\n\t\t[\n\t\t\t\"10.99.13.91\",\n\t\t\t\"8991.30305556\"\n\t\t],\n\
        \t\t[\n\t\t\t\"10.99.13.83\",\n\t\t\t\"8815.4375\"\n\t\t],\n\t\t[\n\t\t\t\"\
        10.99.17.153\",\n\t\t\t\"8595.675\"\n\t\t],\n\t\t[\n\t\t\t\"10.99.13.41\"\
        ,\n\t\t\t\"8099.86138889\"\n\t\t],\n\t\t[\n\t\t\t\"10.99.14.22\",\n\t\t\t\"\
        8060.42166667\"\n\t\t],\n\t\t[\n\t\t\t\"10.99.14.103\",\n\t\t\t\"8030.20138889\"\
        \n\t\t],\n\t\t[\n\t\t\t\"10.99.14.1\",\n\t\t\t\"7961.69805556\"\n\t\t],\n\t\
        \t[\n\t\t\t\"10.99.14.108\",\n\t\t\t\"7884.62\"\n\t\t],\n\t\t[\n\t\t\t\"10.99.14.61\"\
        ,\n\t\t\t\"7877.12722222\"\n\t\t],\n\t\t[\n\t\t\t\"10.99.13.116\",\n\t\t\t\
        \"7814.37527778\"\n\t\t],\n\t\t[\n\t\t\t\"10.99.13.112\",\n\t\t\t\"7799.96361111\"\
        \n\t\t],\n\t\t[\n\t\t\t\"10.99.13.51\",\n\t\t\t\"7716.00194444\"\n\t\t],\n\
        \t\t[\n\t\t\t\"10.100.203.1\",\n\t\t\t\"7515.02666667\"\n\t\t],\n\t\t[\n\t\
        \t\t\"10.100.203.2\",\n\t\t\t\"7455.2825\"\n\t\t],\n\t\t[\n\t\t\t\"10.99.14.107\"\
        ,\n\t\t\t\"7365.78305556\"\n\t\t],\n\t\t[\n\t\t\t\"10.99.14.16\",\n\t\t\t\"\
        7322.71055556\"\n\t\t],\n\t\t[\n\t\t\t\"10.99.13.34\",\n\t\t\t\"7186.62833333\"\
        \n\t\t],\n\t\t[\n\t\t\t\"10.99.13.103\",\n\t\t\t\"7152.96638889\"\n\t\t],\n\
        \t\t[\n\t\t\t\"10.99.13.84\",\n\t\t\t\"6989.69027778\"\n\t\t],\n\t\t[\n\t\t\
        \t\"10.99.13.40\",\n\t\t\t\"6800.585\"\n\t\t],\n\t\t[\n\t\t\t\"10.99.14.35\"\
        ,\n\t\t\t\"6572.50361111\"\n\t\t],\n\t\t[\n\t\t\t\"10.99.17.70\",\n\t\t\t\"\
        6223.7975\"\n\t\t],\n\t\t[\n\t\t\t\"10.99.14.44\",\n\t\t\t\"6215.34472222\"\
        \n\t\t],\n\t\t[\n\t\t\t\"10.99.14.56\",\n\t\t\t\"6204.1625\"\n\t\t],\n\t\t\
        [\n\t\t\t\"10.99.13.13\",\n\t\t\t\"6135.18416667\"\n\t\t],\n\t\t[\n\t\t\t\"\
        10.99.13.104\",\n\t\t\t\"6103.37694444\"\n\t\t],\n\t\t[\n\t\t\t\"10.99.14.51\"\
        ,\n\t\t\t\"6100.18055556\"\n\t\t],\n\t\t[\n\t\t\t\"10.99.17.40\",\n\t\t\t\"\
        6094.29611111\"\n\t\t],\n\t\t[\n\t\t\t\"10.99.14.78\",\n\t\t\t\"6068.76166667\"\
        \n\t\t],\n\t\t[\n\t\t\t\"10.99.14.27\",\n\t\t\t\"5894.54777778\"\n\t\t],\n\
        \t\t[\n\t\t\t\"10.99.11.136\",\n\t\t\t\"5793.79583333\"\n\t\t],\n\t\t[\n\t\
        \t\t\"10.99.14.32\",\n\t\t\t\"5780.455\"\n\t\t],\n\t\t[\n\t\t\t\"10.99.17.171\"\
        ,\n\t\t\t\"5778.35638889\"\n\t\t],\n\t\t[\n\t\t\t\"10.99.17.107\",\n\t\t\t\
        \"5648.59638889\"\n\t\t],\n\t\t[\n\t\t\t\"10.99.14.93\",\n\t\t\t\"5612.615\"\
        \n\t\t],\n\t\t[\n\t\t\t\"10.99.15.39\",\n\t\t\t\"5577.01611111\"\n\t\t],\n\
        \t\t[\n\t\t\t\"10.99.11.166\",\n\t\t\t\"5557.17361111\"\n\t\t],\n\t\t[\n\t\
        \t\t\"10.99.13.96\",\n\t\t\t\"5532.3975\"\n\t\t],\n\t\t[\n\t\t\t\"10.99.17.158\"\
        ,\n\t\t\t\"5491.7075\"\n\t\t],\n\t\t[\n\t\t\t\"10.99.15.68\",\n\t\t\t\"5449.89083333\"\
        \n\t\t],\n\t\t[\n\t\t\t\"10.99.15.51\",\n\t\t\t\"5357.80027778\"\n\t\t],\n\
        \t\t[\n\t\t\t\"10.100.202.128\",\n\t\t\t\"5273.6175\"\n\t\t],\n\t\t[\n\t\t\
        \t\"10.99.12.123\",\n\t\t\t\"5251.70083333\"\n\t\t],\n\t\t[\n\t\t\t\"10.99.13.76\"\
        ,\n\t\t\t\"5240.66194444\"\n\t\t],\n\t\t[\n\t\t\t\"10.100.202.120\",\n\t\t\
        \t\"5209.28361111\"\n\t\t],\n\t\t[\n\t\t\t\"10.99.12.21\",\n\t\t\t\"5099.01194444\"\
        \n\t\t],\n\t\t[\n\t\t\t\"10.99.17.177\",\n\t\t\t\"5096.97666667\"\n\t\t],\n\
        \t\t[\n\t\t\t\"10.99.17.120\",\n\t\t\t\"5073.1825\"\n\t\t],\n\t\t[\n\t\t\t\
        \"10.99.11.91\",\n\t\t\t\"5020.67583333\"\n\t\t],\n\t\t[\n\t\t\t\"10.99.14.47\"\
        ,\n\t\t\t\"4963.47666667\"\n\t\t],\n\t\t[\n\t\t\t\"10.99.13.49\",\n\t\t\t\"\
        4955.9925\"\n\t\t],\n\t\t[\n\t\t\t\"10.99.13.105\",\n\t\t\t\"4938.77888889\"\
        \n\t\t],\n\t\t[\n\t\t\t\"10.99.11.67\",\n\t\t\t\"4925.07805556\"\n\t\t],\n\
        \t\t[\n\t\t\t\"10.99.14.12\",\n\t\t\t\"4855.49638889\"\n\t\t],\n\t\t[\n\t\t\
        \t\"10.99.15.52\",\n\t\t\t\"4801.52916667\"\n\t\t],\n\t\t[\n\t\t\t\"10.99.13.100\"\
        ,\n\t\t\t\"4795.05583333\"\n\t\t],\n\t\t[\n\t\t\t\"10.99.12.149\",\n\t\t\t\
        \"4784.72638889\"\n\t\t],\n\t\t[\n\t\t\t\"10.99.17.155\",\n\t\t\t\"4783.28638889\"\
        \n\t\t],\n\t\t[\n\t\t\t\"10.99.12.118\",\n\t\t\t\"4762.62222222\"\n\t\t],\n\
        \t\t[\n\t\t\t\"10.99.12.67\",\n\t\t\t\"4736.75305556\"\n\t\t],\n\t\t[\n\t\t\
        \t\"10.99.11.138\",\n\t\t\t\"4732.14972222\"\n\t\t],\n\t\t[\n\t\t\t\"10.99.15.36\"\
        ,\n\t\t\t\"4716.91166667\"\n\t\t],\n\t\t[\n\t\t\t\"10.99.14.30\",\n\t\t\t\"\
        4646.08888889\"\n\t\t],\n\t\t[\n\t\t\t\"10.99.18.100\",\n\t\t\t\"4499.44027778\"\
        \n\t\t],\n\t\t[\n\t\t\t\"10.99.15.45\",\n\t\t\t\"4455.80666667\"\n\t\t],\n\
        \t\t[\n\t\t\t\"10.99.15.19\",\n\t\t\t\"4424.27222222\"\n\t\t],\n\t\t[\n\t\t\
        \t\"10.99.14.79\",\n\t\t\t\"4417.16722222\"\n\t\t],\n\t\t[\n\t\t\t\"10.99.12.109\"\
        ,\n\t\t\t\"4410.06583333\"\n\t\t],\n\t\t[\n\t\t\t\"10.99.15.7\",\n\t\t\t\"\
        4286.00722222\"\n\t\t],\n\t\t[\n\t\t\t\"10.99.12.176\",\n\t\t\t\"4277.44583333\"\
        \n\t\t],\n\t\t[\n\t\t\t\"10.99.17.36\",\n\t\t\t\"4271.97055556\"\n\t\t],\n\
        \t\t[\n\t\t\t\"10.99.15.26\",\n\t\t\t\"4250.80222222\"\n\t\t],\n\t\t[\n\t\t\
        \t\"10.99.12.20\",\n\t\t\t\"4237.18694444\"\n\t\t],\n\t\t[\n\t\t\t\"10.99.15.9\"\
        ,\n\t\t\t\"4228.68472222\"\n\t\t],\n\t\t[\n\t\t\t\"10.99.15.2\",\n\t\t\t\"\
        4210.17861111\"\n\t\t],\n\t\t[\n\t\t\t\"10.99.14.40\",\n\t\t\t\"4154.98972222\"\
        \n\t\t],\n\t\t[\n\t\t\t\"10.99.18.13\",\n\t\t\t\"4151.655\"\n\t\t],\n\t\t\
        [\n\t\t\t\"10.99.15.61\",\n\t\t\t\"4147.5025\"\n\t\t],\n\t\t[\n\t\t\t\"10.99.12.90\"\
        ,\n\t\t\t\"4135.13666667\"\n\t\t],\n\t\t[\n\t\t\t\"10.99.16.11\",\n\t\t\t\"\
        4095.54444444\"\n\t\t],\n\t\t[\n\t\t\t\"10.99.15.62\",\n\t\t\t\"4062.6875\"\
        \n\t\t],\n\t\t[\n\t\t\t\"10.99.18.77\",\n\t\t\t\"4053.56416667\"\n\t\t],\n\
        \t\t[\n\t\t\t\"10.99.18.49\",\n\t\t\t\"4029.88611111\"\n\t\t],\n\t\t[\n\t\t\
        \t\"10.99.16.33\",\n\t\t\t\"3994.73138889\"\n\t\t],\n\t\t[\n\t\t\t\"10.99.12.55\"\
        ,\n\t\t\t\"3989.72027778\"\n\t\t],\n\t\t[\n\t\t\t\"10.99.16.45\",\n\t\t\t\"\
        3984.75111111\"\n\t\t],\n\t\t[\n\t\t\t\"10.99.18.89\",\n\t\t\t\"3974.88638889\"\
        \n\t\t],\n\t\t[\n\t\t\t\"10.99.17.87\",\n\t\t\t\"3945.76138889\"\n\t\t],\n\
        \t\t[\n\t\t\t\"10.99.16.57\",\n\t\t\t\"3918.78944444\"\n\t\t],\n\t\t[\n\t\t\
        \t\"10.99.12.117\",\n\t\t\t\"3912.72166667\"\n\t\t],\n\t\t[\n\t\t\t\"10.99.16.3\"\
        ,\n\t\t\t\"3910.66611111\"\n\t\t],\n\t\t[\n\t\t\t\"10.99.11.122\",\n\t\t\t\
        \"3883.91916667\"\n\t\t],\n\t\t[\n\t\t\t\"10.99.15.57\",\n\t\t\t\"3842.44833333\"\
        \n\t\t],\n\t\t[\n\t\t\t\"10.99.13.113\",\n\t\t\t\"3810.04527778\"\n\t\t],\n\
        \t\t[\n\t\t\t\"10.99.14.104\",\n\t\t\t\"3793.08527778\"\n\t\t],\n\t\t[\n\t\
        \t\t\"10.99.18.69\",\n\t\t\t\"3774.97194444\"\n\t\t],\n\t\t[\n\t\t\t\"10.99.17.150\"\
        ,\n\t\t\t\"3762.01166667\"\n\t\t],\n\t\t[\n\t\t\t\"10.99.11.62\",\n\t\t\t\"\
        3760.43305556\"\n\t\t],\n\t\t[\n\t\t\t\"10.99.18.141\",\n\t\t\t\"3756.3725\"\
        \n\t\t],\n\t\t[\n\t\t\t\"10.99.14.28\",\n\t\t\t\"3722.06444444\"\n\t\t],\n\
        \t\t[\n\t\t\t\"10.99.12.1\",\n\t\t\t\"3712.76472222\"\n\t\t],\n\t\t[\n\t\t\
        \t\"10.99.13.88\",\n\t\t\t\"3710.39333333\"\n\t\t],\n\t\t[\n\t\t\t\"10.99.12.50\"\
        ,\n\t\t\t\"3699.00277778\"\n\t\t],\n\t\t[\n\t\t\t\"10.99.17.132\",\n\t\t\t\
        \"3696.15833333\"\n\t\t],\n\t\t[\n\t\t\t\"10.99.16.9\",\n\t\t\t\"3672.27027778\"\
        \n\t\t],\n\t\t[\n\t\t\t\"10.99.12.13\",\n\t\t\t\"3666.99444444\"\n\t\t],\n\
        \t\t[\n\t\t\t\"10.99.16.34\",\n\t\t\t\"3645.75027778\"\n\t\t],\n\t\t[\n\t\t\
        \t\"10.99.12.130\",\n\t\t\t\"3642.09083333\"\n\t\t],\n\t\t[\n\t\t\t\"10.99.16.43\"\
        ,\n\t\t\t\"3640.75138889\"\n\t\t],\n\t\t[\n\t\t\t\"10.99.14.41\",\n\t\t\t\"\
        3626.00722222\"\n\t\t],\n\t\t[\n\t\t\t\"10.99.14.123\",\n\t\t\t\"3572.27361111\"\
        \n\t\t],\n\t\t[\n\t\t\t\"10.99.16.49\",\n\t\t\t\"3569.07388889\"\n\t\t],\n\
        \t\t[\n\t\t\t\"10.99.18.105\",\n\t\t\t\"3550.94777778\"\n\t\t],\n\t\t[\n\t\
        \t\t\"10.99.18.106\",\n\t\t\t\"3536.60111111\"\n\t\t],\n\t\t[\n\t\t\t\"10.99.11.27\"\
        ,\n\t\t\t\"3503.77138889\"\n\t\t],\n\t\t[\n\t\t\t\"10.99.14.11\",\n\t\t\t\"\
        3498.53277778\"\n\t\t],\n\t\t[\n\t\t\t\"10.99.12.11\",\n\t\t\t\"3491.00666667\"\
        \n\t\t],\n\t\t[\n\t\t\t\"10.99.12.151\",\n\t\t\t\"3480.46666667\"\n\t\t],\n\
        \t\t[\n\t\t\t\"10.99.16.1\",\n\t\t\t\"3471.445\"\n\t\t],\n\t\t[\n\t\t\t\"\
        10.99.12.92\",\n\t\t\t\"3460.88972222\"\n\t\t],\n\t\t[\n\t\t\t\"10.99.12.58\"\
        ,\n\t\t\t\"3431.21833333\"\n\t\t],\n\t\t[\n\t\t\t\"10.99.16.22\",\n\t\t\t\"\
        3390.87916667\"\n\t\t],\n\t\t[\n\t\t\t\"10.99.11.163\",\n\t\t\t\"3386.81444444\"\
        \n\t\t],\n\t\t[\n\t\t\t\"10.100.201.22\",\n\t\t\t\"3380.38416667\"\n\t\t],\n\
        \t\t[\n\t\t\t\"10.99.16.54\",\n\t\t\t\"3374.25611111\"\n\t\t],\n\t\t[\n\t\t\
        \t\"10.99.16.40\",\n\t\t\t\"3371.43\"\n\t\t],\n\t\t[\n\t\t\t\"10.99.18.61\"\
        ,\n\t\t\t\"3367.82222222\"\n\t\t],\n\t\t[\n\t\t\t\"10.99.18.85\",\n\t\t\t\"\
        3346.67527778\"\n\t\t],\n\t\t[\n\t\t\t\"10.99.18.149\",\n\t\t\t\"3346.03111111\"\
        \n\t\t],\n\t\t[\n\t\t\t\"10.99.15.56\",\n\t\t\t\"3344.89527778\"\n\t\t],\n\
        \t\t[\n\t\t\t\"10.99.18.171\",\n\t\t\t\"3333.33722222\"\n\t\t],\n\t\t[\n\t\
        \t\t\"10.99.16.12\",\n\t\t\t\"3332.30305556\"\n\t\t],\n\t\t[\n\t\t\t\"10.99.17.131\"\
        ,\n\t\t\t\"3315.67388889\"\n\t\t],\n\t\t[\n\t\t\t\"10.99.15.70\",\n\t\t\t\"\
        3311.50305556\"\n\t\t],\n\t\t[\n\t\t\t\"10.99.16.28\",\n\t\t\t\"3310.47583333\"\
        \n\t\t],\n\t\t[\n\t\t\t\"10.99.18.178\",\n\t\t\t\"3306.35888889\"\n\t\t],\n\
        \t\t[\n\t\t\t\"10.99.16.32\",\n\t\t\t\"3297.6875\"\n\t\t],\n\t\t[\n\t\t\t\"\
        10.99.16.25\",\n\t\t\t\"3292.89888889\"\n\t\t],\n\t\t[\n\t\t\t\"10.99.16.52\"\
        ,\n\t\t\t\"3292.54722222\"\n\t\t],\n\t\t[\n\t\t\t\"10.99.12.47\",\n\t\t\t\"\
        3282.74027778\"\n\t\t],\n\t\t[\n\t\t\t\"10.99.15.38\",\n\t\t\t\"3282.19416667\"\
        \n\t\t],\n\t\t[\n\t\t\t\"10.99.12.54\",\n\t\t\t\"3273.50333333\"\n\t\t],\n\
        \t\t[\n\t\t\t\"10.99.16.7\",\n\t\t\t\"3266.19944444\"\n\t\t],\n\t\t[\n\t\t\
        \t\"10.99.14.15\",\n\t\t\t\"3250.53861111\"\n\t\t],\n\t\t[\n\t\t\t\"10.99.16.38\"\
        ,\n\t\t\t\"3249.14833333\"\n\t\t],\n\t\t[\n\t\t\t\"10.100.201.23\",\n\t\t\t\
        \"3243.65833333\"\n\t\t],\n\t\t[\n\t\t\t\"10.99.18.112\",\n\t\t\t\"3242.15888889\"\
        \n\t\t],\n\t\t[\n\t\t\t\"10.99.16.5\",\n\t\t\t\"3240.39583333\"\n\t\t],\n\t\
        \t[\n\t\t\t\"10.99.18.73\",\n\t\t\t\"3236.00194444\"\n\t\t],\n\t\t[\n\t\t\t\
        \"10.99.14.105\",\n\t\t\t\"3232.44166667\"\n\t\t],\n\t\t[\n\t\t\t\"10.99.14.110\"\
        ,\n\t\t\t\"3231.67194444\"\n\t\t],\n\t\t[\n\t\t\t\"10.99.16.60\",\n\t\t\t\"\
        3206.08722222\"\n\t\t],\n\t\t[\n\t\t\t\"10.99.12.78\",\n\t\t\t\"3188.72194444\"\
        \n\t\t],\n\t\t[\n\t\t\t\"10.99.12.136\",\n\t\t\t\"3133.76833333\"\n\t\t],\n\
        \t\t[\n\t\t\t\"10.99.14.73\",\n\t\t\t\"3128.95777778\"\n\t\t],\n\t\t[\n\t\t\
        \t\"10.99.18.167\",\n\t\t\t\"3126.54611111\"\n\t\t],\n\t\t[\n\t\t\t\"10.99.15.66\"\
        ,\n\t\t\t\"3120.28833333\"\n\t\t],\n\t\t[\n\t\t\t\"10.99.12.128\",\n\t\t\t\
        \"3117.97027778\"\n\t\t],\n\t\t[\n\t\t\t\"10.99.17.33\",\n\t\t\t\"3097.46611111\"\
        \n\t\t],\n\t\t[\n\t\t\t\"10.99.16.58\",\n\t\t\t\"3096.77305556\"\n\t\t],\n\
        \t\t[\n\t\t\t\"10.99.14.122\",\n\t\t\t\"3086.12583333\"\n\t\t],\n\t\t[\n\t\
        \t\t\"10.99.12.132\",\n\t\t\t\"3082.43361111\"\n\t\t],\n\t\t[\n\t\t\t\"10.99.15.6\"\
        ,\n\t\t\t\"3081.42805556\"\n\t\t],\n\t\t[\n\t\t\t\"10.99.15.18\",\n\t\t\t\"\
        3076.23388889\"\n\t\t],\n\t\t[\n\t\t\t\"10.99.12.150\",\n\t\t\t\"3054.45611111\"\
        \n\t\t],\n\t\t[\n\t\t\t\"10.99.18.87\",\n\t\t\t\"3053.75222222\"\n\t\t],\n\
        \t\t[\n\t\t\t\"10.99.11.44\",\n\t\t\t\"3049.72472222\"\n\t\t],\n\t\t[\n\t\t\
        \t\"10.99.12.3\",\n\t\t\t\"3047.22388889\"\n\t\t],\n\t\t[\n\t\t\t\"10.99.11.2\"\
        ,\n\t\t\t\"3042.83444444\"\n\t\t],\n\t\t[\n\t\t\t\"10.99.17.59\",\n\t\t\t\"\
        3034.16833333\"\n\t\t],\n\t\t[\n\t\t\t\"10.99.15.50\",\n\t\t\t\"3013.39222222\"\
        \n\t\t],\n\t\t[\n\t\t\t\"10.99.15.24\",\n\t\t\t\"3004.845\"\n\t\t],\n\t\t\
        [\n\t\t\t\"10.99.16.20\",\n\t\t\t\"2999.87916667\"\n\t\t],\n\t\t[\n\t\t\t\"\
        10.100.201.160\",\n\t\t\t\"2990.72416667\"\n\t\t],\n\t\t[\n\t\t\t\"10.99.16.64\"\
        ,\n\t\t\t\"2978.69166667\"\n\t\t],\n\t\t[\n\t\t\t\"10.99.16.30\",\n\t\t\t\"\
        2960.31138889\"\n\t\t],\n\t\t[\n\t\t\t\"10.99.18.166\",\n\t\t\t\"2957.62083333\"\
        \n\t\t],\n\t\t[\n\t\t\t\"10.99.15.34\",\n\t\t\t\"2938.60333333\"\n\t\t],\n\
        \t\t[\n\t\t\t\"10.99.16.37\",\n\t\t\t\"2931.68138889\"\n\t\t],\n\t\t[\n\t\t\
        \t\"10.99.12.61\",\n\t\t\t\"2908.79416667\"\n\t\t],\n\t\t[\n\t\t\t\"10.99.16.19\"\
        ,\n\t\t\t\"2886.23861111\"\n\t\t],\n\t\t[\n\t\t\t\"10.99.15.30\",\n\t\t\t\"\
        2834.55361111\"\n\t\t],\n\t\t[\n\t\t\t\"10.99.15.64\",\n\t\t\t\"2827.78472222\"\
        \n\t\t],\n\t\t[\n\t\t\t\"10.99.15.29\",\n\t\t\t\"2824.46277778\"\n\t\t],\n\
        \t\t[\n\t\t\t\"10.99.18.172\",\n\t\t\t\"2793.44194444\"\n\t\t],\n\t\t[\n\t\
        \t\t\"10.99.12.14\",\n\t\t\t\"2786.64805556\"\n\t\t],\n\t\t[\n\t\t\t\"10.99.17.170\"\
        ,\n\t\t\t\"2786.62833333\"\n\t\t],\n\t\t[\n\t\t\t\"10.99.16.121\",\n\t\t\t\
        \"2785.7575\"\n\t\t],\n\t\t[\n\t\t\t\"10.100.100.110\",\n\t\t\t\"2783.00972222\"\
        \n\t\t],\n\t\t[\n\t\t\t\"10.99.14.77\",\n\t\t\t\"2772.655\"\n\t\t],\n\t\t\
        [\n\t\t\t\"10.99.12.45\",\n\t\t\t\"2771.18777778\"\n\t\t],\n\t\t[\n\t\t\t\"\
        10.99.14.20\",\n\t\t\t\"2755.04416667\"\n\t\t],\n\t\t[\n\t\t\t\"10.99.14.120\"\
        ,\n\t\t\t\"2744.92444444\"\n\t\t],\n\t\t[\n\t\t\t\"10.99.15.60\",\n\t\t\t\"\
        2726.58861111\"\n\t\t],\n\t\t[\n\t\t\t\"10.99.16.23\",\n\t\t\t\"2724.20694444\"\
        \n\t\t],\n\t\t[\n\t\t\t\"10.100.201.180\",\n\t\t\t\"2718.39888889\"\n\t\t\
        ],\n\t\t[\n\t\t\t\"10.99.16.53\",\n\t\t\t\"2692.37111111\"\n\t\t],\n\t\t[\n\
        \t\t\t\"10.99.17.98\",\n\t\t\t\"2668.79\"\n\t\t],\n\t\t[\n\t\t\t\"10.99.15.41\"\
        ,\n\t\t\t\"2662.295\"\n\t\t],\n\t\t[\n\t\t\t\"10.100.203.131\",\n\t\t\t\"\
        2659.34888889\"\n\t\t],\n\t\t[\n\t\t\t\"10.99.12.24\",\n\t\t\t\"2632.22833333\"\
        \n\t\t],\n\t\t[\n\t\t\t\"10.99.13.28\",\n\t\t\t\"2625.76194444\"\n\t\t],\n\
        \t\t[\n\t\t\t\"10.99.15.28\",\n\t\t\t\"2616.43527778\"\n\t\t],\n\t\t[\n\t\t\
        \t\"10.100.203.130\",\n\t\t\t\"2614.26861111\"\n\t\t],\n\t\t[\n\t\t\t\"10.99.18.4\"\
        ,\n\t\t\t\"2606.88444444\"\n\t\t],\n\t\t[\n\t\t\t\"10.99.16.62\",\n\t\t\t\"\
        2602.24305556\"\n\t\t],\n\t\t[\n\t\t\t\"10.100.201.181\",\n\t\t\t\"2601.82305556\"\
        \n\t\t],\n\t\t[\n\t\t\t\"10.99.15.14\",\n\t\t\t\"2594.19027778\"\n\t\t],\n\
        \t\t[\n\t\t\t\"10.99.15.47\",\n\t\t\t\"2568.00555556\"\n\t\t],\n\t\t[\n\t\t\
        \t\"10.99.15.32\",\n\t\t\t\"2562.59277778\"\n\t\t],\n\t\t[\n\t\t\t\"10.99.16.6\"\
        ,\n\t\t\t\"2543.19722222\"\n\t\t],\n\t\t[\n\t\t\t\"10.99.14.48\",\n\t\t\t\"\
        2494.17361111\"\n\t\t],\n\t\t[\n\t\t\t\"10.99.18.145\",\n\t\t\t\"2471.025\"\
        \n\t\t],\n\t\t[\n\t\t\t\"10.100.100.111\",\n\t\t\t\"2466.5825\"\n\t\t],\n\t\
        \t[\n\t\t\t\"10.99.16.46\",\n\t\t\t\"2435.22388889\"\n\t\t],\n\t\t[\n\t\t\t\
        \"10.99.15.43\",\n\t\t\t\"2433.60888889\"\n\t\t],\n\t\t[\n\t\t\t\"10.99.14.74\"\
        ,\n\t\t\t\"2432.92305556\"\n\t\t],\n\t\t[\n\t\t\t\"10.99.14.60\",\n\t\t\t\"\
        2424.93611111\"\n\t\t],\n\t\t[\n\t\t\t\"10.99.16.27\",\n\t\t\t\"2419.32527778\"\
        \n\t\t],\n\t\t[\n\t\t\t\"10.99.18.11\",\n\t\t\t\"2367.52666667\"\n\t\t],\n\
        \t\t[\n\t\t\t\"10.99.18.45\",\n\t\t\t\"2340.61111111\"\n\t\t],\n\t\t[\n\t\t\
        \t\"10.99.16.42\",\n\t\t\t\"2333.875\"\n\t\t],\n\t\t[\n\t\t\t\"10.99.15.22\"\
        ,\n\t\t\t\"2330.65138889\"\n\t\t],\n\t\t[\n\t\t\t\"10.99.13.36\",\n\t\t\t\"\
        2309.63861111\"\n\t\t],\n\t\t[\n\t\t\t\"10.99.11.51\",\n\t\t\t\"2300.91972222\"\
        \n\t\t],\n\t\t[\n\t\t\t\"10.100.201.161\",\n\t\t\t\"2273.40944444\"\n\t\t\
        ],\n\t\t[\n\t\t\t\"10.99.15.55\",\n\t\t\t\"2260.01944444\"\n\t\t],\n\t\t[\n\
        \t\t\t\"10.99.15.37\",\n\t\t\t\"2220.32916667\"\n\t\t],\n\t\t[\n\t\t\t\"10.99.18.2\"\
        ,\n\t\t\t\"2177.52333333\"\n\t\t],\n\t\t[\n\t\t\t\"10.99.18.131\",\n\t\t\t\
        \"2170.72055556\"\n\t\t],\n\t\t[\n\t\t\t\"10.99.16.35\",\n\t\t\t\"2114.59277778\"\
        \n\t\t],\n\t\t[\n\t\t\t\"10.100.100.3\",\n\t\t\t\"2040.99\"\n\t\t],\n\t\t\
        [\n\t\t\t\"10.100.201.80\",\n\t\t\t\"2010.78472222\"\n\t\t],\n\t\t[\n\t\t\t\
        \"10.99.17.1\",\n\t\t\t\"1998.14888889\"\n\t\t],\n\t\t[\n\t\t\t\"10.99.16.17\"\
        ,\n\t\t\t\"1965.39305556\"\n\t\t],\n\t\t[\n\t\t\t\"10.99.15.13\",\n\t\t\t\"\
        1950.40861111\"\n\t\t],\n\t\t[\n\t\t\t\"10.99.15.58\",\n\t\t\t\"1928.10666667\"\
        \n\t\t],\n\t\t[\n\t\t\t\"10.99.16.65\",\n\t\t\t\"1905.79138889\"\n\t\t],\n\
        \t\t[\n\t\t\t\"10.99.15.21\",\n\t\t\t\"1852.83833333\"\n\t\t],\n\t\t[\n\t\t\
        \t\"10.99.12.97\",\n\t\t\t\"1739.22222222\"\n\t\t],\n\t\t[\n\t\t\t\"10.99.16.63\"\
        ,\n\t\t\t\"1729.85055556\"\n\t\t],\n\t\t[\n\t\t\t\"10.99.18.37\",\n\t\t\t\"\
        1635.24166667\"\n\t\t],\n\t\t[\n\t\t\t\"10.100.100.20\",\n\t\t\t\"1551.89333333\"\
        \n\t\t],\n\t\t[\n\t\t\t\"10.99.16.4\",\n\t\t\t\"1547.27305556\"\n\t\t],\n\t\
        \t[\n\t\t\t\"10.100.100.21\",\n\t\t\t\"1528.44777778\"\n\t\t],\n\t\t[\n\t\t\
        \t\"10.99.16.24\",\n\t\t\t\"1402.05583333\"\n\t\t],\n\t\t[\n\t\t\t\"10.100.201.40\"\
        ,\n\t\t\t\"894.438888889\"\n\t\t]\n\t],\n\t\"data_size\": 291,\n\t\"totals\"\
        : [\n\t\t\"\",\n\t\t\"3345406.86333\"\n\t]\n}"}
    headers:
      Cache-Control: ['no-store, no-cache, must-revalidate, max-age=0']
      Connection: [Keep-Alive]
      Content-Length: ['13536']
      Content-Security-Policy: ['default-src https: data: ''unsafe-inline'' ''unsafe-eval'';
          frame-ancestors ''self''']
      Content-Type: [application/json]
      Date: ['Thu, 07 Feb 2019 21:12:28 GMT']
      Expires: ['0']
      Keep-Alive: [timeout=90]
      Server: [Apache]
      Strict-Transport-Security: [max-age=31536000; includeSubDomains]
      X-Content-Type-Options: [nosniff]
      X-Frame-Options: [SAMEORIGIN]
      X-XSS-Protection: [1; mode=block]
    status: {code: 200, message: OK}
- request:
    body: null
    headers:
      Accept: [application/json]
      Accept-Encoding: ['gzip, deflate']
      Connection: [keep-alive]
      Content-Length: ['0']
      Content-Type: [application/json]
      Cookie: [SESSID=0a3de32137447a1fc81dc65fa51a8ab2388a36da05dfc50f2523106ea6297e1c]
      User-Agent: [python-requests/2.21.0 SteelScript/2.0a1]
    method: DELETE
    uri: https://10.38.131.150/api/profiler/1.0/reporting/reports/70974.json
  response:
    body: {string: ''}
    headers:
      Cache-Control: ['no-store, no-cache, must-revalidate, max-age=0']
      Connection: [Keep-Alive]
      Content-Security-Policy: ['default-src https: data: ''unsafe-inline'' ''unsafe-eval'';
          frame-ancestors ''self''']
      Content-Type: [text/html;charset=ascii]
      Date: ['Thu, 07 Feb 2019 21:12:28 GMT']
      Expires: ['0']
      Keep-Alive: [timeout=90]
      Server: [Apache]
      Strict-Transport-Security: [max-age=31536000; includeSubDomains]
      X-Content-Type-Options: [nosniff]
      X-Frame-Options: [SAMEORIGIN]
      X-XSS-Protection: [1; mode=block]
    status: {code: 204, message: No Content}
version: 1
